Archive member included to satisfy reference by file (symbol)

/Applications/SmartSnippetsStudio/GCC/7-2018-q2/bin/../lib/gcc/arm-none-eabi/7.3.1/thumb/v8-m.main/fpv5-sp/hard/libgcc.a(_aeabi_ldivmod.o)
                              ./sdk/peripherals/src/hw_gpadc.o (__aeabi_ldivmod)
/Applications/SmartSnippetsStudio/GCC/7-2018-q2/bin/../lib/gcc/arm-none-eabi/7.3.1/thumb/v8-m.main/fpv5-sp/hard/libgcc.a(_aeabi_uldivmod.o)
                              ./sdk/sys_man/sys_clock_mgr_da1469x.o (__aeabi_uldivmod)
/Applications/SmartSnippetsStudio/GCC/7-2018-q2/bin/../lib/gcc/arm-none-eabi/7.3.1/thumb/v8-m.main/fpv5-sp/hard/libgcc.a(_udivmoddi4.o)
                              /Applications/SmartSnippetsStudio/GCC/7-2018-q2/bin/../lib/gcc/arm-none-eabi/7.3.1/thumb/v8-m.main/fpv5-sp/hard/libgcc.a(_aeabi_ldivmod.o) (__udivmoddi4)
/Applications/SmartSnippetsStudio/GCC/7-2018-q2/bin/../lib/gcc/arm-none-eabi/7.3.1/thumb/v8-m.main/fpv5-sp/hard/libgcc.a(_dvmd_tls.o)
                              /Applications/SmartSnippetsStudio/GCC/7-2018-q2/bin/../lib/gcc/arm-none-eabi/7.3.1/thumb/v8-m.main/fpv5-sp/hard/libgcc.a(_aeabi_ldivmod.o) (__aeabi_ldiv0)
/Applications/SmartSnippetsStudio/GCC/7-2018-q2/bin/../lib/gcc/arm-none-eabi/7.3.1/../../../../arm-none-eabi/lib/thumb/v8-m.main/fpv5-sp/hard/libg_nano.a(lib_a-exit.o)
                              /Applications/SmartSnippetsStudio/GCC/7-2018-q2/bin/../lib/gcc/arm-none-eabi/7.3.1/../../../../arm-none-eabi/lib/thumb/v8-m.main/fpv5-sp/hard/crt0.o (exit)
/Applications/SmartSnippetsStudio/GCC/7-2018-q2/bin/../lib/gcc/arm-none-eabi/7.3.1/../../../../arm-none-eabi/lib/thumb/v8-m.main/fpv5-sp/hard/libg_nano.a(lib_a-impure.o)
                              /Applications/SmartSnippetsStudio/GCC/7-2018-q2/bin/../lib/gcc/arm-none-eabi/7.3.1/../../../../arm-none-eabi/lib/thumb/v8-m.main/fpv5-sp/hard/libg_nano.a(lib_a-exit.o) (_global_impure_ptr)
/Applications/SmartSnippetsStudio/GCC/7-2018-q2/bin/../lib/gcc/arm-none-eabi/7.3.1/../../../../arm-none-eabi/lib/thumb/v8-m.main/fpv5-sp/hard/libg_nano.a(lib_a-init.o)
                              /Applications/SmartSnippetsStudio/GCC/7-2018-q2/bin/../lib/gcc/arm-none-eabi/7.3.1/../../../../arm-none-eabi/lib/thumb/v8-m.main/fpv5-sp/hard/crt0.o (__libc_init_array)
/Applications/SmartSnippetsStudio/GCC/7-2018-q2/bin/../lib/gcc/arm-none-eabi/7.3.1/../../../../arm-none-eabi/lib/thumb/v8-m.main/fpv5-sp/hard/libg_nano.a(lib_a-memcpy-stub.o)
                              ./sdk/sys_man/sys_trng.o (memcpy)
/Applications/SmartSnippetsStudio/GCC/7-2018-q2/bin/../lib/gcc/arm-none-eabi/7.3.1/../../../../arm-none-eabi/lib/thumb/v8-m.main/fpv5-sp/hard/libg_nano.a(lib_a-memset.o)
                              /Applications/SmartSnippetsStudio/GCC/7-2018-q2/bin/../lib/gcc/arm-none-eabi/7.3.1/../../../../arm-none-eabi/lib/thumb/v8-m.main/fpv5-sp/hard/crt0.o (memset)
/Applications/SmartSnippetsStudio/GCC/7-2018-q2/bin/../lib/gcc/arm-none-eabi/7.3.1/../../../../arm-none-eabi/lib/thumb/v8-m.main/fpv5-sp/hard/libg_nano.a(lib_a-setvbuf.o)
                              ./startup/DA1469x/init_da1469x.o (setvbuf)
/Applications/SmartSnippetsStudio/GCC/7-2018-q2/bin/../lib/gcc/arm-none-eabi/7.3.1/../../../../arm-none-eabi/lib/thumb/v8-m.main/fpv5-sp/hard/libg_nano.a(lib_a-fflush.o)
                              /Applications/SmartSnippetsStudio/GCC/7-2018-q2/bin/../lib/gcc/arm-none-eabi/7.3.1/../../../../arm-none-eabi/lib/thumb/v8-m.main/fpv5-sp/hard/libg_nano.a(lib_a-setvbuf.o) (_fflush_r)
/Applications/SmartSnippetsStudio/GCC/7-2018-q2/bin/../lib/gcc/arm-none-eabi/7.3.1/../../../../arm-none-eabi/lib/thumb/v8-m.main/fpv5-sp/hard/libg_nano.a(lib_a-findfp.o)
                              /Applications/SmartSnippetsStudio/GCC/7-2018-q2/bin/../lib/gcc/arm-none-eabi/7.3.1/../../../../arm-none-eabi/lib/thumb/v8-m.main/fpv5-sp/hard/libg_nano.a(lib_a-setvbuf.o) (__sinit)
/Applications/SmartSnippetsStudio/GCC/7-2018-q2/bin/../lib/gcc/arm-none-eabi/7.3.1/../../../../arm-none-eabi/lib/thumb/v8-m.main/fpv5-sp/hard/libg_nano.a(lib_a-fwalk.o)
                              /Applications/SmartSnippetsStudio/GCC/7-2018-q2/bin/../lib/gcc/arm-none-eabi/7.3.1/../../../../arm-none-eabi/lib/thumb/v8-m.main/fpv5-sp/hard/libg_nano.a(lib_a-findfp.o) (_fwalk)
/Applications/SmartSnippetsStudio/GCC/7-2018-q2/bin/../lib/gcc/arm-none-eabi/7.3.1/../../../../arm-none-eabi/lib/thumb/v8-m.main/fpv5-sp/hard/libg_nano.a(lib_a-makebuf.o)
                              /Applications/SmartSnippetsStudio/GCC/7-2018-q2/bin/../lib/gcc/arm-none-eabi/7.3.1/../../../../arm-none-eabi/lib/thumb/v8-m.main/fpv5-sp/hard/libg_nano.a(lib_a-setvbuf.o) (__swhatbuf_r)
/Applications/SmartSnippetsStudio/GCC/7-2018-q2/bin/../lib/gcc/arm-none-eabi/7.3.1/../../../../arm-none-eabi/lib/thumb/v8-m.main/fpv5-sp/hard/libg_nano.a(lib_a-malloc.o)
[...]
Memory Configuration

Name             Origin             Length             Attributes
RAM              0x0000000000000000 0x0000000000080000 xr
*default*        0x0000000000000000 0xffffffffffffffff

Linker script and memory map

LOAD /Applications/SmartSnippetsStudio/GCC/7-2018-q2/bin/../lib/gcc/arm-none-eabi/7.3.1/thumb/v8-m.main/fpv5-sp/hard/crti.o
LOAD /Applications/SmartSnippetsStudio/GCC/7-2018-q2/bin/../lib/gcc/arm-none-eabi/7.3.1/thumb/v8-m.main/fpv5-sp/hard/crtbegin.o
LOAD /Applications/SmartSnippetsStudio/GCC/7-2018-q2/bin/../lib/gcc/arm-none-eabi/7.3.1/../../../../arm-none-eabi/lib/thumb/v8-m.main/fpv5-sp/hard/crt0.o
LOAD ./startup/DA1469x/GCC/deepsleep.o
LOAD ./startup/DA1469x/GCC/exception_handlers.o
LOAD ./startup/DA1469x/GCC/startup_da1469x.o
LOAD ./startup/DA1469x/GCC/vector_table_da1469x.o
LOAD ./startup/DA1469x/init_da1469x.o
LOAD ./startup/DA1469x/system_da1469x.o
LOAD ./startup/config.o
LOAD ./sdk/util/src/sdk_crc16.o
LOAD ./sdk/util/src/sdk_list.o
LOAD ./sdk/util/src/sdk_queue.o
LOAD ./sdk/sys_man/sys_adc.o
LOAD ./sdk/sys_man/sys_audio_mgr.o
LOAD ./sdk/sys_man/sys_bsr.o
LOAD ./sdk/sys_man/sys_charger_da1469x.o
LOAD ./sdk/sys_man/sys_clock_mgr_da1469x.o
LOAD ./sdk/sys_man/sys_power_mgr_da1469x.o
LOAD ./sdk/sys_man/sys_rcx_calibrate.o
LOAD ./sdk/sys_man/sys_tcs_da1469x.o
LOAD ./sdk/sys_man/sys_timer.o
LOAD ./sdk/sys_man/sys_trng.o
LOAD ./sdk/sys_man/sys_usb_da1469x.o
LOAD ./sdk/sys_man/sys_watchdog.o
LOAD ./sdk/peripherals/src/hw_aes_hash.o
LOAD ./sdk/peripherals/src/hw_apu_src.o
LOAD ./sdk/peripherals/src/hw_bod_da1469x.o
LOAD ./sdk/peripherals/src/hw_cache.o
LOAD ./sdk/peripherals/src/hw_charger_da1469x.o
LOAD ./sdk/peripherals/src/hw_clk_da1469x.o
LOAD ./sdk/peripherals/src/hw_cpm_da1469x.o
LOAD ./sdk/peripherals/src/hw_crypto.o
LOAD ./sdk/peripherals/src/hw_dma.o
LOAD ./sdk/peripherals/src/hw_gpadc.o
LOAD ./sdk/peripherals/src/hw_gpio.o
LOAD ./sdk/peripherals/src/hw_haptic.o
LOAD ./sdk/peripherals/src/hw_hard_fault.o
LOAD ./sdk/peripherals/src/hw_i2c.o
LOAD ./sdk/peripherals/src/hw_iso7816.o
LOAD ./sdk/peripherals/src/hw_lcdc.o
LOAD ./sdk/peripherals/src/hw_memctrl.o
LOAD ./sdk/peripherals/src/hw_otpc_da1469x.o
LOAD ./sdk/peripherals/src/hw_pcm.o
LOAD ./sdk/peripherals/src/hw_pdc.o
LOAD ./sdk/peripherals/src/hw_pdm.o
LOAD ./sdk/peripherals/src/hw_pmu_da1469x.o
LOAD ./sdk/peripherals/src/hw_qspi.o
LOAD ./sdk/peripherals/src/hw_rtc.o
LOAD ./sdk/peripherals/src/hw_sdadc.o
LOAD ./sdk/peripherals/src/hw_smotor.o
LOAD ./sdk/peripherals/src/hw_snc.o
LOAD ./sdk/peripherals/src/hw_spi.o
LOAD ./sdk/peripherals/src/hw_sys_da1469x.o
LOAD ./sdk/peripherals/src/hw_timer.o
LOAD ./sdk/peripherals/src/hw_trng.o
LOAD ./sdk/peripherals/src/hw_uart.o
LOAD ./sdk/peripherals/src/hw_usb_da1469x.o
LOAD ./sdk/peripherals/src/hw_watchdog.o
LOAD ./sdk/peripherals/src/hw_wkup_da1469x.o
LOAD ./sdk/osal/msg_queues.o
LOAD ./sdk/osal/resmgmt.o
LOAD ./sdk/osal/usb_osal_wrapper.o
LOAD ./sdk/memory/src/qspi_automode.o
LOAD ./sdk/adapters/src/ad_crypto.o
LOAD ./sdk/adapters/src/ad_flash.o
LOAD ./sdk/adapters/src/ad_gpadc.o
LOAD ./sdk/adapters/src/ad_haptic.o
LOAD ./sdk/adapters/src/ad_i2c.o
LOAD ./sdk/adapters/src/ad_iso7816.o
LOAD ./sdk/adapters/src/ad_keyboard_scanner.o
LOAD ./sdk/adapters/src/ad_lcdc.o
LOAD ./sdk/adapters/src/ad_nvms.o
LOAD ./sdk/adapters/src/ad_nvms_direct.o
LOAD ./sdk/adapters/src/ad_nvms_ves.o
LOAD ./sdk/adapters/src/ad_nvparam.o
LOAD ./sdk/adapters/src/ad_pmu.o
LOAD ./sdk/adapters/src/ad_sdadc.o
LOAD ./sdk/adapters/src/ad_snc.o
LOAD ./sdk/adapters/src/ad_spi.o
LOAD ./sdk/adapters/src/ad_template.o
LOAD ./sdk/adapters/src/ad_uart.o
LOAD ./sdk/adapters/src/sys_platform_devices_internal.o
LOAD ./sdk/FreeRTOS/portable/MemMang/heap_4.o
LOAD ./sdk/FreeRTOS/portable/GCC/DA1469x/port.o
LOAD ./sdk/FreeRTOS/portable/Common/mpu_wrappers.o
LOAD ./sdk/FreeRTOS/croutine.o
LOAD ./sdk/FreeRTOS/event_groups.o
LOAD ./sdk/FreeRTOS/list.o
LOAD ./sdk/FreeRTOS/queue.o
LOAD ./sdk/FreeRTOS/stream_buffer.o
LOAD ./sdk/FreeRTOS/tasks.o
LOAD ./sdk/FreeRTOS/timers.o
LOAD ./main.o
START GROUP
LOAD /Applications/SmartSnippetsStudio/GCC/7-2018-q2/bin/../lib/gcc/arm-none-eabi/7.3.1/thumb/v8-m.main/fpv5-sp/hard/libgcc.a
LOAD /Applications/SmartSnippetsStudio/GCC/7-2018-q2/bin/../lib/gcc/arm-none-eabi/7.3.1/../../../../arm-none-eabi/lib/thumb/v8-m.main/fpv5-sp/hard/libg_nano.a
LOAD /Applications/SmartSnippetsStudio/GCC/7-2018-q2/bin/../lib/gcc/arm-none-eabi/7.3.1/../../../../arm-none-eabi/lib/thumb/v8-m.main/fpv5-sp/hard/libc_nano.a
END GROUP
START GROUP
LOAD /Applications/SmartSnippetsStudio/GCC/7-2018-q2/bin/../lib/gcc/arm-none-eabi/7.3.1/thumb/v8-m.main/fpv5-sp/hard/libgcc.a
LOAD /Applications/SmartSnippetsStudio/GCC/7-2018-q2/bin/../lib/gcc/arm-none-eabi/7.3.1/../../../../arm-none-eabi/lib/thumb/v8-m.main/fpv5-sp/hard/libc_nano.a
LOAD /Applications/SmartSnippetsStudio/GCC/7-2018-q2/bin/../lib/gcc/arm-none-eabi/7.3.1/../../../../arm-none-eabi/lib/thumb/v8-m.main/fpv5-sp/hard/libnosys.a
END GROUP
START GROUP
LOAD /Applications/SmartSnippetsStudio/GCC/7-2018-q2/bin/../lib/gcc/arm-none-eabi/7.3.1/thumb/v8-m.main/fpv5-sp/hard/libgcc.a
LOAD /Applications/SmartSnippetsStudio/GCC/7-2018-q2/bin/../lib/gcc/arm-none-eabi/7.3.1/../../../../arm-none-eabi/lib/thumb/v8-m.main/fpv5-sp/hard/libc_nano.a
LOAD /Applications/SmartSnippetsStudio/GCC/7-2018-q2/bin/../lib/gcc/arm-none-eabi/7.3.1/../../../../arm-none-eabi/lib/thumb/v8-m.main/fpv5-sp/hard/libnosys.a
END GROUP
LOAD /Applications/SmartSnippetsStudio/GCC/7-2018-q2/bin/../lib/gcc/arm-none-eabi/7.3.1/thumb/v8-m.main/fpv5-sp/hard/crtend.o
LOAD /Applications/SmartSnippetsStudio/GCC/7-2018-q2/bin/../lib/gcc/arm-none-eabi/7.3.1/thumb/v8-m.main/fpv5-sp/hard/crtn.o
START GROUP
LOAD /Applications/SmartSnippetsStudio/GCC/7-2018-q2/bin/../lib/gcc/arm-none-eabi/7.3.1/thumb/v8-m.main/fpv5-sp/hard/libgcc.a
LOAD /Applications/SmartSnippetsStudio/GCC/7-2018-q2/bin/../lib/gcc/arm-none-eabi/7.3.1/../../../../arm-none-eabi/lib/thumb/v8-m.main/fpv5-sp/hard/libc.a
LOAD /Applications/SmartSnippetsStudio/GCC/7-2018-q2/bin/../lib/gcc/arm-none-eabi/7.3.1/../../../../arm-none-eabi/lib/thumb/v8-m.main/fpv5-sp/hard/libm.a
LOAD /Applications/SmartSnippetsStudio/GCC/7-2018-q2/bin/../lib/gcc/arm-none-eabi/7.3.1/../../../../arm-none-eabi/lib/thumb/v8-m.main/fpv5-sp/hard/libnosys.a
END GROUP

.init_text      0x0000000000000000      0x55c
 *(.isr_vector)
 .isr_vector    0x0000000000000000       0xe0 ./startup/DA1469x/GCC/vector_table_da1469x.o
                0x0000000000000000                __isr_vector
                0x00000000000000e0                __isr_vector_end
                0x0000000000000200                . = 0x200
 *fill*         0x00000000000000e0      0x120 
                0x0000000000000200                __Vectors_End = .
                0x0000000000000200                __Vectors_Size = (__Vectors_End - __isr_vector)
 *(text_reset*)
 text_reset     0x0000000000000200      0x198 ./startup/DA1469x/GCC/exception_handlers.o
                0x0000000000000200                Reset_Handler
                0x00000000000002f8                NMI_Handler
                0x0000000000000310                HardFault_Handler
 text_reset     0x0000000000000398        0x0 ./startup/DA1469x/GCC/startup_da1469x.o
 text_reset     0x0000000000000398      0x1c4 ./startup/DA1469x/init_da1469x.o
                0x0000000000000398                SystemInitPre

.text           0x0000000000000560     0xb670
 *(EXCLUDE_FILE(*libgcc.a:_clzsi2.o *libgcc.a:_clzdi2.o *libgcc.a:_udivdi3.o *libgcc.a:bpabi.o *libgcc.a:_dvmd_tls.o *libgcc.a:_muldi3.o *libgcc.a:_aeabi_uldivmod.o *libnosys.a:sbrk.o) .text*)
 .text          0x0000000000000560       0x40 /Applications/SmartSnippetsStudio/GCC/7-2018-q2/bin/../lib/gcc/arm-none-eabi/7.3.1/thumb/v8-m.main/fpv5-sp/hard/crtbegin.o
 .text          0x00000000000005a0       0x74 /Applications/SmartSnippetsStudio/GCC/7-2018-q2/bin/../lib/gcc/arm-none-eabi/7.3.1/../../../../arm-none-eabi/lib/thumb/v8-m.main/fpv5-sp/hard/crt0.o
                0x00000000000005a0                _mainCRTStartup
                0x00000000000005a0                _start
 .text          0x0000000000000614      0x148 ./startup/DA1469x/GCC/deepsleep.o
                0x0000000000000614                goto_deepsleep
                0x00000000000006c8                wakeup_from_deepsleep
 .text          0x000000000000075c       0x1c ./startup/DA1469x/GCC/exception_handlers.o
                0x000000000000075c                Wakeup_Reset_Handler
 .text          0x0000000000000778       0x14 ./startup/DA1469x/GCC/startup_da1469x.o
                0x0000000000000778                Charger_Error_Handler
                0x0000000000000778                SPI_Handler
                0x0000000000000778                SysTick_Handler
                0x0000000000000778                RESERVED46_Handler
                0x0000000000000778                DCDC_Handler
                0x0000000000000778                LCD_Controller_Handler
                0x0000000000000778                CMAC2SYS_Handler
                0x0000000000000778                PDC_Handler
                0x0000000000000778                RESERVED45_Handler
                0x0000000000000778                SRC_Out_Handler
                0x0000000000000778                RESERVED42_Handler
                0x0000000000000778                RTC_Event_Handler
                0x0000000000000778                Sensor_Node_Handler
                0x0000000000000778                SRC_In_Handler
                0x0000000000000778                Charger_State_Handler
                0x0000000000000778                Crypto_Handler
                0x0000000000000778                LRA_Handler
                0x0000000000000778                PCM_Handler
                0x0000000000000778                I2C_Handler
                0x0000000000000778                SecureFault_Handler
                0x0000000000000778                RFDIAG_Handler
                0x0000000000000778                Default_Handler
                0x0000000000000778                Motor_Controller_Handler
                0x0000000000000778                RESERVED40_Handler
                0x0000000000000778                SPI2_Handler
                0x0000000000000778                I2C2_Handler
                0x0000000000000778                RESERVED41_Handler
                0x0000000000000778                RESERVED44_Handler
                0x0000000000000778                RESERVED47_Handler
                0x0000000000000778                RESERVED43_Handler
 .text.is_compatible_chip_version
                0x000000000000078c       0x20 ./startup/DA1469x/init_da1469x.o
 .text.configure_pdc
                0x00000000000007ac       0xc8 ./startup/DA1469x/init_da1469x.o
 .text._sbrk    0x0000000000000874       0x34 ./startup/DA1469x/init_da1469x.o
                0x0000000000000874                _sbrk
 .text.set_interrupt_priorities
                0x00000000000008a8       0x94 ./startup/DA1469x/init_da1469x.o
                0x00000000000008a8                set_interrupt_priorities
 .text.configure_rtc
                0x000000000000093c       0x3c ./startup/DA1469x/init_da1469x.o
                0x000000000000093c                configure_rtc
 .text.da1469x_SystemInit
                0x0000000000000978      0x214 ./startup/DA1469x/init_da1469x.o
                0x0000000000000978                da1469x_SystemInit
 .text.black_orca_phy_addr
                0x0000000000000b8c       0xb0 ./startup/DA1469x/init_da1469x.o
                0x0000000000000b8c                black_orca_phy_addr
 .text.SystemInit
                0x0000000000000c3c       0x18 ./startup/DA1469x/system_da1469x.o
                0x0000000000000c3c                SystemInit
 .text.retarget_reinit
                0x0000000000000c54       0x30 ./startup/config.o
 .text.retarget_init
                0x0000000000000c84        0x2 ./startup/config.o
                0x0000000000000c84                retarget_init
 *fill*         0x0000000000000c86        0x2 
 .text._write   0x0000000000000c88       0x80 ./startup/config.o
                0x0000000000000c88                _write
 .text._read    0x0000000000000d08       0x90 ./startup/config.o
                0x0000000000000d08                _read
 .text.sys_sw_bsr_init
                0x0000000000000d98       0x14 ./sdk/sys_man/sys_bsr.o
                0x0000000000000d98                sys_sw_bsr_init
 .text.get_clk_freq
                0x0000000000000dac       0x10 ./sdk/sys_man/sys_clock_mgr_da1469x.o
 .text.apb_set_clock_divider
                0x0000000000000dbc       0x90 ./sdk/sys_man/sys_clock_mgr_da1469x.o
 .text.hw_clk_set_sysclk
                0x0000000000000e4c      0x15c ./sdk/sys_man/sys_clock_mgr_da1469x.o
 .text.get_pdc_xtal32m_entry
                0x0000000000000fa8       0x34 ./sdk/sys_man/sys_clock_mgr_da1469x.o
 .text.hw_clk_disable_sysclk
                0x0000000000000fdc       0x90 ./sdk/sys_man/sys_clock_mgr_da1469x.o
 .text.adjust_otp_access_timings
                0x000000000000106c       0x30 ./sdk/sys_man/sys_clock_mgr_da1469x.o
 .text.switch_to_xtal32m
                0x000000000000109c       0x90 ./sdk/sys_man/sys_clock_mgr_da1469x.o
 .text.switch_to_pll
                0x000000000000112c       0x78 ./sdk/sys_man/sys_clock_mgr_da1469x.o
 .text.ahb_set_clock_divider
                0x00000000000011a4      0x180 ./sdk/sys_man/sys_clock_mgr_da1469x.o
 .text.xtal32m_is_ready
                0x0000000000001324       0x3c ./sdk/sys_man/sys_clock_mgr_da1469x.o
 .text.pll_is_locked
                0x0000000000001360       0x20 ./sdk/sys_man/sys_clock_mgr_da1469x.o
 .text.lp_clk_timer_start
                0x0000000000001380       0x40 ./sdk/sys_man/sys_clock_mgr_da1469x.o
 .text.switch_to_rc32
                0x00000000000013c0       0x34 ./sdk/sys_man/sys_clock_mgr_da1469x.o
 .text.vLPTimerCallback
                0x00000000000013f4       0xd8 ./sdk/sys_man/sys_clock_mgr_da1469x.o
 .text.enable_pll
                0x00000000000014cc       0xc4 ./sdk/sys_man/sys_clock_mgr_da1469x.o
 .text.disable_pll
                0x0000000000001590       0x78 ./sdk/sys_man/sys_clock_mgr_da1469x.o
 .text.apply_lowered_clocks
                0x0000000000001608      0x1c0 ./sdk/sys_man/sys_clock_mgr_da1469x.o
 .text.cm_get_xtalm_settling_lpcycles
                0x00000000000017c8       0x38 ./sdk/sys_man/sys_clock_mgr_da1469x.o
                0x00000000000017c8                cm_get_xtalm_settling_lpcycles
 .text.cm_enable_xtalm
                0x0000000000001800      0x118 ./sdk/sys_man/sys_clock_mgr_da1469x.o
                0x0000000000001800                cm_enable_xtalm
 .text.cm_enable_xtalm_if_required
                0x0000000000001918       0x14 ./sdk/sys_man/sys_clock_mgr_da1469x.o
                0x0000000000001918                cm_enable_xtalm_if_required
 .text.cm_clk_init_low_level_internal
                0x000000000000192c       0xe0 ./sdk/sys_man/sys_clock_mgr_da1469x.o
                0x000000000000192c                cm_clk_init_low_level_internal
 .text.cm_apb_set_clock_divider
                0x0000000000001a0c       0x40 ./sdk/sys_man/sys_clock_mgr_da1469x.o
                0x0000000000001a0c                cm_apb_set_clock_divider
 .text.cm_ahb_set_clock_divider
                0x0000000000001a4c       0x44 ./sdk/sys_man/sys_clock_mgr_da1469x.o
                0x0000000000001a4c                cm_ahb_set_clock_divider
 .text.cm_sys_clk_get_fromISR
                0x0000000000001a90       0x60 ./sdk/sys_man/sys_clock_mgr_da1469x.o
                0x0000000000001a90                cm_sys_clk_get_fromISR
 .text.cm_apb_get_clock_divider
                0x0000000000001af0       0x44 ./sdk/sys_man/sys_clock_mgr_da1469x.o
                0x0000000000001af0                cm_apb_get_clock_divider
 .text.cm_ahb_get_clock_divider
                0x0000000000001b34       0x98 ./sdk/sys_man/sys_clock_mgr_da1469x.o
                0x0000000000001b34                cm_ahb_get_clock_divider
 .text.cm_cpu_clk_get_fromISR
                0x0000000000001bcc       0x18 ./sdk/sys_man/sys_clock_mgr_da1469x.o
                0x0000000000001bcc                cm_cpu_clk_get_fromISR
 .text.PLL_Lock_Handler
                0x0000000000001be4       0x70 ./sdk/sys_man/sys_clock_mgr_da1469x.o
                0x0000000000001be4                PLL_Lock_Handler
 .text.cm_lp_clk_init
                0x0000000000001c54       0x7c ./sdk/sys_man/sys_clock_mgr_da1469x.o
                0x0000000000001c54                cm_lp_clk_init
 .text.cm_lp_clk_is_avail
                0x0000000000001cd0       0x2c ./sdk/sys_man/sys_clock_mgr_da1469x.o
                0x0000000000001cd0                cm_lp_clk_is_avail
 .text.cm_lower_all_clocks
                0x0000000000001cfc       0x44 ./sdk/sys_man/sys_clock_mgr_da1469x.o
                0x0000000000001cfc                cm_lower_all_clocks
 .text.cm_restore_all_clocks
                0x0000000000001d40       0xe4 ./sdk/sys_man/sys_clock_mgr_da1469x.o
                0x0000000000001d40                cm_restore_all_clocks
 .text.cm_poll_xtalm_ready
                0x0000000000001e24        0xc ./sdk/sys_man/sys_clock_mgr_da1469x.o
                0x0000000000001e24                cm_poll_xtalm_ready
 .text.cm_sys_clk_init
                0x0000000000001e30      0x1bc ./sdk/sys_man/sys_clock_mgr_da1469x.o
                0x0000000000001e30                cm_sys_clk_init
 .text.cm_halt_until_xtalm_ready
                0x0000000000001fec      0x12c ./sdk/sys_man/sys_clock_mgr_da1469x.o
                0x0000000000001fec                cm_halt_until_xtalm_ready
 .text.switch_to_xtal_safe
                0x0000000000002118       0x34 ./sdk/sys_man/sys_clock_mgr_da1469x.o
 .text.cm_register_xtal_ready_callback
                0x000000000000214c        0xc ./sdk/sys_man/sys_clock_mgr_da1469x.o
                0x000000000000214c                cm_register_xtal_ready_callback
 .text.cm_halt_until_pll_locked
                0x0000000000002158      0x134 ./sdk/sys_man/sys_clock_mgr_da1469x.o
                0x0000000000002158                cm_halt_until_pll_locked
 .text.cm_halt_until_sysclk_ready
                0x000000000000228c       0x24 ./sdk/sys_man/sys_clock_mgr_da1469x.o
                0x000000000000228c                cm_halt_until_sysclk_ready
 .text.cm_sys_clk_sleep
                0x00000000000022b0      0x26c ./sdk/sys_man/sys_clock_mgr_da1469x.o
                0x00000000000022b0                cm_sys_clk_sleep
 .text.XTAL32M_Ready_Handler
                0x000000000000251c       0xa0 ./sdk/sys_man/sys_clock_mgr_da1469x.o
                0x000000000000251c                XTAL32M_Ready_Handler
 .text.cm_sys_clk_wakeup
                0x00000000000025bc       0x70 ./sdk/sys_man/sys_clock_mgr_da1469x.o
                0x00000000000025bc                cm_sys_clk_wakeup
 .text.cm_switch_to_xtalm_if_settled
                0x000000000000262c       0x24 ./sdk/sys_man/sys_clock_mgr_da1469x.o
                0x000000000000262c                cm_switch_to_xtalm_if_settled
 .text.init_component
                0x0000000000002650       0x4c ./sdk/sys_man/sys_power_mgr_da1469x.o
 .text.xtalm_ready_cb
                0x000000000000269c       0x3c ./sdk/sys_man/sys_power_mgr_da1469x.o
 .text.pm_sleep_mode_update
                0x00000000000026d8       0x54 ./sdk/sys_man/sys_power_mgr_da1469x.o
 .text.init_components
                0x000000000000272c       0x36 ./sdk/sys_man/sys_power_mgr_da1469x.o
 *fill*         0x0000000000002762        0x2 
 .text.init_adapters
                0x0000000000002764       0x30 ./sdk/sys_man/sys_power_mgr_da1469x.o
 .text.init_buses
                0x0000000000002794       0x18 ./sdk/sys_man/sys_power_mgr_da1469x.o
 .text.init_devices
                0x00000000000027ac       0x18 ./sdk/sys_man/sys_power_mgr_da1469x.o
 .text.jtag_wkup_check
                0x00000000000027c4       0x90 ./sdk/sys_man/sys_power_mgr_da1469x.o
 .text.execute_active_wfi
                0x0000000000002854       0x2c ./sdk/sys_man/sys_power_mgr_da1469x.o
 .text.sys_init_wake_up
                0x0000000000002880       0xb8 ./sdk/sys_man/sys_power_mgr_da1469x.o
 .text.sleep_exit
                0x0000000000002938       0x3c ./sdk/sys_man/sys_power_mgr_da1469x.o
 .text.system_wake_up
                0x0000000000002974       0x84 ./sdk/sys_man/sys_power_mgr_da1469x.o
 .text.reset_pdc_lut_entries
                0x00000000000029f8       0x3c ./sdk/sys_man/sys_power_mgr_da1469x.o
 .text.pm_system_init
                0x0000000000002a34       0xbc ./sdk/sys_man/sys_power_mgr_da1469x.o
                0x0000000000002a34                pm_system_init
 .text.pm_sleep_mode_set
                0x0000000000002af0       0x40 ./sdk/sys_man/sys_power_mgr_da1469x.o
                0x0000000000002af0                pm_sleep_mode_set
 .text.pm_register_adapter
                0x0000000000002b30       0x7c ./sdk/sys_man/sys_power_mgr_da1469x.o
                0x0000000000002b30                pm_register_adapter
 .text.pm_execute_wfi
                0x0000000000002bac       0x38 ./sdk/sys_man/sys_power_mgr_da1469x.o
                0x0000000000002bac                pm_execute_wfi
 .text.pm_get_system_sleep_state
                0x0000000000002be4        0xc ./sdk/sys_man/sys_power_mgr_da1469x.o
                0x0000000000002be4                pm_get_system_sleep_state
 .text.pm_set_sys_wakeup_mode
                0x0000000000002bf0       0xb8 ./sdk/sys_man/sys_power_mgr_da1469x.o
                0x0000000000002bf0                pm_set_sys_wakeup_mode
 .text.pm_get_sys_wakeup_mode
                0x0000000000002ca8       0x20 ./sdk/sys_man/sys_power_mgr_da1469x.o
                0x0000000000002ca8                pm_get_sys_wakeup_mode
 .text.pm_get_sys_wakeup_cycles
                0x0000000000002cc8       0x68 ./sdk/sys_man/sys_power_mgr_da1469x.o
                0x0000000000002cc8                pm_get_sys_wakeup_cycles
 .text.pm_prepare_sleep
                0x0000000000002d30      0x2e8 ./sdk/sys_man/sys_power_mgr_da1469x.o
                0x0000000000002d30                pm_prepare_sleep
 .text.pm_resume_from_sleep
                0x0000000000003018       0x18 ./sdk/sys_man/sys_power_mgr_da1469x.o
                0x0000000000003018                pm_resume_from_sleep
 .text.apply_wfi
                0x0000000000003030      0x1cc ./sdk/sys_man/sys_power_mgr_da1469x.o
 .text.pm_sleep_enter
                0x00000000000031fc      0x244 ./sdk/sys_man/sys_power_mgr_da1469x.o
                0x00000000000031fc                pm_sleep_enter
 .text.fetch_tcs_entry
                0x0000000000003440       0x20 ./sdk/sys_man/sys_tcs_da1469x.o
 .text.sys_tcs_get_size
                0x0000000000003460       0x28 ./sdk/sys_man/sys_tcs_da1469x.o
                0x0000000000003460                sys_tcs_get_size
 .text.sys_tcs_get_value_type
                0x0000000000003488       0x24 ./sdk/sys_man/sys_tcs_da1469x.o
                0x0000000000003488                sys_tcs_get_value_type
 .text.get_size_of_cs
                0x00000000000034ac      0x128 ./sdk/sys_man/sys_tcs_da1469x.o
 .text.store_tcs
                0x00000000000035d4       0x94 ./sdk/sys_man/sys_tcs_da1469x.o
 .text.store_cs_attributes
                0x0000000000003668       0x54 ./sdk/sys_man/sys_tcs_da1469x.o
 .text.sys_tcs_get_trim_values_from_cs
                0x00000000000036bc      0x128 ./sdk/sys_man/sys_tcs_da1469x.o
                0x00000000000036bc                sys_tcs_get_trim_values_from_cs
 .text.sys_tcs_get_custom_values
                0x00000000000037e4       0x70 ./sdk/sys_man/sys_tcs_da1469x.o
                0x00000000000037e4                sys_tcs_get_custom_values
 .text.sys_tcs_apply_custom_values
                0x0000000000003854       0x30 ./sdk/sys_man/sys_tcs_da1469x.o
                0x0000000000003854                sys_tcs_apply_custom_values
 .text.sys_tcs_get_reg_pairs
                0x0000000000003884       0x60 ./sdk/sys_man/sys_tcs_da1469x.o
                0x0000000000003884                sys_tcs_get_reg_pairs
 .text.sys_tcs_apply_reg_pairs
                0x00000000000038e4       0x64 ./sdk/sys_man/sys_tcs_da1469x.o
                0x00000000000038e4                sys_tcs_apply_reg_pairs
 .text.sys_tcs_custom_values_system_cb
                0x0000000000003948       0x6c ./sdk/sys_man/sys_tcs_da1469x.o
                0x0000000000003948                sys_tcs_custom_values_system_cb
 .text.sys_tcs_reg_pairs_in_cs
                0x00000000000039b4       0x78 ./sdk/sys_man/sys_tcs_da1469x.o
                0x00000000000039b4                sys_tcs_reg_pairs_in_cs
 .text.update_timestamp_values
                0x0000000000003a2c       0x34 ./sdk/sys_man/sys_timer.o
 .text.sys_timer_advance_time_compute
                0x0000000000003a60       0xa0 ./sdk/sys_man/sys_timer.o
 .text.sys_timer_start
                0x0000000000003b00       0x4c ./sdk/sys_man/sys_timer.o
                0x0000000000003b00                sys_timer_start
 .text.sys_timer_stop
                0x0000000000003b4c       0x18 ./sdk/sys_man/sys_timer.o
                0x0000000000003b4c                sys_timer_stop
 .text.sys_timer_set_trigger
                0x0000000000003b64       0x44 ./sdk/sys_man/sys_timer.o
                0x0000000000003b64                sys_timer_set_trigger
 .text.sys_timer_advance_time_apply
                0x0000000000003ba8       0x3c ./sdk/sys_man/sys_timer.o
 .text.sys_timer_update_slept_time
                0x0000000000003be4       0x26 ./sdk/sys_man/sys_timer.o
                0x0000000000003be4                sys_timer_update_slept_time
 .text.sys_timer_advance_time
                0x0000000000003c0a       0x18 ./sdk/sys_man/sys_timer.o
 .text.OS_TICK_Handler
                0x0000000000003c22       0x3e ./sdk/sys_man/sys_timer.o
                0x0000000000003c22                OS_TICK_Handler
 .text.sys_timer_get_tick_offset
                0x0000000000003c60       0x20 ./sdk/sys_man/sys_timer.o
                0x0000000000003c60                sys_timer_get_tick_offset
 .text.sys_timer_get_uptime_ticks
                0x0000000000003c80       0x1c ./sdk/sys_man/sys_timer.o
                0x0000000000003c80                sys_timer_get_uptime_ticks
 .text.sys_timer_get_uptime_ticks_fromISR
                0x0000000000003c9c       0x34 ./sdk/sys_man/sys_timer.o
                0x0000000000003c9c                sys_timer_get_uptime_ticks_fromISR
 .text.sys_timer_get_timestamp_fromCPM
                0x0000000000003cd0       0x18 ./sdk/sys_man/sys_timer.o
                0x0000000000003cd0                sys_timer_get_timestamp_fromCPM
 .text.sys_trng_producing_numbers
                0x0000000000003ce8       0x10 ./sdk/sys_man/sys_trng.o
                0x0000000000003ce8                sys_trng_producing_numbers
 .text.sys_watchdog_set_pos_val
                0x0000000000003cf8       0x58 ./sdk/sys_man/sys_watchdog.o
                0x0000000000003cf8                sys_watchdog_set_pos_val
 .text.sys_watchdog_get_val
                0x0000000000003d50       0x2c ./sdk/sys_man/sys_watchdog.o
                0x0000000000003d50                sys_watchdog_get_val
 .text.hw_bod_activate_on_wup
                0x0000000000003d7c       0x72 ./sdk/peripherals/src/hw_bod_da1469x.o
 .text.hw_bod_configure
                0x0000000000003dee       0x1c ./sdk/peripherals/src/hw_bod_da1469x.o
                0x0000000000003dee                hw_bod_configure
 *fill*         0x0000000000003e0a        0x2 
 .text.MRM_Handler
                0x0000000000003e0c       0x10 ./sdk/peripherals/src/hw_cache.o
                0x0000000000003e0c                MRM_Handler
 .text.hw_clk_delay_usec
                0x0000000000003e1c       0x90 ./sdk/peripherals/src/hw_clk_da1469x.o
                0x0000000000003e1c                hw_clk_delay_usec
 .text.hw_clk_xtalm_update_rdy_cnt
                0x0000000000003eac       0x34 ./sdk/peripherals/src/hw_clk_da1469x.o
                0x0000000000003eac                hw_clk_xtalm_update_rdy_cnt
 .text.hw_clk_xtalm_compensate_amp
                0x0000000000003ee0        0x2 ./sdk/peripherals/src/hw_clk_da1469x.o
                0x0000000000003ee0                hw_clk_xtalm_compensate_amp
 *fill*         0x0000000000003ee2        0x2 
 .text.hw_clk_xtalm_configure
                0x0000000000003ee4       0x38 ./sdk/peripherals/src/hw_clk_da1469x.o
                0x0000000000003ee4                hw_clk_xtalm_configure
 .text.hw_cpm_reboot_system
                0x0000000000003f1c       0x50 ./sdk/peripherals/src/hw_cpm_da1469x.o
                0x0000000000003f1c                hw_cpm_reboot_system
 .text.hw_dma_channel_initialization
                0x0000000000003f6c      0x2c8 ./sdk/peripherals/src/hw_dma.o
                0x0000000000003f6c                hw_dma_channel_initialization
 .text.hw_dma_channel_enable
                0x0000000000004234       0x88 ./sdk/peripherals/src/hw_dma.o
                0x0000000000004234                hw_dma_channel_enable
 .text.hw_dma_channel_active
                0x00000000000042bc       0x50 ./sdk/peripherals/src/hw_dma.o
                0x00000000000042bc                hw_dma_channel_active
 .text.DMA_Handler
                0x000000000000430c       0xb0 ./sdk/peripherals/src/hw_dma.o
                0x000000000000430c                DMA_Handler
 .text.hw_gpadc_reset
                0x00000000000043bc       0x40 ./sdk/peripherals/src/hw_gpadc.o
                0x00000000000043bc                hw_gpadc_reset
 .text.hw_gpadc_configure
                0x00000000000043fc      0x140 ./sdk/peripherals/src/hw_gpadc.o
                0x00000000000043fc                hw_gpadc_configure
 .text.hw_gpadc_init
                0x000000000000453c       0x5c ./sdk/peripherals/src/hw_gpadc.o
                0x000000000000453c                hw_gpadc_init
 .text.hw_gpadc_adc_measure
                0x0000000000004598       0x20 ./sdk/peripherals/src/hw_gpadc.o
                0x0000000000004598                hw_gpadc_adc_measure
 .text.ADC_Handler
                0x00000000000045b8       0x1c ./sdk/peripherals/src/hw_gpadc.o
                0x00000000000045b8                ADC_Handler
 .text.hw_gpadc_store_se_gain_error
                0x00000000000045d4        0xc ./sdk/peripherals/src/hw_gpadc.o
                0x00000000000045d4                hw_gpadc_store_se_gain_error
 .text.hw_gpadc_store_diff_gain_error
                0x00000000000045e0        0xc ./sdk/peripherals/src/hw_gpadc.o
                0x00000000000045e0                hw_gpadc_store_diff_gain_error
 .text.hw_gpadc_store_se_offset_error
                0x00000000000045ec        0xc ./sdk/peripherals/src/hw_gpadc.o
                0x00000000000045ec                hw_gpadc_store_se_offset_error
 .text.hw_gpadc_store_diff_offset_error
                0x00000000000045f8        0xc ./sdk/peripherals/src/hw_gpadc.o
                0x00000000000045f8                hw_gpadc_store_diff_offset_error
 .text.hw_gpio_set_pin_function
                0x0000000000004604       0x14 ./sdk/peripherals/src/hw_gpio.o
                0x0000000000004604                hw_gpio_set_pin_function
 .text.HardFault_HandlerC
                0x0000000000004618       0xb8 ./sdk/peripherals/src/hw_hard_fault.o
                0x0000000000004618                HardFault_HandlerC
 .text.MemManage_Handler
                0x00000000000046d0       0x2c ./sdk/peripherals/src/hw_hard_fault.o
                0x00000000000046d0                MemManage_Handler
 .text.BusFault_Handler
                0x00000000000046fc       0x2c ./sdk/peripherals/src/hw_hard_fault.o
                0x00000000000046fc                BusFault_Handler
 .text.UsageFault_Handler
                0x0000000000004728       0x14 ./sdk/peripherals/src/hw_hard_fault.o
                0x0000000000004728                UsageFault_Handler
 .text.DebugMon_Handler
                0x000000000000473c        0x2 ./sdk/peripherals/src/hw_hard_fault.o
                0x000000000000473c                DebugMon_Handler
 *fill*         0x000000000000473e        0x2 
 .text.hw_memctrl_reset
                0x0000000000004740       0x1c ./sdk/peripherals/src/hw_memctrl.o
                0x0000000000004740                hw_memctrl_reset
 .text.hw_otpc_convert_sys_clk_mhz
                0x000000000000475c       0xac ./sdk/peripherals/src/hw_otpc_da1469x.o
                0x000000000000475c                hw_otpc_convert_sys_clk_mhz
 .text.hw_otpc_disable
                0x0000000000004808       0x80 ./sdk/peripherals/src/hw_otpc_da1469x.o
                0x0000000000004808                hw_otpc_disable
 .text.hw_otpc_set_speed
                0x0000000000004888       0x3c ./sdk/peripherals/src/hw_otpc_da1469x.o
                0x0000000000004888                hw_otpc_set_speed
 .text.hw_pdc_entry_matches
                0x00000000000048c4       0x84 ./sdk/peripherals/src/hw_pdc.o
 .text.hw_pdc_add_entry
                0x0000000000004948       0x38 ./sdk/peripherals/src/hw_pdc.o
                0x0000000000004948                hw_pdc_add_entry
 .text.hw_pdc_write_entry
                0x0000000000004980       0x64 ./sdk/peripherals/src/hw_pdc.o
                0x0000000000004980                hw_pdc_write_entry
 .text.hw_pdc_remove_entry
                0x00000000000049e4       0x2c ./sdk/peripherals/src/hw_pdc.o
                0x00000000000049e4                hw_pdc_remove_entry
 .text.hw_pdc_lut_reset
                0x0000000000004a10       0x3c ./sdk/peripherals/src/hw_pdc.o
                0x0000000000004a10                hw_pdc_lut_reset
 .text.hw_pdc_find_entry
                0x0000000000004a4c       0x38 ./sdk/peripherals/src/hw_pdc.o
                0x0000000000004a4c                hw_pdc_find_entry
 .text.hw_pdc_lut_keep
                0x0000000000004a84       0x56 ./sdk/peripherals/src/hw_pdc.o
                0x0000000000004a84                hw_pdc_lut_keep
 *fill*         0x0000000000004ada        0x2 
 .text.hw_pmu_get_bod_threshold_level_mv
                0x0000000000004adc       0x30 ./sdk/peripherals/src/hw_pmu_da1469x.o
 .text.is_all_dcdc_rails_off
                0x0000000000004b0c       0x78 ./sdk/peripherals/src/hw_pmu_da1469x.o
 .text.check_and_disable_dcdc
                0x0000000000004b84       0x18 ./sdk/peripherals/src/hw_pmu_da1469x.o
 .text.v30_ldo_vbat_ret_disable
                0x0000000000004b9c       0x12 ./sdk/peripherals/src/hw_pmu_da1469x.o
 .text.v30_ldo_vbat_vbus_disable
                0x0000000000004bae       0x12 ./sdk/peripherals/src/hw_pmu_da1469x.o
 .text.v30_ldo_vbat_ret_active
                0x0000000000004bc0       0x12 ./sdk/peripherals/src/hw_pmu_da1469x.o
 .text.v30_ldo_vbat_vbus_active
                0x0000000000004bd2       0x12 ./sdk/peripherals/src/hw_pmu_da1469x.o
 .text.check_3v0_bod_threshold
                0x0000000000004be4       0x38 ./sdk/peripherals/src/hw_pmu_da1469x.o
 .text.v30_ldo_vbat_ret_sleep_disable
                0x0000000000004c1c       0x12 ./sdk/peripherals/src/hw_pmu_da1469x.o
 .text.v30_ldo_vbat_ret_sleep_enable
                0x0000000000004c2e       0x12 ./sdk/peripherals/src/hw_pmu_da1469x.o
 .text.v18_ldo_io_active_enable
                0x0000000000004c40       0x12 ./sdk/peripherals/src/hw_pmu_da1469x.o
 .text.v18_ldo_io_disable
                0x0000000000004c52       0x12 ./sdk/peripherals/src/hw_pmu_da1469x.o
 .text.v18_ldo_io_ret_active_enable
                0x0000000000004c64       0x12 ./sdk/peripherals/src/hw_pmu_da1469x.o
 .text.v18_ldo_io_ret_disable
                0x0000000000004c76       0x12 ./sdk/peripherals/src/hw_pmu_da1469x.o
 .text.v18_dcdc_disable
                0x0000000000004c88       0x18 ./sdk/peripherals/src/hw_pmu_da1469x.o
 .text.check_1v8_bod_threshold
                0x0000000000004ca0       0x38 ./sdk/peripherals/src/hw_pmu_da1469x.o
 .text.v18_ldo_io_ret_sleep_enable
                0x0000000000004cd8       0x12 ./sdk/peripherals/src/hw_pmu_da1469x.o
 .text.v18p_ldo_io_active_enable
                0x0000000000004cea       0x12 ./sdk/peripherals/src/hw_pmu_da1469x.o
 .text.v18p_ldo_io_ret_active_enable
                0x0000000000004cfc       0x12 ./sdk/peripherals/src/hw_pmu_da1469x.o
 .text.v18p_ldo_io_disable
                0x0000000000004d0e       0x12 ./sdk/peripherals/src/hw_pmu_da1469x.o
 .text.v18p_ldo_io_ret_disable
                0x0000000000004d20       0x12 ./sdk/peripherals/src/hw_pmu_da1469x.o
 *fill*         0x0000000000004d32        0x2 
 .text.v18p_dcdc_disable
                0x0000000000004d34       0x18 ./sdk/peripherals/src/hw_pmu_da1469x.o
 .text.v18p_ldo_io_ret_sleep_enable
                0x0000000000004d4c       0x12 ./sdk/peripherals/src/hw_pmu_da1469x.o
 *fill*         0x0000000000004d5e        0x2 
 .text.v14_dcdc_disable
                0x0000000000004d60       0x18 ./sdk/peripherals/src/hw_pmu_da1469x.o
 .text.v14_ldo_radio_enable
                0x0000000000004d78       0x14 ./sdk/peripherals/src/hw_pmu_da1469x.o
 .text.v14_ldo_radio_disable
                0x0000000000004d8c       0x12 ./sdk/peripherals/src/hw_pmu_da1469x.o
 *fill*         0x0000000000004d9e        0x2 
 .text.check_1v4_bod_threshold
                0x0000000000004da0       0x38 ./sdk/peripherals/src/hw_pmu_da1469x.o
 .text.v14_check_active_dependants
                0x0000000000004dd8       0x34 ./sdk/peripherals/src/hw_pmu_da1469x.o
 .text.v12_dcdc_disable
                0x0000000000004e0c       0x18 ./sdk/peripherals/src/hw_pmu_da1469x.o
 .text.v12_ldo_core_enable
                0x0000000000004e24       0x12 ./sdk/peripherals/src/hw_pmu_da1469x.o
 .text.v12_ldo_core_disable
                0x0000000000004e36       0x12 ./sdk/peripherals/src/hw_pmu_da1469x.o
 .text.v12_set_core_ret_voltage
                0x0000000000004e48       0x20 ./sdk/peripherals/src/hw_pmu_da1469x.o
 .text.v12_ldo_core_ret_enable
                0x0000000000004e68       0x12 ./sdk/peripherals/src/hw_pmu_da1469x.o
 .text.v12_ldo_core_ret_disable
                0x0000000000004e7a       0x12 ./sdk/peripherals/src/hw_pmu_da1469x.o
 .text.check_1v2_bod_threshold
                0x0000000000004e8c       0x38 ./sdk/peripherals/src/hw_pmu_da1469x.o
 .text.check_1v2_bod_threshold_sleep
                0x0000000000004ec4       0x38 ./sdk/peripherals/src/hw_pmu_da1469x.o
 .text.check_1v2_bod_threshold_clamp
                0x0000000000004efc       0x38 ./sdk/peripherals/src/hw_pmu_da1469x.o
 .text.get_1v2_ldo_core_ret_voltage
                0x0000000000004f34        0xc ./sdk/peripherals/src/hw_pmu_da1469x.o
 .text.get_ldo_radio_voltage
                0x0000000000004f40        0xe ./sdk/peripherals/src/hw_pmu_da1469x.o
 *fill*         0x0000000000004f4e        0x2 
 .text.get_ldo_vbat_vbus_voltage
                0x0000000000004f50       0x38 ./sdk/peripherals/src/hw_pmu_da1469x.o
 .text.get_1v2_active_voltage
                0x0000000000004f88       0x3c ./sdk/peripherals/src/hw_pmu_da1469x.o
 .text.hw_pmu_dcdc_config
                0x0000000000004fc4       0x10 ./sdk/peripherals/src/hw_pmu_da1469x.o
                0x0000000000004fc4                hw_pmu_dcdc_config
 .text.hw_pmu_3v0_clamp_enable
                0x0000000000004fd4       0x12 ./sdk/peripherals/src/hw_pmu_da1469x.o
                0x0000000000004fd4                hw_pmu_3v0_clamp_enable
 .text.hw_pmu_3v0_clamp_disable
                0x0000000000004fe6       0x12 ./sdk/peripherals/src/hw_pmu_da1469x.o
                0x0000000000004fe6                hw_pmu_3v0_clamp_disable
 .text.hw_pmu_3v0_set_voltage
                0x0000000000004ff8       0x80 ./sdk/peripherals/src/hw_pmu_da1469x.o
                0x0000000000004ff8                hw_pmu_3v0_set_voltage
 .text.hw_pmu_3v0_onwakeup_config
                0x0000000000005078      0x15c ./sdk/peripherals/src/hw_pmu_da1469x.o
                0x0000000000005078                hw_pmu_3v0_onwakeup_config
 .text.hw_pmu_3v0_onsleep_config
                0x00000000000051d4      0x138 ./sdk/peripherals/src/hw_pmu_da1469x.o
                0x00000000000051d4                hw_pmu_3v0_onsleep_config
 .text.hw_pmu_1v8_set_voltage
                0x000000000000530c       0x36 ./sdk/peripherals/src/hw_pmu_da1469x.o
                0x000000000000530c                hw_pmu_1v8_set_voltage
 *fill*         0x0000000000005342        0x2 
 .text.hw_pmu_1v8_configure_high_efficiency_dcdc
                0x0000000000005344       0x1c ./sdk/peripherals/src/hw_pmu_da1469x.o
                0x0000000000005344                hw_pmu_1v8_configure_high_efficiency_dcdc
 .text.hw_pmu_1v8_disable_high_efficiency_dcdc
                0x0000000000005360       0x38 ./sdk/peripherals/src/hw_pmu_da1469x.o
                0x0000000000005360                hw_pmu_1v8_disable_high_efficiency_dcdc
 .text.hw_pmu_1v8_onwakeup_enable
                0x0000000000005398       0x64 ./sdk/peripherals/src/hw_pmu_da1469x.o
                0x0000000000005398                hw_pmu_1v8_onwakeup_enable
 .text.hw_pmu_1v8_onwakeup_disable
                0x00000000000053fc       0x30 ./sdk/peripherals/src/hw_pmu_da1469x.o
                0x00000000000053fc                hw_pmu_1v8_onwakeup_disable
 .text.hw_pmu_1v8_onsleep_enable
                0x000000000000542c       0x1c ./sdk/peripherals/src/hw_pmu_da1469x.o
                0x000000000000542c                hw_pmu_1v8_onsleep_enable
 .text.hw_pmu_1v8_onsleep_disable
                0x0000000000005448       0x12 ./sdk/peripherals/src/hw_pmu_da1469x.o
                0x0000000000005448                hw_pmu_1v8_onsleep_disable
 *fill*         0x000000000000545a        0x2 
 .text.hw_pmu_1v8p_configure_high_efficiency_dcdc
                0x000000000000545c       0x1c ./sdk/peripherals/src/hw_pmu_da1469x.o
                0x000000000000545c                hw_pmu_1v8p_configure_high_efficiency_dcdc
 .text.hw_pmu_1v8p_disable_high_efficiency_dcdc
                0x0000000000005478       0x68 ./sdk/peripherals/src/hw_pmu_da1469x.o
                0x0000000000005478                hw_pmu_1v8p_disable_high_efficiency_dcdc
 .text.hw_pmu_1v8p_onwakeup_enable
                0x00000000000054e0       0x64 ./sdk/peripherals/src/hw_pmu_da1469x.o
                0x00000000000054e0                hw_pmu_1v8p_onwakeup_enable
 .text.hw_pmu_1v8p_onwakeup_disable
                0x0000000000005544       0x54 ./sdk/peripherals/src/hw_pmu_da1469x.o
                0x0000000000005544                hw_pmu_1v8p_onwakeup_disable
 .text.hw_pmu_1v8p_onsleep_enable
                0x0000000000005598       0x1c ./sdk/peripherals/src/hw_pmu_da1469x.o
                0x0000000000005598                hw_pmu_1v8p_onsleep_enable
 .text.hw_pmu_1v8p_onsleep_disable
                0x00000000000055b4       0x38 ./sdk/peripherals/src/hw_pmu_da1469x.o
                0x00000000000055b4                hw_pmu_1v8p_onsleep_disable
 .text.hw_pmu_1v4_configure_high_efficiency_dcdc
                0x00000000000055ec       0x18 ./sdk/peripherals/src/hw_pmu_da1469x.o
                0x00000000000055ec                hw_pmu_1v4_configure_high_efficiency_dcdc
 .text.hw_pmu_1v4_set_voltage
                0x0000000000005604       0x40 ./sdk/peripherals/src/hw_pmu_da1469x.o
                0x0000000000005604                hw_pmu_1v4_set_voltage
 .text.hw_pmu_1v4_disable_high_efficiency_dcdc
                0x0000000000005644       0x50 ./sdk/peripherals/src/hw_pmu_da1469x.o
                0x0000000000005644                hw_pmu_1v4_disable_high_efficiency_dcdc
 .text.hw_pmu_1v4_onwakeup_enable
                0x0000000000005694       0x26 ./sdk/peripherals/src/hw_pmu_da1469x.o
                0x0000000000005694                hw_pmu_1v4_onwakeup_enable
 .text.hw_pmu_1v4_onwakeup_disable
                0x00000000000056ba       0x22 ./sdk/peripherals/src/hw_pmu_da1469x.o
                0x00000000000056ba                hw_pmu_1v4_onwakeup_disable
 .text.hw_pmu_1v2_onwakeup_set_voltage
                0x00000000000056dc       0xac ./sdk/peripherals/src/hw_pmu_da1469x.o
                0x00000000000056dc                hw_pmu_1v2_onwakeup_set_voltage
 .text.hw_pmu_1v2_configure_high_efficiency_dcdc
                0x0000000000005788       0x18 ./sdk/peripherals/src/hw_pmu_da1469x.o
                0x0000000000005788                hw_pmu_1v2_configure_high_efficiency_dcdc
 .text.hw_pmu_1v2_disable_high_efficiency_dcdc
                0x00000000000057a0       0xa4 ./sdk/peripherals/src/hw_pmu_da1469x.o
                0x00000000000057a0                hw_pmu_1v2_disable_high_efficiency_dcdc
 .text.hw_pmu_set_vdd_clamp
                0x0000000000005844       0x40 ./sdk/peripherals/src/hw_pmu_da1469x.o
                0x0000000000005844                hw_pmu_set_vdd_clamp
 .text.hw_pmu_1v2_onwakeup_enable
                0x0000000000005884      0x11c ./sdk/peripherals/src/hw_pmu_da1469x.o
                0x0000000000005884                hw_pmu_1v2_onwakeup_enable
 .text.hw_pmu_1v2_onwakeup_disable
                0x00000000000059a0       0x50 ./sdk/peripherals/src/hw_pmu_da1469x.o
                0x00000000000059a0                hw_pmu_1v2_onwakeup_disable
 .text.hw_pmu_1v2_onsleep_enable
                0x00000000000059f0       0x76 ./sdk/peripherals/src/hw_pmu_da1469x.o
                0x00000000000059f0                hw_pmu_1v2_onsleep_enable
 .text.hw_pmu_1v2_onsleep_disable
                0x0000000000005a66       0x3a ./sdk/peripherals/src/hw_pmu_da1469x.o
                0x0000000000005a66                hw_pmu_1v2_onsleep_disable
 .text.hw_pmu_get_1v8_onwakeup_config
                0x0000000000005aa0       0x54 ./sdk/peripherals/src/hw_pmu_da1469x.o
                0x0000000000005aa0                hw_pmu_get_1v8_onwakeup_config
 .text.hw_pmu_get_1v8_onsleep_config
                0x0000000000005af4       0x3a ./sdk/peripherals/src/hw_pmu_da1469x.o
                0x0000000000005af4                hw_pmu_get_1v8_onsleep_config
 .text.hw_pmu_get_1v8p_onwakeup_config
                0x0000000000005b2e       0x40 ./sdk/peripherals/src/hw_pmu_da1469x.o
                0x0000000000005b2e                hw_pmu_get_1v8p_onwakeup_config
 .text.hw_pmu_get_1v8p_onsleep_config
                0x0000000000005b6e       0x26 ./sdk/peripherals/src/hw_pmu_da1469x.o
                0x0000000000005b6e                hw_pmu_get_1v8p_onsleep_config
 .text.hw_pmu_get_1v4_onwakeup_config
                0x0000000000005b94       0x28 ./sdk/peripherals/src/hw_pmu_da1469x.o
                0x0000000000005b94                hw_pmu_get_1v4_onwakeup_config
 .text.hw_pmu_get_1v2_active_config
                0x0000000000005bbc       0xa0 ./sdk/peripherals/src/hw_pmu_da1469x.o
                0x0000000000005bbc                hw_pmu_get_1v2_active_config
 .text.hw_pmu_get_1v2_onwakeup_config
                0x0000000000005c5c       0x70 ./sdk/peripherals/src/hw_pmu_da1469x.o
                0x0000000000005c5c                hw_pmu_get_1v2_onwakeup_config
 .text.hw_pmu_get_1v2_onsleep_config
                0x0000000000005ccc       0x24 ./sdk/peripherals/src/hw_pmu_da1469x.o
                0x0000000000005ccc                hw_pmu_get_1v2_onsleep_config
 .text.hw_qspi_set_bus_mode
                0x0000000000005cf0       0x44 ./sdk/peripherals/src/hw_qspi.o
                0x0000000000005cf0                hw_qspi_set_bus_mode
 .text.hw_qspi_set_access_mode
                0x0000000000005d34       0xb0 ./sdk/peripherals/src/hw_qspi.o
                0x0000000000005d34                hw_qspi_set_access_mode
 .text.hw_qspi_init
                0x0000000000005de4       0xb4 ./sdk/peripherals/src/hw_qspi.o
                0x0000000000005de4                hw_qspi_init
 .text.hw_qspi_set_instructions
                0x0000000000005e98      0x1fc ./sdk/peripherals/src/hw_qspi.o
                0x0000000000005e98                hw_qspi_set_instructions
 .text.RTC_Handler
                0x0000000000006094       0x1c ./sdk/peripherals/src/hw_rtc.o
                0x0000000000006094                RTC_Handler
 .text.SDADC_Handler
                0x00000000000060b0       0x1c ./sdk/peripherals/src/hw_sdadc.o
                0x00000000000060b0                SDADC_Handler
 .text.hw_sys_assert_trigger_gpio
                0x00000000000060cc        0x2 ./sdk/peripherals/src/hw_sys_da1469x.o
                0x00000000000060cc                hw_sys_assert_trigger_gpio
 *fill*         0x00000000000060ce        0x2 
 .text.hw_sys_set_preferred_values
                0x00000000000060d0       0xf8 ./sdk/peripherals/src/hw_sys_da1469x.o
                0x00000000000060d0                hw_sys_set_preferred_values
 .text.hw_sys_hw_bsr_try_lock
                0x00000000000061c8       0x54 ./sdk/peripherals/src/hw_sys_da1469x.o
                0x00000000000061c8                hw_sys_hw_bsr_try_lock
 .text.hw_sys_hw_bsr_unlock
                0x000000000000621c       0x58 ./sdk/peripherals/src/hw_sys_da1469x.o
                0x000000000000621c                hw_sys_hw_bsr_unlock
 .text.hw_sys_sw_bsr_init
                0x0000000000006274       0x2c ./sdk/peripherals/src/hw_sys_da1469x.o
                0x0000000000006274                hw_sys_sw_bsr_init
 .text.hw_sys_pd_com_enable
                0x00000000000062a0       0xa0 ./sdk/peripherals/src/hw_sys_da1469x.o
                0x00000000000062a0                hw_sys_pd_com_enable
 .text.hw_sys_pd_com_disable
                0x0000000000006340       0x70 ./sdk/peripherals/src/hw_sys_da1469x.o
                0x0000000000006340                hw_sys_pd_com_disable
 .text.hw_sys_setup_sw_cursor
                0x00000000000063b0       0x24 ./sdk/peripherals/src/hw_sys_da1469x.o
                0x00000000000063b0                hw_sys_setup_sw_cursor
 .text.hw_sys_pll_locktime_tune
                0x00000000000063d4      0x1c8 ./sdk/peripherals/src/hw_sys_da1469x.o
 .text.hw_sys_pd_periph_enable
                0x000000000000659c       0x6c ./sdk/peripherals/src/hw_sys_da1469x.o
                0x000000000000659c                hw_sys_pd_periph_enable
 .text.hw_sys_pd_periph_disable
                0x0000000000006608       0x70 ./sdk/peripherals/src/hw_sys_da1469x.o
                0x0000000000006608                hw_sys_pd_periph_disable
 .text.hw_sys_reg_add_config
                0x0000000000006678       0x4c ./sdk/peripherals/src/hw_sys_da1469x.o
                0x0000000000006678                hw_sys_reg_add_config
 .text.hw_sys_reg_apply_config
                0x00000000000066c4       0x28 ./sdk/peripherals/src/hw_sys_da1469x.o
                0x00000000000066c4                hw_sys_reg_apply_config
 .text.hw_sys_apply_default_values
                0x00000000000066ec       0x64 ./sdk/peripherals/src/hw_sys_da1469x.o
                0x00000000000066ec                hw_sys_apply_default_values
 .text.hw_sys_pll_calculate_min_current
                0x0000000000006750       0x5c ./sdk/peripherals/src/hw_sys_da1469x.o
                0x0000000000006750                hw_sys_pll_calculate_min_current
 .text.hw_sys_pll_set_min_current
                0x00000000000067ac       0x2c ./sdk/peripherals/src/hw_sys_da1469x.o
                0x00000000000067ac                hw_sys_pll_set_min_current
 .text.hw_timer_configure_timer
                0x00000000000067d8       0xb4 ./sdk/peripherals/src/hw_timer.o
                0x00000000000067d8                hw_timer_configure_timer
 .text.hw_timer_configure_oneshot
                0x000000000000688c       0x5c ./sdk/peripherals/src/hw_timer.o
                0x000000000000688c                hw_timer_configure_oneshot
 .text.hw_timer_register_int
                0x00000000000068e8       0xa8 ./sdk/peripherals/src/hw_timer.o
                0x00000000000068e8                hw_timer_register_int
 .text.hw_timer_unregister_int
                0x0000000000006990       0xd8 ./sdk/peripherals/src/hw_timer.o
                0x0000000000006990                hw_timer_unregister_int
 .text.Timer_Handler
                0x0000000000006a68       0x1c ./sdk/peripherals/src/hw_timer.o
                0x0000000000006a68                Timer_Handler
 .text.Timer2_Handler
                0x0000000000006a84       0x1c ./sdk/peripherals/src/hw_timer.o
                0x0000000000006a84                Timer2_Handler
 .text.Timer3_Handler
                0x0000000000006aa0       0x1c ./sdk/peripherals/src/hw_timer.o
                0x0000000000006aa0                Timer3_Handler
 .text.Timer4_Handler
                0x0000000000006abc       0x1c ./sdk/peripherals/src/hw_timer.o
                0x0000000000006abc                Timer4_Handler
 .text.CAPTIMER_Handler
                0x0000000000006ad8       0x24 ./sdk/peripherals/src/hw_timer.o
                0x0000000000006ad8                CAPTIMER_Handler
 .text.hw_timer_configure_pwm
                0x0000000000006afc      0x188 ./sdk/peripherals/src/hw_timer.o
                0x0000000000006afc                hw_timer_configure_pwm
 .text.hw_timer_configure
                0x0000000000006c84       0x7c ./sdk/peripherals/src/hw_timer.o
                0x0000000000006c84                hw_timer_configure
 .text.hw_timer_init
                0x0000000000006d00       0xfc ./sdk/peripherals/src/hw_timer.o
                0x0000000000006d00                hw_timer_init
 .text.TRNG_Handler
                0x0000000000006dfc       0x18 ./sdk/peripherals/src/hw_trng.o
                0x0000000000006dfc                TRNG_Handler
 .text.hw_uart_fire_callback
                0x0000000000006e14       0x70 ./sdk/peripherals/src/hw_uart.o
 .text.hw_uart_irq_stop_receive
                0x0000000000006e84       0x9c ./sdk/peripherals/src/hw_uart.o
 .text.hw_uart_rx_dma_callback
                0x0000000000006f20       0x78 ./sdk/peripherals/src/hw_uart.o
 .text.hw_uart_tx_dma_callback
                0x0000000000006f98       0x14 ./sdk/peripherals/src/hw_uart.o
 .text.hw_uart_read
                0x0000000000006fac        0xe ./sdk/peripherals/src/hw_uart.o
                0x0000000000006fac                hw_uart_read
 .text.hw_uart_write
                0x0000000000006fba        0xc ./sdk/peripherals/src/hw_uart.o
                0x0000000000006fba                hw_uart_write
 .text.hw_uart_write_buffer
                0x0000000000006fc6       0x1e ./sdk/peripherals/src/hw_uart.o
                0x0000000000006fc6                hw_uart_write_buffer
 .text.hw_uart_send
                0x0000000000006fe4      0x108 ./sdk/peripherals/src/hw_uart.o
                0x0000000000006fe4                hw_uart_send
 .text.hw_uart_set_dma_channels_ex
                0x00000000000070ec      0x23c ./sdk/peripherals/src/hw_uart.o
                0x00000000000070ec                hw_uart_set_dma_channels_ex
 .text.hw_uart_init
                0x0000000000007328      0x1b0 ./sdk/peripherals/src/hw_uart.o
                0x0000000000007328                hw_uart_init
 .text.hw_uart_error_getf
                0x00000000000074d8       0x38 ./sdk/peripherals/src/hw_uart.o
                0x00000000000074d8                hw_uart_error_getf
 .text.hw_uart_thr_empty_getf
                0x0000000000007510        0x8 ./sdk/peripherals/src/hw_uart.o
                0x0000000000007510                hw_uart_thr_empty_getf
 .text.UART_Interrupt_Handler
                0x0000000000007518      0x21c ./sdk/peripherals/src/hw_uart.o
                0x0000000000007518                UART_Interrupt_Handler
 .text.UART_Handler
                0x0000000000007734       0x10 ./sdk/peripherals/src/hw_uart.o
                0x0000000000007734                UART_Handler
 .text.UART2_Handler
                0x0000000000007744       0x10 ./sdk/peripherals/src/hw_uart.o
                0x0000000000007744                UART2_Handler
 .text.UART3_Handler
                0x0000000000007754       0x10 ./sdk/peripherals/src/hw_uart.o
                0x0000000000007754                UART3_Handler
 .text.VBUS_Handler
                0x0000000000007764       0x1c ./sdk/peripherals/src/hw_usb_da1469x.o
                0x0000000000007764                VBUS_Handler
 .text.USB_Handler
                0x0000000000007780       0x18 ./sdk/peripherals/src/hw_usb_da1469x.o
                0x0000000000007780                USB_Handler
 .text.hw_watchdog_freeze
                0x0000000000007798       0x30 ./sdk/peripherals/src/hw_watchdog.o
                0x0000000000007798                hw_watchdog_freeze
 .text.hw_watchdog_unfreeze
                0x00000000000077c8       0x30 ./sdk/peripherals/src/hw_watchdog.o
                0x00000000000077c8                hw_watchdog_unfreeze
 .text.hw_watchdog_handle_int
                0x00000000000077f8       0xd4 ./sdk/peripherals/src/hw_watchdog.o
                0x00000000000077f8                hw_watchdog_handle_int
 .text.NMI_HandlerC
                0x00000000000078cc       0x18 ./sdk/peripherals/src/hw_watchdog.o
                0x00000000000078cc                NMI_HandlerC
 .text.hw_wkup_key_handler
                0x00000000000078e4       0x10 ./sdk/peripherals/src/hw_wkup_da1469x.o
                0x00000000000078e4                hw_wkup_key_handler
 .text.hw_wkup_p0_handler
                0x00000000000078f4       0x20 ./sdk/peripherals/src/hw_wkup_da1469x.o
                0x00000000000078f4                hw_wkup_p0_handler
 .text.hw_wkup_p1_handler
                0x0000000000007914       0x24 ./sdk/peripherals/src/hw_wkup_da1469x.o
                0x0000000000007914                hw_wkup_p1_handler
 .text.Key_Wkup_GPIO_Handler
                0x0000000000007938       0x20 ./sdk/peripherals/src/hw_wkup_da1469x.o
                0x0000000000007938                Key_Wkup_GPIO_Handler
 .text.GPIO_P0_Handler
                0x0000000000007958       0x14 ./sdk/peripherals/src/hw_wkup_da1469x.o
                0x0000000000007958                GPIO_P0_Handler
 .text.GPIO_P1_Handler
                0x000000000000796c       0x14 ./sdk/peripherals/src/hw_wkup_da1469x.o
                0x000000000000796c                GPIO_P1_Handler
 .text.resource_init
                0x0000000000007980       0x4c ./sdk/osal/resmgmt.o
                0x0000000000007980                resource_init
 .text.flash_mx25u3235_get_dummy_bytes
                0x00000000000079cc        0x4 ./sdk/memory/src/qspi_automode.o
 .text.flash_write
                0x00000000000079d0       0x26 ./sdk/memory/src/qspi_automode.o
 .text.flash_transact
                0x00000000000079f6       0x2c ./sdk/memory/src/qspi_automode.o
 .text.flash_mx_is_suspended
                0x0000000000007a22       0x2c ./sdk/memory/src/qspi_automode.o
 .text.flash_erase_program_in_progress
                0x0000000000007a4e       0x28 ./sdk/memory/src/qspi_automode.o
 .text.flash_reset_continuous_mode
                0x0000000000007a76       0x14 ./sdk/memory/src/qspi_automode.o
 .text.flash_read_status_register
                0x0000000000007a8a       0x22 ./sdk/memory/src/qspi_automode.o
 .text.flash_write_enable
                0x0000000000007aac       0x2c ./sdk/memory/src/qspi_automode.o
 .text.flash_is_busy
                0x0000000000007ad8        0xc ./sdk/memory/src/qspi_automode.o
 .text.flash_write_status_register
                0x0000000000007ae4       0x26 ./sdk/memory/src/qspi_automode.o
 .text.flash_mx25u3235_initialize
                0x0000000000007b0a       0x26 ./sdk/memory/src/qspi_automode.o
 .text.init_hw_qspi
                0x0000000000007b30       0xa4 ./sdk/memory/src/qspi_automode.o
 .text.qspi_is_valid_addr
                0x0000000000007bd4       0x24 ./sdk/memory/src/qspi_automode.o
                0x0000000000007bd4                qspi_is_valid_addr
 .text.flash_write_page
                0x0000000000007bf8       0xd8 ./sdk/memory/src/qspi_automode.o
 .text.qspi_operations_init
                0x0000000000007cd0       0x28 ./sdk/memory/src/qspi_automode.o
                0x0000000000007cd0                qspi_operations_init
 .text.qspi_process_completed_operations
                0x0000000000007cf8       0x48 ./sdk/memory/src/qspi_automode.o
                0x0000000000007cf8                qspi_process_completed_operations
 .text.qspi_is_op_pending
                0x0000000000007d40       0x10 ./sdk/memory/src/qspi_automode.o
                0x0000000000007d40                qspi_is_op_pending
 .text.qspi_int_activate_command_entry_mode
                0x0000000000007d50       0x38 ./sdk/memory/src/qspi_automode.o
                0x0000000000007d50                qspi_int_activate_command_entry_mode
 .text.qspi_int_deactivate_command_entry_mode
                0x0000000000007d88       0x30 ./sdk/memory/src/qspi_automode.o
                0x0000000000007d88                qspi_int_deactivate_command_entry_mode
 .text.qspi_int_erase_sector_manual_mode
                0x0000000000007db8       0x5c ./sdk/memory/src/qspi_automode.o
                0x0000000000007db8                qspi_int_erase_sector_manual_mode
 .text.qspi_int_program_page_manual_mode
                0x0000000000007e14        0x8 ./sdk/memory/src/qspi_automode.o
                0x0000000000007e14                qspi_int_program_page_manual_mode
 .text.qspi_check_program_erase_in_progress
                0x0000000000007e1c       0x24 ./sdk/memory/src/qspi_automode.o
                0x0000000000007e1c                qspi_check_program_erase_in_progress
 .text.process_qspi_program_finish
                0x0000000000007e40       0x7c ./sdk/memory/src/qspi_automode.o
 .text.process_qspi_program
                0x0000000000007ebc       0x50 ./sdk/memory/src/qspi_automode.o
 .text.qspi_resume
                0x0000000000007f0c       0x50 ./sdk/memory/src/qspi_automode.o
                0x0000000000007f0c                qspi_resume
 .text.qspi_process_operations
                0x0000000000007f5c       0xc4 ./sdk/memory/src/qspi_automode.o
                0x0000000000007f5c                qspi_process_operations
 .text.qspi_check_and_suspend_operations
                0x0000000000008020       0xb0 ./sdk/memory/src/qspi_automode.o
                0x0000000000008020                qspi_check_and_suspend_operations
 .text.qspi_automode_flash_power_up
                0x00000000000080d0       0x6c ./sdk/memory/src/qspi_automode.o
                0x00000000000080d0                qspi_automode_flash_power_up
 .text.qspi_automode_flash_power_down
                0x000000000000813c       0x4c ./sdk/memory/src/qspi_automode.o
                0x000000000000813c                qspi_automode_flash_power_down
 .text.qspi_int_configure
                0x0000000000008188      0x114 ./sdk/memory/src/qspi_automode.o
                0x0000000000008188                qspi_int_configure
 .text.qspi_automode_init
                0x000000000000829c       0x64 ./sdk/memory/src/qspi_automode.o
                0x000000000000829c                qspi_automode_init
 .text.qspi_automode_sys_clock_cfg
                0x0000000000008300       0x74 ./sdk/memory/src/qspi_automode.o
                0x0000000000008300                qspi_automode_sys_clock_cfg
 .text.ad_crypto_init
                0x0000000000008374       0x10 ./sdk/adapters/src/ad_crypto.o
                0x0000000000008374                ad_crypto_init
 .text.configure_power_rail
                0x0000000000008384      0x3b4 ./sdk/adapters/src/ad_pmu.o
 .text.update_1v2_voltage
                0x0000000000008738       0xa8 ./sdk/adapters/src/ad_pmu.o
 .text.ad_pmu_init
                0x00000000000087e0      0x180 ./sdk/adapters/src/ad_pmu.o
 .text.ad_pmu_1v2_force_max_voltage_request
                0x0000000000008960       0x34 ./sdk/adapters/src/ad_pmu.o
                0x0000000000008960                ad_pmu_1v2_force_max_voltage_request
 .text.ad_pmu_1v2_force_max_voltage_release
                0x0000000000008994       0x30 ./sdk/adapters/src/ad_pmu.o
                0x0000000000008994                ad_pmu_1v2_force_max_voltage_release
 .text.ad_pmu_prepare_for_sleep
                0x00000000000089c4       0x30 ./sdk/adapters/src/ad_pmu.o
                0x00000000000089c4                ad_pmu_prepare_for_sleep
 .text.ad_pmu_restore_for_wake_up
                0x00000000000089f4        0x8 ./sdk/adapters/src/ad_pmu.o
                0x00000000000089f4                ad_pmu_restore_for_wake_up
 .text.prvHeapInit
                0x00000000000089fc       0x50 ./sdk/FreeRTOS/portable/MemMang/heap_4.o
 .text.prvInsertBlockIntoFreeList
                0x0000000000008a4c       0x54 ./sdk/FreeRTOS/portable/MemMang/heap_4.o
 .text.pvPortMalloc
                0x0000000000008aa0      0x124 ./sdk/FreeRTOS/portable/MemMang/heap_4.o
                0x0000000000008aa0                pvPortMalloc
 .text.vPortFree
                0x0000000000008bc4       0x7c ./sdk/FreeRTOS/portable/MemMang/heap_4.o
                0x0000000000008bc4                vPortFree
 .text.prvPortStartFirstTask
                0x0000000000008c40       0x28 ./sdk/FreeRTOS/portable/GCC/DA1469x/port.o
 .text.vPortEnableVFP
                0x0000000000008c68       0x14 ./sdk/FreeRTOS/portable/GCC/DA1469x/port.o
 .text.prvTaskExitError
                0x0000000000008c7c       0x40 ./sdk/FreeRTOS/portable/GCC/DA1469x/port.o
 .text.vGetRunTimeCounterValue
                0x0000000000008cbc       0x1c ./sdk/FreeRTOS/portable/GCC/DA1469x/port.o
                0x0000000000008cbc                vGetRunTimeCounterValue
 .text.pxPortInitialiseStack
                0x0000000000008cd8       0x2c ./sdk/FreeRTOS/portable/GCC/DA1469x/port.o
                0x0000000000008cd8                pxPortInitialiseStack
 *fill*         0x0000000000008d04        0xc 
 .text.SVC_Handler
                0x0000000000008d10       0x24 ./sdk/FreeRTOS/portable/GCC/DA1469x/port.o
                0x0000000000008d10                SVC_Handler
 .text.vPortEnterCritical
                0x0000000000008d34       0x50 ./sdk/FreeRTOS/portable/GCC/DA1469x/port.o
                0x0000000000008d34                vPortEnterCritical
 .text.vPortExitCritical
                0x0000000000008d84       0x38 ./sdk/FreeRTOS/portable/GCC/DA1469x/port.o
                0x0000000000008d84                vPortExitCritical
 *fill*         0x0000000000008dbc        0x4 
 .text.PendSV_Handler
                0x0000000000008dc0       0x64 ./sdk/FreeRTOS/portable/GCC/DA1469x/port.o
                0x0000000000008dc0                PendSV_Handler
 .text.xPortTickAdvance
                0x0000000000008e24       0x18 ./sdk/FreeRTOS/portable/GCC/DA1469x/port.o
                0x0000000000008e24                xPortTickAdvance
 .text.vPortSetupTimerInterrupt
                0x0000000000008e3c        0xa ./sdk/FreeRTOS/portable/GCC/DA1469x/port.o
                0x0000000000008e3c                vPortSetupTimerInterrupt
 *fill*         0x0000000000008e46        0x2 
 .text.xPortStartScheduler
                0x0000000000008e48       0xec ./sdk/FreeRTOS/portable/GCC/DA1469x/port.o
                0x0000000000008e48                xPortStartScheduler
 .text.prvSystemSleep
                0x0000000000008f34       0x3c ./sdk/FreeRTOS/portable/GCC/DA1469x/port.o
                0x0000000000008f34                prvSystemSleep
 .text.vPortValidateInterruptPriority
                0x0000000000008f70       0x6c ./sdk/FreeRTOS/portable/GCC/DA1469x/port.o
                0x0000000000008f70                vPortValidateInterruptPriority
 .text.xEventGroupCreate
                0x0000000000008fdc       0x1a ./sdk/FreeRTOS/event_groups.o
                0x0000000000008fdc                xEventGroupCreate
 .text.xEventGroupClearBits
                0x0000000000008ff6       0x56 ./sdk/FreeRTOS/event_groups.o
                0x0000000000008ff6                xEventGroupClearBits
 .text.vEventGroupClearBitsCallback
                0x000000000000904c        0x8 ./sdk/FreeRTOS/event_groups.o
                0x000000000000904c                vEventGroupClearBitsCallback
 .text.xEventGroupClearBitsFromISR
                0x0000000000009054       0x14 ./sdk/FreeRTOS/event_groups.o
                0x0000000000009054                xEventGroupClearBitsFromISR
 .text.xEventGroupSetBits
                0x0000000000009068       0x9c ./sdk/FreeRTOS/event_groups.o
                0x0000000000009068                xEventGroupSetBits
 .text.vEventGroupSetBitsCallback
                0x0000000000009104        0x8 ./sdk/FreeRTOS/event_groups.o
                0x0000000000009104                vEventGroupSetBitsCallback
 .text.xEventGroupSetBitsFromISR
                0x000000000000910c       0x14 ./sdk/FreeRTOS/event_groups.o
                0x000000000000910c                xEventGroupSetBitsFromISR
 .text.vListInitialise
                0x0000000000009120       0x16 ./sdk/FreeRTOS/list.o
                0x0000000000009120                vListInitialise
 .text.vListInitialiseItem
                0x0000000000009136        0x6 ./sdk/FreeRTOS/list.o
                0x0000000000009136                vListInitialiseItem
 .text.vListInsertEnd
                0x000000000000913c       0x18 ./sdk/FreeRTOS/list.o
                0x000000000000913c                vListInsertEnd
 .text.vListInsert
                0x0000000000009154       0x34 ./sdk/FreeRTOS/list.o
                0x0000000000009154                vListInsert
 .text.uxListRemove
                0x0000000000009188       0x28 ./sdk/FreeRTOS/list.o
                0x0000000000009188                uxListRemove
 .text.prvGetDisinheritPriorityAfterTimeout
                0x00000000000091b0       0x12 ./sdk/FreeRTOS/queue.o
 .text.prvIsQueueFull
                0x00000000000091c2       0x1e ./sdk/FreeRTOS/queue.o
 .text.prvIsQueueEmpty
                0x00000000000091e0       0x1a ./sdk/FreeRTOS/queue.o
 .text.prvCopyDataToQueue
                0x00000000000091fa       0x76 ./sdk/FreeRTOS/queue.o
 .text.prvNotifyQueueSetContainer
                0x0000000000009270       0x88 ./sdk/FreeRTOS/queue.o
 .text.prvCopyDataFromQueue
                0x00000000000092f8       0x24 ./sdk/FreeRTOS/queue.o
 .text.prvUnlockQueue
                0x000000000000931c       0x84 ./sdk/FreeRTOS/queue.o
 .text.xQueueGenericReset
                0x00000000000093a0       0x88 ./sdk/FreeRTOS/queue.o
                0x00000000000093a0                xQueueGenericReset
 .text.prvInitialiseNewQueue
                0x0000000000009428       0x26 ./sdk/FreeRTOS/queue.o
 .text.xQueueGenericCreate
                0x000000000000944e       0x50 ./sdk/FreeRTOS/queue.o
                0x000000000000944e                xQueueGenericCreate
 *fill*         0x000000000000949e        0x2 
 .text.xQueueGenericSend
                0x00000000000094a0      0x1c4 ./sdk/FreeRTOS/queue.o
                0x00000000000094a0                xQueueGenericSend
 .text.prvInitialiseMutex
                0x0000000000009664       0x18 ./sdk/FreeRTOS/queue.o
 .text.xQueueCreateMutex
                0x000000000000967c       0x16 ./sdk/FreeRTOS/queue.o
                0x000000000000967c                xQueueCreateMutex
 .text.xQueueGenericSendFromISR
                0x0000000000009692      0x10a ./sdk/FreeRTOS/queue.o
                0x0000000000009692                xQueueGenericSendFromISR
 .text.xQueueReceive
                0x000000000000979c      0x174 ./sdk/FreeRTOS/queue.o
                0x000000000000979c                xQueueReceive
 .text.xQueueSemaphoreTake
                0x0000000000009910      0x1bc ./sdk/FreeRTOS/queue.o
                0x0000000000009910                xQueueSemaphoreTake
 .text.vQueueAddToRegistry
                0x0000000000009acc       0x28 ./sdk/FreeRTOS/queue.o
                0x0000000000009acc                vQueueAddToRegistry
 .text.vQueueWaitForMessageRestricted
                0x0000000000009af4       0x52 ./sdk/FreeRTOS/queue.o
                0x0000000000009af4                vQueueWaitForMessageRestricted
 *fill*         0x0000000000009b46        0x2 
 .text.prvGetExpectedIdleTime
                0x0000000000009b48       0x40 ./sdk/FreeRTOS/tasks.o
 .text.prvResetNextTaskUnblockTime
                0x0000000000009b88       0x2c ./sdk/FreeRTOS/tasks.o
 .text.freertos_tasks_c_additions_init
                0x0000000000009bb4       0x10 ./sdk/FreeRTOS/tasks.o
 .text.prvDeleteTCB
                0x0000000000009bc4       0x12 ./sdk/FreeRTOS/tasks.o
 *fill*         0x0000000000009bd6        0x2 
 .text.prvTaskIsTaskSuspended
                0x0000000000009bd8       0x44 ./sdk/FreeRTOS/tasks.o
 .text.prvInitialiseNewTask
                0x0000000000009c1c       0x94 ./sdk/FreeRTOS/tasks.o
 .text.prvInitialiseTaskLists
                0x0000000000009cb0       0x5c ./sdk/FreeRTOS/tasks.o
 .text.prvAddNewTaskToReadyList
                0x0000000000009d0c       0xa0 ./sdk/FreeRTOS/tasks.o
 .text.prvCheckTasksWaitingTermination
                0x0000000000009dac       0x44 ./sdk/FreeRTOS/tasks.o
 .text.prvAddCurrentTaskToDelayedList
                0x0000000000009df0       0x80 ./sdk/FreeRTOS/tasks.o
 .text.xTaskCreate
                0x0000000000009e70       0x62 ./sdk/FreeRTOS/tasks.o
                0x0000000000009e70                xTaskCreate
 *fill*         0x0000000000009ed2        0x2 
 .text.vTaskDelete
                0x0000000000009ed4       0xdc ./sdk/FreeRTOS/tasks.o
                0x0000000000009ed4                vTaskDelete
 .text.vTaskResume
                0x0000000000009fb0       0x88 ./sdk/FreeRTOS/tasks.o
                0x0000000000009fb0                vTaskResume
 .text.vTaskStartScheduler
                0x000000000000a038       0x90 ./sdk/FreeRTOS/tasks.o
                0x000000000000a038                vTaskStartScheduler
 .text.vTaskSuspendAll
                0x000000000000a0c8       0x14 ./sdk/FreeRTOS/tasks.o
                0x000000000000a0c8                vTaskSuspendAll
 .text.xTaskGetTickCount
                0x000000000000a0dc        0xc ./sdk/FreeRTOS/tasks.o
                0x000000000000a0dc                xTaskGetTickCount
 .text.vTaskStepTick
                0x000000000000a0e8       0x40 ./sdk/FreeRTOS/tasks.o
                0x000000000000a0e8                vTaskStepTick
 .text.xTaskIncrementTick
                0x000000000000a128      0x11c ./sdk/FreeRTOS/tasks.o
                0x000000000000a128                xTaskIncrementTick
 .text.xTaskResumeAll
                0x000000000000a244       0xfc ./sdk/FreeRTOS/tasks.o
                0x000000000000a244                xTaskResumeAll
 .text.vTaskDelayUntil
                0x000000000000a340       0xbc ./sdk/FreeRTOS/tasks.o
                0x000000000000a340                vTaskDelayUntil
 .text.vTaskDelay
                0x000000000000a3fc       0x54 ./sdk/FreeRTOS/tasks.o
                0x000000000000a3fc                vTaskDelay
 .text.prvIdleTask
                0x000000000000a450       0x70 ./sdk/FreeRTOS/tasks.o
 .text.vTaskSwitchContext
                0x000000000000a4c0       0xe0 ./sdk/FreeRTOS/tasks.o
                0x000000000000a4c0                vTaskSwitchContext
 .text.vTaskPlaceOnEventList
                0x000000000000a5a0       0x38 ./sdk/FreeRTOS/tasks.o
                0x000000000000a5a0                vTaskPlaceOnEventList
 .text.vTaskPlaceOnEventListRestricted
                0x000000000000a5d8       0x40 ./sdk/FreeRTOS/tasks.o
                0x000000000000a5d8                vTaskPlaceOnEventListRestricted
 .text.xTaskRemoveFromEventList
                0x000000000000a618       0x8c ./sdk/FreeRTOS/tasks.o
                0x000000000000a618                xTaskRemoveFromEventList
 .text.vTaskRemoveFromUnorderedEventList
                0x000000000000a6a4       0x8c ./sdk/FreeRTOS/tasks.o
                0x000000000000a6a4                vTaskRemoveFromUnorderedEventList
 .text.vTaskInternalSetTimeOutState
                0x000000000000a730       0x14 ./sdk/FreeRTOS/tasks.o
                0x000000000000a730                vTaskInternalSetTimeOutState
 .text.xTaskCheckForTimeOut
                0x000000000000a744       0x90 ./sdk/FreeRTOS/tasks.o
                0x000000000000a744                xTaskCheckForTimeOut
 .text.vTaskMissedYield
                0x000000000000a7d4       0x10 ./sdk/FreeRTOS/tasks.o
                0x000000000000a7d4                vTaskMissedYield
 .text.eTaskConfirmSleepModeStatus
                0x000000000000a7e4       0x34 ./sdk/FreeRTOS/tasks.o
                0x000000000000a7e4                eTaskConfirmSleepModeStatus
 .text.xTaskGetSchedulerState
                0x000000000000a818       0x20 ./sdk/FreeRTOS/tasks.o
                0x000000000000a818                xTaskGetSchedulerState
 .text.xTaskPriorityInherit
                0x000000000000a838       0xb4 ./sdk/FreeRTOS/tasks.o
                0x000000000000a838                xTaskPriorityInherit
 .text.xTaskPriorityDisinherit
                0x000000000000a8ec       0xb8 ./sdk/FreeRTOS/tasks.o
                0x000000000000a8ec                xTaskPriorityDisinherit
 .text.vTaskPriorityDisinheritAfterTimeout
                0x000000000000a9a4       0xc8 ./sdk/FreeRTOS/tasks.o
                0x000000000000a9a4                vTaskPriorityDisinheritAfterTimeout
 .text.pvTaskIncrementMutexHeldCount
                0x000000000000aa6c       0x1c ./sdk/FreeRTOS/tasks.o
                0x000000000000aa6c                pvTaskIncrementMutexHeldCount
 .text.prvGetNextExpireTime
                0x000000000000aa88       0x20 ./sdk/FreeRTOS/timers.o
 .text.prvInsertTimerInActiveList
                0x000000000000aaa8       0x44 ./sdk/FreeRTOS/timers.o
 .text.prvCheckForValidListAndQueue
                0x000000000000aaec       0x4c ./sdk/FreeRTOS/timers.o
 .text.prvInitialiseNewTimer
                0x000000000000ab38       0x48 ./sdk/FreeRTOS/timers.o
 .text.xTimerCreateTimerTask
                0x000000000000ab80       0x54 ./sdk/FreeRTOS/timers.o
                0x000000000000ab80                xTimerCreateTimerTask
 .text.xTimerCreate
                0x000000000000abd4       0x32 ./sdk/FreeRTOS/timers.o
                0x000000000000abd4                xTimerCreate
 *fill*         0x000000000000ac06        0x2 
 .text.xTimerGenericCommand
                0x000000000000ac08       0x74 ./sdk/FreeRTOS/timers.o
                0x000000000000ac08                xTimerGenericCommand
 .text.prvSwitchTimerLists
                0x000000000000ac7c       0x90 ./sdk/FreeRTOS/timers.o
 .text.prvSampleTimeNow
                0x000000000000ad0c       0x2c ./sdk/FreeRTOS/timers.o
 .text.prvProcessExpiredTimer
                0x000000000000ad38       0x68 ./sdk/FreeRTOS/timers.o
 .text.prvProcessTimerOrBlockTask
                0x000000000000ada0       0x70 ./sdk/FreeRTOS/timers.o
 .text.prvProcessReceivedCommands
                0x000000000000ae10      0x104 ./sdk/FreeRTOS/timers.o
 .text.prvTimerTask
                0x000000000000af14       0x16 ./sdk/FreeRTOS/timers.o
 *fill*         0x000000000000af2a        0x2 
 .text.xTimerPendFunctionCallFromISR
                0x000000000000af2c       0x28 ./sdk/FreeRTOS/timers.o
                0x000000000000af2c                xTimerPendFunctionCallFromISR
 .text.periph_init
                0x000000000000af54        0x2 ./main.o
 *fill*         0x000000000000af56        0x2 
 .text.rgb_task
                0x000000000000af58       0xf8 ./main.o
 .text.prvSetupHardware
                0x000000000000b050       0x10 ./main.o
 .text.system_init
                0x000000000000b060       0x80 ./main.o
 .text.main     0x000000000000b0e0       0x48 ./main.o
                0x000000000000b0e0                main
 .text.vApplicationMallocFailedHook
                0x000000000000b128       0x14 ./main.o
                0x000000000000b128                vApplicationMallocFailedHook
 .text.vApplicationStackOverflowHook
                0x000000000000b13c       0x14 ./main.o
                0x000000000000b13c                vApplicationStackOverflowHook
 .text.exit     0x000000000000b150       0x28 /Applications/SmartSnippetsStudio/GCC/7-2018-q2/bin/../lib/gcc/arm-none-eabi/7.3.1/../../../../arm-none-eabi/lib/thumb/v8-m.main/fpv5-sp/hard/libg_nano.a(lib_a-exit.o)
                0x000000000000b150                exit
 .text.__libc_init_array
                0x000000000000b178       0x48 /Applications/SmartSnippetsStudio/GCC/7-2018-q2/bin/../lib/gcc/arm-none-eabi/7.3.1/../../../../arm-none-eabi/lib/thumb/v8-m.main/fpv5-sp/hard/libg_nano.a(lib_a-init.o)
                0x000000000000b178                __libc_init_array
 .text.memcpy   0x000000000000b1c0       0x16 /Applications/SmartSnippetsStudio/GCC/7-2018-q2/bin/../lib/gcc/arm-none-eabi/7.3.1/../../../../arm-none-eabi/lib/thumb/v8-m.main/fpv5-sp/hard/libg_nano.a(lib_a-memcpy-stub.o)
                0x000000000000b1c0                memcpy
 .text.memset   0x000000000000b1d6       0x10 /Applications/SmartSnippetsStudio/GCC/7-2018-q2/bin/../lib/gcc/arm-none-eabi/7.3.1/../../../../arm-none-eabi/lib/thumb/v8-m.main/fpv5-sp/hard/libg_nano.a(lib_a-memset.o)
                0x000000000000b1d6                memset
 *fill*         0x000000000000b1e6        0x2 
 .text.setvbuf  0x000000000000b1e8      0x158 /Applications/SmartSnippetsStudio/GCC/7-2018-q2/bin/../lib/gcc/arm-none-eabi/7.3.1/../../../../arm-none-eabi/lib/thumb/v8-m.main/fpv5-sp/hard/libg_nano.a(lib_a-setvbuf.o)
                0x000000000000b1e8                setvbuf
 .text.__sflush_r
                0x000000000000b340      0x108 /Applications/SmartSnippetsStudio/GCC/7-2018-q2/bin/../lib/gcc/arm-none-eabi/7.3.1/../../../../arm-none-eabi/lib/thumb/v8-m.main/fpv5-sp/hard/libg_nano.a(lib_a-fflush.o)
                0x000000000000b340                __sflush_r
 .text._fflush_r
                0x000000000000b448       0x54 /Applications/SmartSnippetsStudio/GCC/7-2018-q2/bin/../lib/gcc/arm-none-eabi/7.3.1/../../../../arm-none-eabi/lib/thumb/v8-m.main/fpv5-sp/hard/libg_nano.a(lib_a-fflush.o)
                0x000000000000b448                _fflush_r
 .text.std      0x000000000000b49c       0x48 /Applications/SmartSnippetsStudio/GCC/7-2018-q2/bin/../lib/gcc/arm-none-eabi/7.3.1/../../../../arm-none-eabi/lib/thumb/v8-m.main/fpv5-sp/hard/libg_nano.a(lib_a-findfp.o)
 .text._cleanup_r
                0x000000000000b4e4        0xc /Applications/SmartSnippetsStudio/GCC/7-2018-q2/bin/../lib/gcc/arm-none-eabi/7.3.1/../../../../arm-none-eabi/lib/thumb/v8-m.main/fpv5-sp/hard/libg_nano.a(lib_a-findfp.o)
                0x000000000000b4e4                _cleanup_r
 .text.__sfmoreglue
                0x000000000000b4f0       0x2c /Applications/SmartSnippetsStudio/GCC/7-2018-q2/bin/../lib/gcc/arm-none-eabi/7.3.1/../../../../arm-none-eabi/lib/thumb/v8-m.main/fpv5-sp/hard/libg_nano.a(lib_a-findfp.o)
                0x000000000000b4f0                __sfmoreglue
 .text.__sinit  0x000000000000b51c       0x60 /Applications/SmartSnippetsStudio/GCC/7-2018-q2/bin/../lib/gcc/arm-none-eabi/7.3.1/../../../../arm-none-eabi/lib/thumb/v8-m.main/fpv5-sp/hard/libg_nano.a(lib_a-findfp.o)
                0x000000000000b51c                __sinit
 .text.__sfp    0x000000000000b57c       0x78 /Applications/SmartSnippetsStudio/GCC/7-2018-q2/bin/../lib/gcc/arm-none-eabi/7.3.1/../../../../arm-none-eabi/lib/thumb/v8-m.main/fpv5-sp/hard/libg_nano.a(lib_a-findfp.o)
                0x000000000000b57c                __sfp
 .text._fwalk_reent
                0x000000000000b5f4       0x3c /Applications/SmartSnippetsStudio/GCC/7-2018-q2/bin/../lib/gcc/arm-none-eabi/7.3.1/../../../../arm-none-eabi/lib/thumb/v8-m.main/fpv5-sp/hard/libg_nano.a(lib_a-fwalk.o)
                0x000000000000b5f4                _fwalk_reent
 .text.__swhatbuf_r
                0x000000000000b630       0x48 /Applications/SmartSnippetsStudio/GCC/7-2018-q2/bin/../lib/gcc/arm-none-eabi/7.3.1/../../../../arm-none-eabi/lib/thumb/v8-m.main/fpv5-sp/hard/libg_nano.a(lib_a-makebuf.o)
                0x000000000000b630                __swhatbuf_r
 .text.malloc   0x000000000000b678       0x10 /Applications/SmartSnippetsStudio/GCC/7-2018-q2/bin/../lib/gcc/arm-none-eabi/7.3.1/../../../../arm-none-eabi/lib/thumb/v8-m.main/fpv5-sp/hard/libg_nano.a(lib_a-malloc.o)
                0x000000000000b678                malloc
 .text._free_r  0x000000000000b688       0x9c /Applications/SmartSnippetsStudio/GCC/7-2018-q2/bin/../lib/gcc/arm-none-eabi/7.3.1/../../../../arm-none-eabi/lib/thumb/v8-m.main/fpv5-sp/hard/libg_nano.a(lib_a-nano-freer.o)
                0x000000000000b688                _free_r
 .text._malloc_r
                0x000000000000b724       0xb4 /Applications/SmartSnippetsStudio/GCC/7-2018-q2/bin/../lib/gcc/arm-none-eabi/7.3.1/../../../../arm-none-eabi/lib/thumb/v8-m.main/fpv5-sp/hard/libg_nano.a(lib_a-nano-mallocr.o)
                0x000000000000b724                _malloc_r
 .text._sbrk_r  0x000000000000b7d8       0x20 /Applications/SmartSnippetsStudio/GCC/7-2018-q2/bin/../lib/gcc/arm-none-eabi/7.3.1/../../../../arm-none-eabi/lib/thumb/v8-m.main/fpv5-sp/hard/libg_nano.a(lib_a-sbrkr.o)
                0x000000000000b7d8                _sbrk_r
 .text.__sread  0x000000000000b7f8       0x22 /Applications/SmartSnippetsStudio/GCC/7-2018-q2/bin/../lib/gcc/arm-none-eabi/7.3.1/../../../../arm-none-eabi/lib/thumb/v8-m.main/fpv5-sp/hard/libg_nano.a(lib_a-stdio.o)
                0x000000000000b7f8                __sread
 .text.__swrite
                0x000000000000b81a       0x38 /Applications/SmartSnippetsStudio/GCC/7-2018-q2/bin/../lib/gcc/arm-none-eabi/7.3.1/../../../../arm-none-eabi/lib/thumb/v8-m.main/fpv5-sp/hard/libg_nano.a(lib_a-stdio.o)
                0x000000000000b81a                __swrite
 .text.__sseek  0x000000000000b852       0x24 /Applications/SmartSnippetsStudio/GCC/7-2018-q2/bin/../lib/gcc/arm-none-eabi/7.3.1/../../../../arm-none-eabi/lib/thumb/v8-m.main/fpv5-sp/hard/libg_nano.a(lib_a-stdio.o)
                0x000000000000b852                __sseek
 .text.__sclose
                0x000000000000b876        0x8 /Applications/SmartSnippetsStudio/GCC/7-2018-q2/bin/../lib/gcc/arm-none-eabi/7.3.1/../../../../arm-none-eabi/lib/thumb/v8-m.main/fpv5-sp/hard/libg_nano.a(lib_a-stdio.o)
                0x000000000000b876                __sclose
 *fill*         0x000000000000b87e        0x2 
 .text._write_r
                0x000000000000b880       0x24 /Applications/SmartSnippetsStudio/GCC/7-2018-q2/bin/../lib/gcc/arm-none-eabi/7.3.1/../../../../arm-none-eabi/lib/thumb/v8-m.main/fpv5-sp/hard/libg_nano.a(lib_a-writer.o)
                0x000000000000b880                _write_r
 .text._close_r
                0x000000000000b8a4       0x20 /Applications/SmartSnippetsStudio/GCC/7-2018-q2/bin/../lib/gcc/arm-none-eabi/7.3.1/../../../../arm-none-eabi/lib/thumb/v8-m.main/fpv5-sp/hard/libg_nano.a(lib_a-closer.o)
                0x000000000000b8a4                _close_r
 .text._fstat_r
                0x000000000000b8c4       0x24 /Applications/SmartSnippetsStudio/GCC/7-2018-q2/bin/../lib/gcc/arm-none-eabi/7.3.1/../../../../arm-none-eabi/lib/thumb/v8-m.main/fpv5-sp/hard/libg_nano.a(lib_a-fstatr.o)
                0x000000000000b8c4                _fstat_r
 .text._lseek_r
                0x000000000000b8e8       0x24 /Applications/SmartSnippetsStudio/GCC/7-2018-q2/bin/../lib/gcc/arm-none-eabi/7.3.1/../../../../arm-none-eabi/lib/thumb/v8-m.main/fpv5-sp/hard/libg_nano.a(lib_a-lseekr.o)
                0x000000000000b8e8                _lseek_r
 .text.__malloc_lock
                0x000000000000b90c        0x2 /Applications/SmartSnippetsStudio/GCC/7-2018-q2/bin/../lib/gcc/arm-none-eabi/7.3.1/../../../../arm-none-eabi/lib/thumb/v8-m.main/fpv5-sp/hard/libg_nano.a(lib_a-mlock.o)
                0x000000000000b90c                __malloc_lock
 .text.__malloc_unlock
                0x000000000000b90e        0x2 /Applications/SmartSnippetsStudio/GCC/7-2018-q2/bin/../lib/gcc/arm-none-eabi/7.3.1/../../../../arm-none-eabi/lib/thumb/v8-m.main/fpv5-sp/hard/libg_nano.a(lib_a-mlock.o)
                0x000000000000b90e                __malloc_unlock
 .text._read_r  0x000000000000b910       0x24 /Applications/SmartSnippetsStudio/GCC/7-2018-q2/bin/../lib/gcc/arm-none-eabi/7.3.1/../../../../arm-none-eabi/lib/thumb/v8-m.main/fpv5-sp/hard/libg_nano.a(lib_a-readr.o)
                0x000000000000b910                _read_r
 .text._close   0x000000000000b934       0x10 /Applications/SmartSnippetsStudio/GCC/7-2018-q2/bin/../lib/gcc/arm-none-eabi/7.3.1/../../../../arm-none-eabi/lib/thumb/v8-m.main/fpv5-sp/hard/libnosys.a(close.o)
                0x000000000000b934                _close
 .text._fstat   0x000000000000b944       0x10 /Applications/SmartSnippetsStudio/GCC/7-2018-q2/bin/../lib/gcc/arm-none-eabi/7.3.1/../../../../arm-none-eabi/lib/thumb/v8-m.main/fpv5-sp/hard/libnosys.a(fstat.o)
                0x000000000000b944                _fstat
 .text._lseek   0x000000000000b954       0x10 /Applications/SmartSnippetsStudio/GCC/7-2018-q2/bin/../lib/gcc/arm-none-eabi/7.3.1/../../../../arm-none-eabi/lib/thumb/v8-m.main/fpv5-sp/hard/libnosys.a(lseek.o)
                0x000000000000b954                _lseek
 .text._exit    0x000000000000b964        0x4 /Applications/SmartSnippetsStudio/GCC/7-2018-q2/bin/../lib/gcc/arm-none-eabi/7.3.1/../../../../arm-none-eabi/lib/thumb/v8-m.main/fpv5-sp/hard/libnosys.a(_exit.o)
                0x000000000000b964                _exit
                0x000000000000b968                . = ALIGN (0x4)
                0x000000000000b968                __start_adapter_init_section = .
 *(adapter_init_section)
 adapter_init_section
                0x000000000000b968        0x0 ./sdk/sys_man/sys_power_mgr_da1469x.o
 adapter_init_section
                0x000000000000b968        0x4 ./sdk/adapters/src/ad_crypto.o
                0x000000000000b968                crypto_adapter_ptr
 adapter_init_section
                0x000000000000b96c        0x4 ./sdk/adapters/src/ad_pmu.o
                0x000000000000b96c                ad_pmu_adapter_ptr
                0x000000000000b970                __stop_adapter_init_section = .
                0x000000000000b970                __start_bus_init_section = .
 *(bus_init_section)
 bus_init_section
                0x000000000000b970        0x0 ./sdk/sys_man/sys_power_mgr_da1469x.o
                0x000000000000b970                __stop_bus_init_section = .
                0x000000000000b970                __start_device_init_section = .
 *(device_init_section)
 device_init_section
                0x000000000000b970        0x0 ./sdk/sys_man/sys_power_mgr_da1469x.o
                0x000000000000b970                __stop_device_init_section = .
 *(.init)
 .init          0x000000000000b970        0x4 /Applications/SmartSnippetsStudio/GCC/7-2018-q2/bin/../lib/gcc/arm-none-eabi/7.3.1/thumb/v8-m.main/fpv5-sp/hard/crti.o
                0x000000000000b970                _init
 .init          0x000000000000b974        0x8 /Applications/SmartSnippetsStudio/GCC/7-2018-q2/bin/../lib/gcc/arm-none-eabi/7.3.1/thumb/v8-m.main/fpv5-sp/hard/crtn.o
 *(.fini)
 .fini          0x000000000000b97c        0x4 /Applications/SmartSnippetsStudio/GCC/7-2018-q2/bin/../lib/gcc/arm-none-eabi/7.3.1/thumb/v8-m.main/fpv5-sp/hard/crti.o
                0x000000000000b97c                _fini
 .fini          0x000000000000b980        0x8 /Applications/SmartSnippetsStudio/GCC/7-2018-q2/bin/../lib/gcc/arm-none-eabi/7.3.1/thumb/v8-m.main/fpv5-sp/hard/crtn.o
 *crtbegin.o(.ctors)
 *crtbegin?.o(.ctors)
 *(EXCLUDE_FILE(*crtend.o *crtend?.o) .ctors)
 *(SORT_BY_NAME(.ctors.*))
 *(.ctors)
 *crtbegin.o(.dtors)
 *crtbegin?.o(.dtors)
 *(EXCLUDE_FILE(*crtend.o *crtend?.o) .dtors)
 *(SORT_BY_NAME(.dtors.*))
 *(.dtors)
                0x000000000000b988                . = ALIGN (0x4)
                0x000000000000b988                PROVIDE (__preinit_array_start = .)
 *(.preinit_array)
                0x000000000000b988                PROVIDE (__preinit_array_end = .)
                0x000000000000b988                . = ALIGN (0x4)
                0x000000000000b988                PROVIDE (__init_array_start = .)
 *(SORT_BY_NAME(.init_array.*))
 *(.init_array)
 .init_array    0x000000000000b988        0x4 /Applications/SmartSnippetsStudio/GCC/7-2018-q2/bin/../lib/gcc/arm-none-eabi/7.3.1/thumb/v8-m.main/fpv5-sp/hard/crtbegin.o
                0x000000000000b98c                PROVIDE (__init_array_end = .)
                0x000000000000b98c                . = ALIGN (0x4)
                [!provide]                        PROVIDE (__fini_array_start = .)
 *(SORT_BY_NAME(.fini_array.*))
 *(.fini_array)
 .fini_array    0x000000000000b98c        0x4 /Applications/SmartSnippetsStudio/GCC/7-2018-q2/bin/../lib/gcc/arm-none-eabi/7.3.1/thumb/v8-m.main/fpv5-sp/hard/crtbegin.o
                [!provide]                        PROVIDE (__fini_array_end = .)
 *(.rodata*)
 .rodata.__dialog_interrupt_priorities
                0x000000000000b990       0x39 ./startup/DA1469x/init_da1469x.o
                0x000000000000b990                __dialog_interrupt_priorities
 *fill*         0x000000000000b9c9        0x3 
 .rodata.flash_region_sizes.11095
                0x000000000000b9cc       0x20 ./startup/DA1469x/init_da1469x.o
 .rodata.remap.11094
                0x000000000000b9ec       0x20 ./startup/DA1469x/init_da1469x.o
 .rodata.cm_lp_clk_init.str1.4
                0x000000000000ba0c        0x6 ./sdk/sys_man/sys_clock_mgr_da1469x.o
 *fill*         0x000000000000ba12        0x2 
 .rodata        0x000000000000ba14       0x18 ./sdk/sys_man/sys_power_mgr_da1469x.o
 .rodata.hw_gpio_port_num_pins
                0x000000000000ba2c        0x2 ./sdk/peripherals/src/hw_gpio.o
                0x000000000000ba2c                hw_gpio_port_num_pins
 *fill*         0x000000000000ba2e        0x2 
 .rodata.tim1   0x000000000000ba30       0x10 ./sdk/peripherals/src/hw_otpc_da1469x.o
 .rodata.chk_1v2_deps_wakeup
                0x000000000000ba40        0x4 ./sdk/peripherals/src/hw_pmu_da1469x.o
 .rodata.chk_3v0_deps_sleep
                0x000000000000ba44        0x4 ./sdk/peripherals/src/hw_pmu_da1469x.o
 .rodata.chk_3v0_deps_wakeup
                0x000000000000ba48        0x6 ./sdk/peripherals/src/hw_pmu_da1469x.o
 *fill*         0x000000000000ba4e        0x2 
 .rodata.v12_clamp_voltage_mv
                0x000000000000ba50       0x3c ./sdk/peripherals/src/hw_pmu_da1469x.o
 .rodata.v12_sleep_voltage_mv
                0x000000000000ba8c       0x18 ./sdk/peripherals/src/hw_pmu_da1469x.o
 .rodata.v12_srcs_wakeup
                0x000000000000baa4        0x2 ./sdk/peripherals/src/hw_pmu_da1469x.o
 *fill*         0x000000000000baa6        0x2 
 .rodata.v12_voltage_mv
                0x000000000000baa8       0x10 ./sdk/peripherals/src/hw_pmu_da1469x.o
 .rodata.v14_voltage_mv
                0x000000000000bab8       0x20 ./sdk/peripherals/src/hw_pmu_da1469x.o
 .rodata.v18_voltage_mv
                0x000000000000bad8        0x8 ./sdk/peripherals/src/hw_pmu_da1469x.o
 .rodata.v30_srcs_sleep