12:26:33 **** Incremental Build of configuration DA1469x-00-Debug_QSPI for project custom_ble_service_sample_code ****
make --silent -j23 all 
Generate linker scripts.
 
Building file: ../checksum.cpp
Generate linker scripts.
Invoking: GNU ARM Cross C++ Compiler
 
../checksum.cpp: In function 'uint32_t crc32(const uint8_t*, size_t)':
../checksum.cpp:38:30: warning: operation on '*(table + ((sizetype)(i * 4)))' may be undefined [-Wsequence-point]
                     table[i] = (table[i] >>= 1) ^ crc32_poly;
                     ~~~~~~~~~^~~~~~~~~~~~~~~~~~~~~~~~~~~~~~~
Finished building: ../checksum.cpp
 
Building target: custom_ble_service_sample_code.elf
Invoking: Cross ARM C Linker
Finished building target: custom_ble_service_sample_code.elf
 
Invoking: Cross ARM GNU Create Flash Image
Invoking: Cross ARM GNU Print Size
   text	   data	    bss	    dec	    hex	filename
 321640	    792	 186892	 509324	  7c58c	custom_ble_service_sample_code.elf
Finished building: custom_ble_service_sample_code.siz
 
Finished building: custom_ble_service_sample_code.bin
 

12:26:35 Build Finished. 0 errors, 1 warnings. (took 2s.515ms)

