14:42:42 **** Incremental Build of configuration DA1469x-00-Debug_QSPI for project secure_ble ****
make --silent all 
Generate linker scripts.
 
Invoking: Cross ARM GNU Print Size
   text	   data	    bss	    dec	    hex	filename
 318080	    792	 187220	 506092	  7b8ec	secure_ble.elf
Finished building: secure_ble.siz
 
Generate linker scripts.
 
21:11:30 **** Incremental Build of configuration DA1469x-00-Debug_QSPI for project secure_ble ****
make --silent all 
Generate linker scripts.
 
Invoking: Cross ARM GNU Print Size
   text	   data	    bss	    dec	    hex	filename
 318080	    792	 187220	 506092	  7b8ec	secure_ble.elf
Finished building: secure_ble.siz
 
Generate linker scripts.
 
21:15:32 **** Incremental Build of configuration DA1469x-00-Debug_QSPI for project secure_ble ****
make --silent all 
Generate linker scripts.
 
Invoking: Cross ARM GNU Print Size
   text	   data	    bss	    dec	    hex	filename
 318080	    792	 187220	 506092	  7b8ec	secure_ble.elf
Finished building: secure_ble.siz
 
Generate linker scripts.
 
18:50:47 **** Incremental Build of configuration DA1469x-00-Debug_QSPI for project secure_ble ****
make --silent all 
Generate linker scripts.
 
Invoking: Cross ARM GNU Print Size
   text	   data	    bss	    dec	    hex	filename
 318080	    792	 187220	 506092	  7b8ec	secure_ble.elf
Finished building: secure_ble.siz
 
Generate linker scripts.
 
