22:22:02 **** Build of configuration DA1469x-00-Debug_QSPI for project pc_custom_service_periph ****
make --silent all 
Generate linker scripts.
 
Building file: /Users/stan/work/DA1469X/SDK_10.0.10.118/sdk/bsp/startup/DA1469x/GCC/deepsleep.S
Invoking: Cross ARM GNU Assembler
Finished building: /Users/stan/work/DA1469X/SDK_10.0.10.118/sdk/bsp/startup/DA1469x/GCC/deepsleep.S
 
Building file: /Users/stan/work/DA1469X/SDK_10.0.10.118/sdk/bsp/startup/DA1469x/GCC/exception_handlers.S
Invoking: Cross ARM GNU Assembler
Finished building: /Users/stan/work/DA1469X/SDK_10.0.10.118/sdk/bsp/startup/DA1469x/GCC/exception_handlers.S
 
Building file: /Users/stan/work/DA1469X/SDK_10.0.10.118/sdk/bsp/startup/DA1469x/GCC/startup_da1469x.S
Invoking: Cross ARM GNU Assembler
Finished building: /Users/stan/work/DA1469X/SDK_10.0.10.118/sdk/bsp/startup/DA1469x/GCC/startup_da1469x.S
 
Building file: /Users/stan/work/DA1469X/SDK_10.0.10.118/sdk/bsp/startup/DA1469x/GCC/vector_table_da1469x.S
Invoking: Cross ARM GNU Assembler
Finished building: /Users/stan/work/DA1469X/SDK_10.0.10.118/sdk/bsp/startup/DA1469x/GCC/vector_table_da1469x.S
 
Building file: /Users/stan/work/DA1469X/SDK_10.0.10.118/sdk/bsp/startup/DA1469x/init_da1469x.c
Invoking: Cross ARM C Compiler
Finished building: /Users/stan/work/DA1469X/SDK_10.0.10.118/sdk/bsp/startup/DA1469x/init_da1469x.c
 
Building file: /Users/stan/work/DA1469X/SDK_10.0.10.118/sdk/bsp/startup/DA1469x/system_da1469x.c
Invoking: Cross ARM C Compiler
Finished building: /Users/stan/work/DA1469X/SDK_10.0.10.118/sdk/bsp/startup/DA1469x/system_da1469x.c
 
Building file: /Users/stan/work/DA1469X/SDK_10.0.10.118/sdk/bsp/startup/config.c
Invoking: Cross ARM C Compiler
Finished building: /Users/stan/work/DA1469X/SDK_10.0.10.118/sdk/bsp/startup/config.c
 
Building file: /Users/stan/work/DA1469X/SDK_10.0.10.118/sdk/bsp/util/src/sdk_crc16.c
Invoking: Cross ARM C Compiler
Finished building: /Users/stan/work/DA1469X/SDK_10.0.10.118/sdk/bsp/util/src/sdk_crc16.c
 
Building file: /Users/stan/work/DA1469X/SDK_10.0.10.118/sdk/bsp/util/src/sdk_list.c
Invoking: Cross ARM C Compiler
Finished building: /Users/stan/work/DA1469X/SDK_10.0.10.118/sdk/bsp/util/src/sdk_list.c
 
Building file: /Users/stan/work/DA1469X/SDK_10.0.10.118/sdk/bsp/util/src/sdk_queue.c
Invoking: Cross ARM C Compiler
Finished building: /Users/stan/work/DA1469X/SDK_10.0.10.118/sdk/bsp/util/src/sdk_queue.c
 
Building file: /Users/stan/work/DA1469X/SDK_10.0.10.118/sdk/bsp/system/sys_man/sys_adc.c
Invoking: Cross ARM C Compiler
Finished building: /Users/stan/work/DA1469X/SDK_10.0.10.118/sdk/bsp/system/sys_man/sys_adc.c
 
Building file: /Users/stan/work/DA1469X/SDK_10.0.10.118/sdk/bsp/system/sys_man/sys_audio_mgr.c
Invoking: Cross ARM C Compiler
Finished building: /Users/stan/work/DA1469X/SDK_10.0.10.118/sdk/bsp/system/sys_man/sys_audio_mgr.c
 
Building file: /Users/stan/work/DA1469X/SDK_10.0.10.118/sdk/bsp/system/sys_man/sys_bsr.c
Invoking: Cross ARM C Compiler
Finished building: /Users/stan/work/DA1469X/SDK_10.0.10.118/sdk/bsp/system/sys_man/sys_bsr.c
 
Building file: /Users/stan/work/DA1469X/SDK_10.0.10.118/sdk/bsp/system/sys_man/sys_charger_da1469x.c
Invoking: Cross ARM C Compiler
Finished building: /Users/stan/work/DA1469X/SDK_10.0.10.118/sdk/bsp/system/sys_man/sys_charger_da1469x.c
 
Building file: /Users/stan/work/DA1469X/SDK_10.0.10.118/sdk/bsp/system/sys_man/sys_clock_mgr_da1469x.c
Invoking: Cross ARM C Compiler
Finished building: /Users/stan/work/DA1469X/SDK_10.0.10.118/sdk/bsp/system/sys_man/sys_clock_mgr_da1469x.c
 
Building file: /Users/stan/work/DA1469X/SDK_10.0.10.118/sdk/bsp/system/sys_man/sys_power_mgr_da1469x.c
Invoking: Cross ARM C Compiler
Finished building: /Users/stan/work/DA1469X/SDK_10.0.10.118/sdk/bsp/system/sys_man/sys_power_mgr_da1469x.c
 
Building file: /Users/stan/work/DA1469X/SDK_10.0.10.118/sdk/bsp/system/sys_man/sys_rcx_calibrate.c
Invoking: Cross ARM C Compiler
Finished building: /Users/stan/work/DA1469X/SDK_10.0.10.118/sdk/bsp/system/sys_man/sys_rcx_calibrate.c
 
Building file: /Users/stan/work/DA1469X/SDK_10.0.10.118/sdk/bsp/system/sys_man/sys_tcs_da1469x.c
Invoking: Cross ARM C Compiler
Finished building: /Users/stan/work/DA1469X/SDK_10.0.10.118/sdk/bsp/system/sys_man/sys_tcs_da1469x.c
 
Building file: /Users/stan/work/DA1469X/SDK_10.0.10.118/sdk/bsp/system/sys_man/sys_timer.c
Invoking: Cross ARM C Compiler
Finished building: /Users/stan/work/DA1469X/SDK_10.0.10.118/sdk/bsp/system/sys_man/sys_timer.c
 
Building file: /Users/stan/work/DA1469X/SDK_10.0.10.118/sdk/bsp/system/sys_man/sys_trng.c
Invoking: Cross ARM C Compiler
Finished building: /Users/stan/work/DA1469X/SDK_10.0.10.118/sdk/bsp/system/sys_man/sys_trng.c
 
Building file: /Users/stan/work/DA1469X/SDK_10.0.10.118/sdk/bsp/system/sys_man/sys_usb_da1469x.c
Invoking: Cross ARM C Compiler
Finished building: /Users/stan/work/DA1469X/SDK_10.0.10.118/sdk/bsp/system/sys_man/sys_usb_da1469x.c
 
Building file: /Users/stan/work/DA1469X/SDK_10.0.10.118/sdk/bsp/system/sys_man/sys_watchdog.c
Invoking: Cross ARM C Compiler
Finished building: /Users/stan/work/DA1469X/SDK_10.0.10.118/sdk/bsp/system/sys_man/sys_watchdog.c
 
Building file: /Users/stan/work/DA1469X/SDK_10.0.10.118/sdk/bsp/snc/src/SeNIS.c
Invoking: Cross ARM C Compiler
Finished building: /Users/stan/work/DA1469X/SDK_10.0.10.118/sdk/bsp/snc/src/SeNIS.c
 
Building file: /Users/stan/work/DA1469X/SDK_10.0.10.118/sdk/bsp/snc/src/snc_debug.c
Invoking: Cross ARM C Compiler
Finished building: /Users/stan/work/DA1469X/SDK_10.0.10.118/sdk/bsp/snc/src/snc_debug.c
 
Building file: /Users/stan/work/DA1469X/SDK_10.0.10.118/sdk/bsp/snc/src/snc_defs.c
Invoking: Cross ARM C Compiler
Finished building: /Users/stan/work/DA1469X/SDK_10.0.10.118/sdk/bsp/snc/src/snc_defs.c
 
Building file: /Users/stan/work/DA1469X/SDK_10.0.10.118/sdk/bsp/snc/src/snc_emu.c
Invoking: Cross ARM C Compiler
Finished building: /Users/stan/work/DA1469X/SDK_10.0.10.118/sdk/bsp/snc/src/snc_emu.c
 
Building file: /Users/stan/work/DA1469X/SDK_10.0.10.118/sdk/bsp/snc/src/snc_hw_gpadc.c
Invoking: Cross ARM C Compiler
Finished building: /Users/stan/work/DA1469X/SDK_10.0.10.118/sdk/bsp/snc/src/snc_hw_gpadc.c
 
Building file: /Users/stan/work/DA1469X/SDK_10.0.10.118/sdk/bsp/snc/src/snc_hw_gpio.c
Invoking: Cross ARM C Compiler
Finished building: /Users/stan/work/DA1469X/SDK_10.0.10.118/sdk/bsp/snc/src/snc_hw_gpio.c
 
Building file: /Users/stan/work/DA1469X/SDK_10.0.10.118/sdk/bsp/snc/src/snc_hw_i2c.c
Invoking: Cross ARM C Compiler
Finished building: /Users/stan/work/DA1469X/SDK_10.0.10.118/sdk/bsp/snc/src/snc_hw_i2c.c
 
Building file: /Users/stan/work/DA1469X/SDK_10.0.10.118/sdk/bsp/snc/src/snc_hw_spi.c
Invoking: Cross ARM C Compiler
Finished building: /Users/stan/work/DA1469X/SDK_10.0.10.118/sdk/bsp/snc/src/snc_hw_spi.c
 
Building file: /Users/stan/work/DA1469X/SDK_10.0.10.118/sdk/bsp/snc/src/snc_hw_sys.c
Invoking: Cross ARM C Compiler
Finished building: /Users/stan/work/DA1469X/SDK_10.0.10.118/sdk/bsp/snc/src/snc_hw_sys.c
 
Building file: /Users/stan/work/DA1469X/SDK_10.0.10.118/sdk/bsp/snc/src/snc_hw_uart.c
Invoking: Cross ARM C Compiler
Finished building: /Users/stan/work/DA1469X/SDK_10.0.10.118/sdk/bsp/snc/src/snc_hw_uart.c
 
Building file: /Users/stan/work/DA1469X/SDK_10.0.10.118/sdk/bsp/snc/src/snc_main.c
Invoking: Cross ARM C Compiler
Finished building: /Users/stan/work/DA1469X/SDK_10.0.10.118/sdk/bsp/snc/src/snc_main.c
 
Building file: /Users/stan/work/DA1469X/SDK_10.0.10.118/sdk/bsp/snc/src/snc_queues.c
Invoking: Cross ARM C Compiler
Finished building: /Users/stan/work/DA1469X/SDK_10.0.10.118/sdk/bsp/snc/src/snc_queues.c
 
Building file: /Users/stan/work/DA1469X/SDK_10.0.10.118/sdk/bsp/peripherals/src/hw_aes_hash.c
Invoking: Cross ARM C Compiler
Finished building: /Users/stan/work/DA1469X/SDK_10.0.10.118/sdk/bsp/peripherals/src/hw_aes_hash.c
 
Building file: /Users/stan/work/DA1469X/SDK_10.0.10.118/sdk/bsp/peripherals/src/hw_apu_src.c
Invoking: Cross ARM C Compiler
Finished building: /Users/stan/work/DA1469X/SDK_10.0.10.118/sdk/bsp/peripherals/src/hw_apu_src.c
 
Building file: /Users/stan/work/DA1469X/SDK_10.0.10.118/sdk/bsp/peripherals/src/hw_bod_da1469x.c
Invoking: Cross ARM C Compiler
Finished building: /Users/stan/work/DA1469X/SDK_10.0.10.118/sdk/bsp/peripherals/src/hw_bod_da1469x.c
 
Building file: /Users/stan/work/DA1469X/SDK_10.0.10.118/sdk/bsp/peripherals/src/hw_cache.c
Invoking: Cross ARM C Compiler
Finished building: /Users/stan/work/DA1469X/SDK_10.0.10.118/sdk/bsp/peripherals/src/hw_cache.c
 
Building file: /Users/stan/work/DA1469X/SDK_10.0.10.118/sdk/bsp/peripherals/src/hw_charger_da1469x.c
Invoking: Cross ARM C Compiler
Finished building: /Users/stan/work/DA1469X/SDK_10.0.10.118/sdk/bsp/peripherals/src/hw_charger_da1469x.c
 
Building file: /Users/stan/work/DA1469X/SDK_10.0.10.118/sdk/bsp/peripherals/src/hw_clk_da1469x.c
Invoking: Cross ARM C Compiler
Finished building: /Users/stan/work/DA1469X/SDK_10.0.10.118/sdk/bsp/peripherals/src/hw_clk_da1469x.c
 
Building file: /Users/stan/work/DA1469X/SDK_10.0.10.118/sdk/bsp/peripherals/src/hw_cpm_da1469x.c
Invoking: Cross ARM C Compiler
Finished building: /Users/stan/work/DA1469X/SDK_10.0.10.118/sdk/bsp/peripherals/src/hw_cpm_da1469x.c
 
Building file: /Users/stan/work/DA1469X/SDK_10.0.10.118/sdk/bsp/peripherals/src/hw_crypto.c
Invoking: Cross ARM C Compiler
Finished building: /Users/stan/work/DA1469X/SDK_10.0.10.118/sdk/bsp/peripherals/src/hw_crypto.c
 
Building file: /Users/stan/work/DA1469X/SDK_10.0.10.118/sdk/bsp/peripherals/src/hw_dma.c
Invoking: Cross ARM C Compiler
Finished building: /Users/stan/work/DA1469X/SDK_10.0.10.118/sdk/bsp/peripherals/src/hw_dma.c
 
Building file: /Users/stan/work/DA1469X/SDK_10.0.10.118/sdk/bsp/peripherals/src/hw_gpadc.c
Invoking: Cross ARM C Compiler
Finished building: /Users/stan/work/DA1469X/SDK_10.0.10.118/sdk/bsp/peripherals/src/hw_gpadc.c
 
Building file: /Users/stan/work/DA1469X/SDK_10.0.10.118/sdk/bsp/peripherals/src/hw_gpio.c
Invoking: Cross ARM C Compiler
Finished building: /Users/stan/work/DA1469X/SDK_10.0.10.118/sdk/bsp/peripherals/src/hw_gpio.c
 
Building file: /Users/stan/work/DA1469X/SDK_10.0.10.118/sdk/bsp/peripherals/src/hw_haptic.c
Invoking: Cross ARM C Compiler
Finished building: /Users/stan/work/DA1469X/SDK_10.0.10.118/sdk/bsp/peripherals/src/hw_haptic.c
 
Building file: /Users/stan/work/DA1469X/SDK_10.0.10.118/sdk/bsp/peripherals/src/hw_hard_fault.c
Invoking: Cross ARM C Compiler
Finished building: /Users/stan/work/DA1469X/SDK_10.0.10.118/sdk/bsp/peripherals/src/hw_hard_fault.c
 
Building file: /Users/stan/work/DA1469X/SDK_10.0.10.118/sdk/bsp/peripherals/src/hw_i2c.c
Invoking: Cross ARM C Compiler
Finished building: /Users/stan/work/DA1469X/SDK_10.0.10.118/sdk/bsp/peripherals/src/hw_i2c.c
 
Building file: /Users/stan/work/DA1469X/SDK_10.0.10.118/sdk/bsp/peripherals/src/hw_iso7816.c
Invoking: Cross ARM C Compiler
Finished building: /Users/stan/work/DA1469X/SDK_10.0.10.118/sdk/bsp/peripherals/src/hw_iso7816.c
 
Building file: /Users/stan/work/DA1469X/SDK_10.0.10.118/sdk/bsp/peripherals/src/hw_lcdc.c
Invoking: Cross ARM C Compiler
Finished building: /Users/stan/work/DA1469X/SDK_10.0.10.118/sdk/bsp/peripherals/src/hw_lcdc.c
 
Building file: /Users/stan/work/DA1469X/SDK_10.0.10.118/sdk/bsp/peripherals/src/hw_memctrl.c
Invoking: Cross ARM C Compiler
Finished building: /Users/stan/work/DA1469X/SDK_10.0.10.118/sdk/bsp/peripherals/src/hw_memctrl.c
 
Building file: /Users/stan/work/DA1469X/SDK_10.0.10.118/sdk/bsp/peripherals/src/hw_otpc_da1469x.c
Invoking: Cross ARM C Compiler
Finished building: /Users/stan/work/DA1469X/SDK_10.0.10.118/sdk/bsp/peripherals/src/hw_otpc_da1469x.c
 
Building file: /Users/stan/work/DA1469X/SDK_10.0.10.118/sdk/bsp/peripherals/src/hw_pcm.c
Invoking: Cross ARM C Compiler
Finished building: /Users/stan/work/DA1469X/SDK_10.0.10.118/sdk/bsp/peripherals/src/hw_pcm.c
 
Building file: /Users/stan/work/DA1469X/SDK_10.0.10.118/sdk/bsp/peripherals/src/hw_pdc.c
Invoking: Cross ARM C Compiler
Finished building: /Users/stan/work/DA1469X/SDK_10.0.10.118/sdk/bsp/peripherals/src/hw_pdc.c
 
Building file: /Users/stan/work/DA1469X/SDK_10.0.10.118/sdk/bsp/peripherals/src/hw_pdm.c
Invoking: Cross ARM C Compiler
Finished building: /Users/stan/work/DA1469X/SDK_10.0.10.118/sdk/bsp/peripherals/src/hw_pdm.c
 
Building file: /Users/stan/work/DA1469X/SDK_10.0.10.118/sdk/bsp/peripherals/src/hw_pmu_da1469x.c
Invoking: Cross ARM C Compiler
Finished building: /Users/stan/work/DA1469X/SDK_10.0.10.118/sdk/bsp/peripherals/src/hw_pmu_da1469x.c
 
Building file: /Users/stan/work/DA1469X/SDK_10.0.10.118/sdk/bsp/peripherals/src/hw_qspi.c
Invoking: Cross ARM C Compiler
Finished building: /Users/stan/work/DA1469X/SDK_10.0.10.118/sdk/bsp/peripherals/src/hw_qspi.c
 
Building file: /Users/stan/work/DA1469X/SDK_10.0.10.118/sdk/bsp/peripherals/src/hw_rtc.c
Invoking: Cross ARM C Compiler
Finished building: /Users/stan/work/DA1469X/SDK_10.0.10.118/sdk/bsp/peripherals/src/hw_rtc.c
 
Building file: /Users/stan/work/DA1469X/SDK_10.0.10.118/sdk/bsp/peripherals/src/hw_sdadc.c
Invoking: Cross ARM C Compiler
Finished building: /Users/stan/work/DA1469X/SDK_10.0.10.118/sdk/bsp/peripherals/src/hw_sdadc.c
 
Building file: /Users/stan/work/DA1469X/SDK_10.0.10.118/sdk/bsp/peripherals/src/hw_smotor.c
Invoking: Cross ARM C Compiler
Finished building: /Users/stan/work/DA1469X/SDK_10.0.10.118/sdk/bsp/peripherals/src/hw_smotor.c
 
Building file: /Users/stan/work/DA1469X/SDK_10.0.10.118/sdk/bsp/peripherals/src/hw_snc.c
Invoking: Cross ARM C Compiler
Finished building: /Users/stan/work/DA1469X/SDK_10.0.10.118/sdk/bsp/peripherals/src/hw_snc.c
 
Building file: /Users/stan/work/DA1469X/SDK_10.0.10.118/sdk/bsp/peripherals/src/hw_spi.c
Invoking: Cross ARM C Compiler
Finished building: /Users/stan/work/DA1469X/SDK_10.0.10.118/sdk/bsp/peripherals/src/hw_spi.c
 
Building file: /Users/stan/work/DA1469X/SDK_10.0.10.118/sdk/bsp/peripherals/src/hw_sys_da1469x.c
Invoking: Cross ARM C Compiler
Finished building: /Users/stan/work/DA1469X/SDK_10.0.10.118/sdk/bsp/peripherals/src/hw_sys_da1469x.c
 
Building file: /Users/stan/work/DA1469X/SDK_10.0.10.118/sdk/bsp/peripherals/src/hw_timer.c
Invoking: Cross ARM C Compiler
Finished building: /Users/stan/work/DA1469X/SDK_10.0.10.118/sdk/bsp/peripherals/src/hw_timer.c
 
Building file: /Users/stan/work/DA1469X/SDK_10.0.10.118/sdk/bsp/peripherals/src/hw_trng.c
Invoking: Cross ARM C Compiler
Finished building: /Users/stan/work/DA1469X/SDK_10.0.10.118/sdk/bsp/peripherals/src/hw_trng.c
 
Building file: /Users/stan/work/DA1469X/SDK_10.0.10.118/sdk/bsp/peripherals/src/hw_uart.c
Invoking: Cross ARM C Compiler
Finished building: /Users/stan/work/DA1469X/SDK_10.0.10.118/sdk/bsp/peripherals/src/hw_uart.c
 
Building file: /Users/stan/work/DA1469X/SDK_10.0.10.118/sdk/bsp/peripherals/src/hw_usb_da1469x.c
Invoking: Cross ARM C Compiler
Finished building: /Users/stan/work/DA1469X/SDK_10.0.10.118/sdk/bsp/peripherals/src/hw_usb_da1469x.c
 
Building file: /Users/stan/work/DA1469X/SDK_10.0.10.118/sdk/bsp/peripherals/src/hw_watchdog.c
Invoking: Cross ARM C Compiler
Finished building: /Users/stan/work/DA1469X/SDK_10.0.10.118/sdk/bsp/peripherals/src/hw_watchdog.c
 
Building file: /Users/stan/work/DA1469X/SDK_10.0.10.118/sdk/bsp/peripherals/src/hw_wkup_da1469x.c
Invoking: Cross ARM C Compiler
Finished building: /Users/stan/work/DA1469X/SDK_10.0.10.118/sdk/bsp/peripherals/src/hw_wkup_da1469x.c
 
Building file: /Users/stan/work/DA1469X/SDK_10.0.10.118/sdk/middleware/osal/msg_queues.c
Invoking: Cross ARM C Compiler
Finished building: /Users/stan/work/DA1469X/SDK_10.0.10.118/sdk/middleware/osal/msg_queues.c
 
Building file: /Users/stan/work/DA1469X/SDK_10.0.10.118/sdk/middleware/osal/resmgmt.c
Invoking: Cross ARM C Compiler
Finished building: /Users/stan/work/DA1469X/SDK_10.0.10.118/sdk/middleware/osal/resmgmt.c
 
Building file: /Users/stan/work/DA1469X/SDK_10.0.10.118/sdk/middleware/osal/usb_osal_wrapper.c
Invoking: Cross ARM C Compiler
Finished building: /Users/stan/work/DA1469X/SDK_10.0.10.118/sdk/middleware/osal/usb_osal_wrapper.c
 
Building file: /Users/stan/work/DA1469X/SDK_10.0.10.118/sdk/bsp/memory/src/qspi_automode.c
Invoking: Cross ARM C Compiler
Finished building: /Users/stan/work/DA1469X/SDK_10.0.10.118/sdk/bsp/memory/src/qspi_automode.c
 
Building file: /Users/stan/work/DA1469X/SDK_10.0.10.118/sdk/interfaces/ble/stack/da14690/src/arch_main.c
Invoking: Cross ARM C Compiler
Finished building: /Users/stan/work/DA1469X/SDK_10.0.10.118/sdk/interfaces/ble/stack/da14690/src/arch_main.c
 
Building file: /Users/stan/work/DA1469X/SDK_10.0.10.118/sdk/interfaces/ble/stack/da14690/src/jump_table.c
Invoking: Cross ARM C Compiler
Finished building: /Users/stan/work/DA1469X/SDK_10.0.10.118/sdk/interfaces/ble/stack/da14690/src/jump_table.c
 
Building file: /Users/stan/work/DA1469X/SDK_10.0.10.118/sdk/interfaces/ble/services/src/bas.c
Invoking: Cross ARM C Compiler
Finished building: /Users/stan/work/DA1469X/SDK_10.0.10.118/sdk/interfaces/ble/services/src/bas.c
 
Building file: /Users/stan/work/DA1469X/SDK_10.0.10.118/sdk/interfaces/ble/services/src/bcs.c
Invoking: Cross ARM C Compiler
Finished building: /Users/stan/work/DA1469X/SDK_10.0.10.118/sdk/interfaces/ble/services/src/bcs.c
 
Building file: /Users/stan/work/DA1469X/SDK_10.0.10.118/sdk/interfaces/ble/services/src/ble_service.c
Invoking: Cross ARM C Compiler
Finished building: /Users/stan/work/DA1469X/SDK_10.0.10.118/sdk/interfaces/ble/services/src/ble_service.c
 
Building file: /Users/stan/work/DA1469X/SDK_10.0.10.118/sdk/interfaces/ble/services/src/bls.c
Invoking: Cross ARM C Compiler
Finished building: /Users/stan/work/DA1469X/SDK_10.0.10.118/sdk/interfaces/ble/services/src/bls.c
 
Building file: /Users/stan/work/DA1469X/SDK_10.0.10.118/sdk/interfaces/ble/services/src/bms.c
Invoking: Cross ARM C Compiler
Finished building: /Users/stan/work/DA1469X/SDK_10.0.10.118/sdk/interfaces/ble/services/src/bms.c
 
Building file: /Users/stan/work/DA1469X/SDK_10.0.10.118/sdk/interfaces/ble/services/src/cts.c
Invoking: Cross ARM C Compiler
Finished building: /Users/stan/work/DA1469X/SDK_10.0.10.118/sdk/interfaces/ble/services/src/cts.c
 
Building file: /Users/stan/work/DA1469X/SDK_10.0.10.118/sdk/interfaces/ble/services/src/dis.c
Invoking: Cross ARM C Compiler
Finished building: /Users/stan/work/DA1469X/SDK_10.0.10.118/sdk/interfaces/ble/services/src/dis.c
 
Building file: /Users/stan/work/DA1469X/SDK_10.0.10.118/sdk/interfaces/ble/services/src/dlg_debug.c
Invoking: Cross ARM C Compiler
Finished building: /Users/stan/work/DA1469X/SDK_10.0.10.118/sdk/interfaces/ble/services/src/dlg_debug.c
 
Building file: /Users/stan/work/DA1469X/SDK_10.0.10.118/sdk/interfaces/ble/services/src/dlg_suota.c
Invoking: Cross ARM C Compiler
Finished building: /Users/stan/work/DA1469X/SDK_10.0.10.118/sdk/interfaces/ble/services/src/dlg_suota.c
 
Building file: /Users/stan/work/DA1469X/SDK_10.0.10.118/sdk/interfaces/ble/services/src/hids.c
Invoking: Cross ARM C Compiler
Finished building: /Users/stan/work/DA1469X/SDK_10.0.10.118/sdk/interfaces/ble/services/src/hids.c
 
Building file: /Users/stan/work/DA1469X/SDK_10.0.10.118/sdk/interfaces/ble/services/src/hrs.c
Invoking: Cross ARM C Compiler
Finished building: /Users/stan/work/DA1469X/SDK_10.0.10.118/sdk/interfaces/ble/services/src/hrs.c
 
Building file: /Users/stan/work/DA1469X/SDK_10.0.10.118/sdk/interfaces/ble/services/src/ias.c
Invoking: Cross ARM C Compiler
Finished building: /Users/stan/work/DA1469X/SDK_10.0.10.118/sdk/interfaces/ble/services/src/ias.c
 
Building file: /Users/stan/work/DA1469X/SDK_10.0.10.118/sdk/interfaces/ble/services/src/lls.c
Invoking: Cross ARM C Compiler
Finished building: /Users/stan/work/DA1469X/SDK_10.0.10.118/sdk/interfaces/ble/services/src/lls.c
 
Building file: /Users/stan/work/DA1469X/SDK_10.0.10.118/sdk/interfaces/ble/services/src/scps.c
Invoking: Cross ARM C Compiler
Finished building: /Users/stan/work/DA1469X/SDK_10.0.10.118/sdk/interfaces/ble/services/src/scps.c
 
Building file: /Users/stan/work/DA1469X/SDK_10.0.10.118/sdk/interfaces/ble/services/src/sps.c
Invoking: Cross ARM C Compiler
Finished building: /Users/stan/work/DA1469X/SDK_10.0.10.118/sdk/interfaces/ble/services/src/sps.c
 
Building file: /Users/stan/work/DA1469X/SDK_10.0.10.118/sdk/interfaces/ble/services/src/tps.c
Invoking: Cross ARM C Compiler
Finished building: /Users/stan/work/DA1469X/SDK_10.0.10.118/sdk/interfaces/ble/services/src/tps.c
 
Building file: /Users/stan/work/DA1469X/SDK_10.0.10.118/sdk/interfaces/ble/services/src/uds.c
Invoking: Cross ARM C Compiler
Finished building: /Users/stan/work/DA1469X/SDK_10.0.10.118/sdk/interfaces/ble/services/src/uds.c
 
Building file: /Users/stan/work/DA1469X/SDK_10.0.10.118/sdk/interfaces/ble/services/src/wss.c
Invoking: Cross ARM C Compiler
Finished building: /Users/stan/work/DA1469X/SDK_10.0.10.118/sdk/interfaces/ble/services/src/wss.c
 
Building file: /Users/stan/work/DA1469X/SDK_10.0.10.118/sdk/interfaces/ble/manager/src/ble_mgr.c
Invoking: Cross ARM C Compiler
Finished building: /Users/stan/work/DA1469X/SDK_10.0.10.118/sdk/interfaces/ble/manager/src/ble_mgr.c
 
Building file: /Users/stan/work/DA1469X/SDK_10.0.10.118/sdk/interfaces/ble/manager/src/ble_mgr_ad_msg.c
Invoking: Cross ARM C Compiler
Finished building: /Users/stan/work/DA1469X/SDK_10.0.10.118/sdk/interfaces/ble/manager/src/ble_mgr_ad_msg.c
 
Building file: /Users/stan/work/DA1469X/SDK_10.0.10.118/sdk/interfaces/ble/manager/src/ble_mgr_cmd.c
Invoking: Cross ARM C Compiler
Finished building: /Users/stan/work/DA1469X/SDK_10.0.10.118/sdk/interfaces/ble/manager/src/ble_mgr_cmd.c
 
Building file: /Users/stan/work/DA1469X/SDK_10.0.10.118/sdk/interfaces/ble/manager/src/ble_mgr_common.c
Invoking: Cross ARM C Compiler
Finished building: /Users/stan/work/DA1469X/SDK_10.0.10.118/sdk/interfaces/ble/manager/src/ble_mgr_common.c
 
Building file: /Users/stan/work/DA1469X/SDK_10.0.10.118/sdk/interfaces/ble/manager/src/ble_mgr_gap.c
Invoking: Cross ARM C Compiler
Finished building: /Users/stan/work/DA1469X/SDK_10.0.10.118/sdk/interfaces/ble/manager/src/ble_mgr_gap.c
 
Building file: /Users/stan/work/DA1469X/SDK_10.0.10.118/sdk/interfaces/ble/manager/src/ble_mgr_gattc.c
Invoking: Cross ARM C Compiler
Finished building: /Users/stan/work/DA1469X/SDK_10.0.10.118/sdk/interfaces/ble/manager/src/ble_mgr_gattc.c
 
Building file: /Users/stan/work/DA1469X/SDK_10.0.10.118/sdk/interfaces/ble/manager/src/ble_mgr_gatts.c
Invoking: Cross ARM C Compiler
Finished building: /Users/stan/work/DA1469X/SDK_10.0.10.118/sdk/interfaces/ble/manager/src/ble_mgr_gatts.c
 
Building file: /Users/stan/work/DA1469X/SDK_10.0.10.118/sdk/interfaces/ble/manager/src/ble_mgr_gtl.c
Invoking: Cross ARM C Compiler
Finished building: /Users/stan/work/DA1469X/SDK_10.0.10.118/sdk/interfaces/ble/manager/src/ble_mgr_gtl.c
 
Building file: /Users/stan/work/DA1469X/SDK_10.0.10.118/sdk/interfaces/ble/manager/src/ble_mgr_helper.c
Invoking: Cross ARM C Compiler
Finished building: /Users/stan/work/DA1469X/SDK_10.0.10.118/sdk/interfaces/ble/manager/src/ble_mgr_helper.c
 
Building file: /Users/stan/work/DA1469X/SDK_10.0.10.118/sdk/interfaces/ble/manager/src/ble_mgr_l2cap.c
Invoking: Cross ARM C Compiler
Finished building: /Users/stan/work/DA1469X/SDK_10.0.10.118/sdk/interfaces/ble/manager/src/ble_mgr_l2cap.c
 
Building file: /Users/stan/work/DA1469X/SDK_10.0.10.118/sdk/interfaces/ble/manager/src/storage.c
Invoking: Cross ARM C Compiler
Finished building: /Users/stan/work/DA1469X/SDK_10.0.10.118/sdk/interfaces/ble/manager/src/storage.c
 
Building file: /Users/stan/work/DA1469X/SDK_10.0.10.118/sdk/interfaces/ble/manager/src/storage_flash.c
Invoking: Cross ARM C Compiler
Finished building: /Users/stan/work/DA1469X/SDK_10.0.10.118/sdk/interfaces/ble/manager/src/storage_flash.c
 
Building file: /Users/stan/work/DA1469X/SDK_10.0.10.118/sdk/interfaces/ble/clients/src/bas_client.c
Invoking: Cross ARM C Compiler
Finished building: /Users/stan/work/DA1469X/SDK_10.0.10.118/sdk/interfaces/ble/clients/src/bas_client.c
 
Building file: /Users/stan/work/DA1469X/SDK_10.0.10.118/sdk/interfaces/ble/clients/src/ble_client.c
Invoking: Cross ARM C Compiler
Finished building: /Users/stan/work/DA1469X/SDK_10.0.10.118/sdk/interfaces/ble/clients/src/ble_client.c
 
Building file: /Users/stan/work/DA1469X/SDK_10.0.10.118/sdk/interfaces/ble/clients/src/cscs_client.c
Invoking: Cross ARM C Compiler
Finished building: /Users/stan/work/DA1469X/SDK_10.0.10.118/sdk/interfaces/ble/clients/src/cscs_client.c
 
Building file: /Users/stan/work/DA1469X/SDK_10.0.10.118/sdk/interfaces/ble/clients/src/dis_client.c
Invoking: Cross ARM C Compiler
Finished building: /Users/stan/work/DA1469X/SDK_10.0.10.118/sdk/interfaces/ble/clients/src/dis_client.c
 
Building file: /Users/stan/work/DA1469X/SDK_10.0.10.118/sdk/interfaces/ble/clients/src/gatt_client.c
Invoking: Cross ARM C Compiler
Finished building: /Users/stan/work/DA1469X/SDK_10.0.10.118/sdk/interfaces/ble/clients/src/gatt_client.c
 
Building file: /Users/stan/work/DA1469X/SDK_10.0.10.118/sdk/interfaces/ble/clients/src/hids_client.c
Invoking: Cross ARM C Compiler
Finished building: /Users/stan/work/DA1469X/SDK_10.0.10.118/sdk/interfaces/ble/clients/src/hids_client.c
 
Building file: /Users/stan/work/DA1469X/SDK_10.0.10.118/sdk/interfaces/ble/clients/src/hrs_client.c
Invoking: Cross ARM C Compiler
Finished building: /Users/stan/work/DA1469X/SDK_10.0.10.118/sdk/interfaces/ble/clients/src/hrs_client.c
 
Building file: /Users/stan/work/DA1469X/SDK_10.0.10.118/sdk/interfaces/ble/clients/src/scps_client.c
Invoking: Cross ARM C Compiler
Finished building: /Users/stan/work/DA1469X/SDK_10.0.10.118/sdk/interfaces/ble/clients/src/scps_client.c
 
Building file: /Users/stan/work/DA1469X/SDK_10.0.10.118/sdk/interfaces/ble/api/src/ble_attribdb.c
Invoking: Cross ARM C Compiler
Finished building: /Users/stan/work/DA1469X/SDK_10.0.10.118/sdk/interfaces/ble/api/src/ble_attribdb.c
 
Building file: /Users/stan/work/DA1469X/SDK_10.0.10.118/sdk/interfaces/ble/api/src/ble_common.c
Invoking: Cross ARM C Compiler
Finished building: /Users/stan/work/DA1469X/SDK_10.0.10.118/sdk/interfaces/ble/api/src/ble_common.c
 
Building file: /Users/stan/work/DA1469X/SDK_10.0.10.118/sdk/interfaces/ble/api/src/ble_gap.c
Invoking: Cross ARM C Compiler
Finished building: /Users/stan/work/DA1469X/SDK_10.0.10.118/sdk/interfaces/ble/api/src/ble_gap.c
 
Building file: /Users/stan/work/DA1469X/SDK_10.0.10.118/sdk/interfaces/ble/api/src/ble_gattc.c
Invoking: Cross ARM C Compiler
Finished building: /Users/stan/work/DA1469X/SDK_10.0.10.118/sdk/interfaces/ble/api/src/ble_gattc.c
 
Building file: /Users/stan/work/DA1469X/SDK_10.0.10.118/sdk/interfaces/ble/api/src/ble_gattc_util.c
Invoking: Cross ARM C Compiler
Finished building: /Users/stan/work/DA1469X/SDK_10.0.10.118/sdk/interfaces/ble/api/src/ble_gattc_util.c
 
Building file: /Users/stan/work/DA1469X/SDK_10.0.10.118/sdk/interfaces/ble/api/src/ble_gatts.c
Invoking: Cross ARM C Compiler
Finished building: /Users/stan/work/DA1469X/SDK_10.0.10.118/sdk/interfaces/ble/api/src/ble_gatts.c
 
Building file: /Users/stan/work/DA1469X/SDK_10.0.10.118/sdk/interfaces/ble/api/src/ble_l2cap.c
Invoking: Cross ARM C Compiler
Finished building: /Users/stan/work/DA1469X/SDK_10.0.10.118/sdk/interfaces/ble/api/src/ble_l2cap.c
 
Building file: /Users/stan/work/DA1469X/SDK_10.0.10.118/sdk/interfaces/ble/api/src/ble_storage.c
Invoking: Cross ARM C Compiler
Finished building: /Users/stan/work/DA1469X/SDK_10.0.10.118/sdk/interfaces/ble/api/src/ble_storage.c
 
Building file: /Users/stan/work/DA1469X/SDK_10.0.10.118/sdk/interfaces/ble/api/src/ble_uuid.c
Invoking: Cross ARM C Compiler
Finished building: /Users/stan/work/DA1469X/SDK_10.0.10.118/sdk/interfaces/ble/api/src/ble_uuid.c
 
Building file: /Users/stan/work/DA1469X/SDK_10.0.10.118/sdk/interfaces/ble/adapter/src/ad_ble.c
Invoking: Cross ARM C Compiler
Finished building: /Users/stan/work/DA1469X/SDK_10.0.10.118/sdk/interfaces/ble/adapter/src/ad_ble.c
 
Building file: /Users/stan/work/DA1469X/SDK_10.0.10.118/sdk/middleware/adapters/src/ad_crypto.c
Invoking: Cross ARM C Compiler
Finished building: /Users/stan/work/DA1469X/SDK_10.0.10.118/sdk/middleware/adapters/src/ad_crypto.c
 
Building file: /Users/stan/work/DA1469X/SDK_10.0.10.118/sdk/middleware/adapters/src/ad_flash.c
Invoking: Cross ARM C Compiler
Finished building: /Users/stan/work/DA1469X/SDK_10.0.10.118/sdk/middleware/adapters/src/ad_flash.c
 
Building file: /Users/stan/work/DA1469X/SDK_10.0.10.118/sdk/middleware/adapters/src/ad_gpadc.c
Invoking: Cross ARM C Compiler
Finished building: /Users/stan/work/DA1469X/SDK_10.0.10.118/sdk/middleware/adapters/src/ad_gpadc.c
 
Building file: /Users/stan/work/DA1469X/SDK_10.0.10.118/sdk/middleware/adapters/src/ad_haptic.c
Invoking: Cross ARM C Compiler
Finished building: /Users/stan/work/DA1469X/SDK_10.0.10.118/sdk/middleware/adapters/src/ad_haptic.c
 
Building file: /Users/stan/work/DA1469X/SDK_10.0.10.118/sdk/middleware/adapters/src/ad_i2c.c
Invoking: Cross ARM C Compiler
Finished building: /Users/stan/work/DA1469X/SDK_10.0.10.118/sdk/middleware/adapters/src/ad_i2c.c
 
Building file: /Users/stan/work/DA1469X/SDK_10.0.10.118/sdk/middleware/adapters/src/ad_iso7816.c
Invoking: Cross ARM C Compiler
Finished building: /Users/stan/work/DA1469X/SDK_10.0.10.118/sdk/middleware/adapters/src/ad_iso7816.c
 
Building file: /Users/stan/work/DA1469X/SDK_10.0.10.118/sdk/middleware/adapters/src/ad_keyboard_scanner.c
Invoking: Cross ARM C Compiler
Finished building: /Users/stan/work/DA1469X/SDK_10.0.10.118/sdk/middleware/adapters/src/ad_keyboard_scanner.c
 
Building file: /Users/stan/work/DA1469X/SDK_10.0.10.118/sdk/middleware/adapters/src/ad_lcdc.c
Invoking: Cross ARM C Compiler
Finished building: /Users/stan/work/DA1469X/SDK_10.0.10.118/sdk/middleware/adapters/src/ad_lcdc.c
 
Building file: /Users/stan/work/DA1469X/SDK_10.0.10.118/sdk/middleware/adapters/src/ad_nvms.c
Invoking: Cross ARM C Compiler
Finished building: /Users/stan/work/DA1469X/SDK_10.0.10.118/sdk/middleware/adapters/src/ad_nvms.c
 
Building file: /Users/stan/work/DA1469X/SDK_10.0.10.118/sdk/middleware/adapters/src/ad_nvms_direct.c
Invoking: Cross ARM C Compiler
Finished building: /Users/stan/work/DA1469X/SDK_10.0.10.118/sdk/middleware/adapters/src/ad_nvms_direct.c
 
Building file: /Users/stan/work/DA1469X/SDK_10.0.10.118/sdk/middleware/adapters/src/ad_nvms_ves.c
Invoking: Cross ARM C Compiler
Finished building: /Users/stan/work/DA1469X/SDK_10.0.10.118/sdk/middleware/adapters/src/ad_nvms_ves.c
 
Building file: /Users/stan/work/DA1469X/SDK_10.0.10.118/sdk/middleware/adapters/src/ad_nvparam.c
Invoking: Cross ARM C Compiler
Finished building: /Users/stan/work/DA1469X/SDK_10.0.10.118/sdk/middleware/adapters/src/ad_nvparam.c
 
Building file: /Users/stan/work/DA1469X/SDK_10.0.10.118/sdk/middleware/adapters/src/ad_pmu.c
Invoking: Cross ARM C Compiler
Finished building: /Users/stan/work/DA1469X/SDK_10.0.10.118/sdk/middleware/adapters/src/ad_pmu.c
 
Building file: /Users/stan/work/DA1469X/SDK_10.0.10.118/sdk/middleware/adapters/src/ad_sdadc.c
Invoking: Cross ARM C Compiler
Finished building: /Users/stan/work/DA1469X/SDK_10.0.10.118/sdk/middleware/adapters/src/ad_sdadc.c
 
Building file: /Users/stan/work/DA1469X/SDK_10.0.10.118/sdk/middleware/adapters/src/ad_snc.c
Invoking: Cross ARM C Compiler
Finished building: /Users/stan/work/DA1469X/SDK_10.0.10.118/sdk/middleware/adapters/src/ad_snc.c
 
Building file: /Users/stan/work/DA1469X/SDK_10.0.10.118/sdk/middleware/adapters/src/ad_spi.c
Invoking: Cross ARM C Compiler
Finished building: /Users/stan/work/DA1469X/SDK_10.0.10.118/sdk/middleware/adapters/src/ad_spi.c
 
Building file: /Users/stan/work/DA1469X/SDK_10.0.10.118/sdk/middleware/adapters/src/ad_template.c
Invoking: Cross ARM C Compiler
Finished building: /Users/stan/work/DA1469X/SDK_10.0.10.118/sdk/middleware/adapters/src/ad_template.c
 
Building file: /Users/stan/work/DA1469X/SDK_10.0.10.118/sdk/middleware/adapters/src/ad_uart.c
Invoking: Cross ARM C Compiler
Finished building: /Users/stan/work/DA1469X/SDK_10.0.10.118/sdk/middleware/adapters/src/ad_uart.c
 
Building file: /Users/stan/work/DA1469X/SDK_10.0.10.118/sdk/middleware/adapters/src/sys_platform_devices_internal.c
Invoking: Cross ARM C Compiler
Finished building: /Users/stan/work/DA1469X/SDK_10.0.10.118/sdk/middleware/adapters/src/sys_platform_devices_internal.c
 
Building file: /Users/stan/work/DA1469X/SDK_10.0.10.118/sdk/free_rtos/portable/MemMang/heap_4.c
Invoking: Cross ARM C Compiler
Finished building: /Users/stan/work/DA1469X/SDK_10.0.10.118/sdk/free_rtos/portable/MemMang/heap_4.c
 
Building file: /Users/stan/work/DA1469X/SDK_10.0.10.118/sdk/free_rtos/portable/GCC/DA1469x/port.c
Invoking: Cross ARM C Compiler
Finished building: /Users/stan/work/DA1469X/SDK_10.0.10.118/sdk/free_rtos/portable/GCC/DA1469x/port.c
 
Building file: /Users/stan/work/DA1469X/SDK_10.0.10.118/sdk/free_rtos/portable/Common/mpu_wrappers.c
Invoking: Cross ARM C Compiler
Finished building: /Users/stan/work/DA1469X/SDK_10.0.10.118/sdk/free_rtos/portable/Common/mpu_wrappers.c
 
Building file: /Users/stan/work/DA1469X/SDK_10.0.10.118/sdk/free_rtos/croutine.c
Invoking: Cross ARM C Compiler
Finished building: /Users/stan/work/DA1469X/SDK_10.0.10.118/sdk/free_rtos/croutine.c
 
Building file: /Users/stan/work/DA1469X/SDK_10.0.10.118/sdk/free_rtos/event_groups.c
Invoking: Cross ARM C Compiler
Finished building: /Users/stan/work/DA1469X/SDK_10.0.10.118/sdk/free_rtos/event_groups.c
 
Building file: /Users/stan/work/DA1469X/SDK_10.0.10.118/sdk/free_rtos/list.c
Invoking: Cross ARM C Compiler
Finished building: /Users/stan/work/DA1469X/SDK_10.0.10.118/sdk/free_rtos/list.c
 
Building file: /Users/stan/work/DA1469X/SDK_10.0.10.118/sdk/free_rtos/queue.c
Invoking: Cross ARM C Compiler
Finished building: /Users/stan/work/DA1469X/SDK_10.0.10.118/sdk/free_rtos/queue.c
 
Building file: /Users/stan/work/DA1469X/SDK_10.0.10.118/sdk/free_rtos/stream_buffer.c
Invoking: Cross ARM C Compiler
Finished building: /Users/stan/work/DA1469X/SDK_10.0.10.118/sdk/free_rtos/stream_buffer.c
 
Building file: /Users/stan/work/DA1469X/SDK_10.0.10.118/sdk/free_rtos/tasks.c
Invoking: Cross ARM C Compiler
Finished building: /Users/stan/work/DA1469X/SDK_10.0.10.118/sdk/free_rtos/tasks.c
 
Building file: /Users/stan/work/DA1469X/SDK_10.0.10.118/sdk/free_rtos/timers.c
Invoking: Cross ARM C Compiler
Finished building: /Users/stan/work/DA1469X/SDK_10.0.10.118/sdk/free_rtos/timers.c
 
Building file: ../ble_custom_service.c
Invoking: Cross ARM C Compiler
Finished building: ../ble_custom_service.c
 
Building file: ../ble_peripheral_task.c
Invoking: Cross ARM C Compiler
Finished building: ../ble_peripheral_task.c
 
Building file: ../main.c
Invoking: Cross ARM C Compiler
Finished building: ../main.c
 
Building target: pc_custom_service_periph.elf
Invoking: Cross ARM C Linker
Finished building target: pc_custom_service_periph.elf
 
Invoking: Cross ARM GNU Create Flash Image
Finished building: pc_custom_service_periph.bin
 
Invoking: Cross ARM GNU Print Size
   text	   data	    bss	    dec	    hex	filename
 317932	    792	 187200	 505924	  7b844	pc_custom_service_periph.elf
Finished building: pc_custom_service_periph.siz
 
Generate linker scripts.
 

22:22:44 Build Finished. 0 errors, 0 warnings. (took 42s.332ms)

