11:31:29 **** Build of configuration DA14681-01-Debug_QSPI for project ble_peripheral ****
make --silent all 
Generate linker scripts.
 
Building file: /Users/stan/work/DA1468x_DA15xxx_SDK_1.0.14.1081/DA1468x_DA15xxx_SDK_1.0.14.1081/sdk/bsp/startup/config.c
Invoking: Cross ARM C Compiler
Finished building: /Users/stan/work/DA1468x_DA15xxx_SDK_1.0.14.1081/DA1468x_DA15xxx_SDK_1.0.14.1081/sdk/bsp/startup/config.c
 
Building file: /Users/stan/work/DA1468x_DA15xxx_SDK_1.0.14.1081/DA1468x_DA15xxx_SDK_1.0.14.1081/sdk/bsp/startup/startup_ARMCM0.S
Invoking: Cross ARM GNU Assembler
Finished building: /Users/stan/work/DA1468x_DA15xxx_SDK_1.0.14.1081/DA1468x_DA15xxx_SDK_1.0.14.1081/sdk/bsp/startup/startup_ARMCM0.S
 
Building file: /Users/stan/work/DA1468x_DA15xxx_SDK_1.0.14.1081/DA1468x_DA15xxx_SDK_1.0.14.1081/sdk/bsp/startup/system_ARMCM0.c
Invoking: Cross ARM C Compiler
Finished building: /Users/stan/work/DA1468x_DA15xxx_SDK_1.0.14.1081/DA1468x_DA15xxx_SDK_1.0.14.1081/sdk/bsp/startup/system_ARMCM0.c
 
Building file: /Users/stan/work/DA1468x_DA15xxx_SDK_1.0.14.1081/DA1468x_DA15xxx_SDK_1.0.14.1081/sdk/bsp/startup/vector_table.S
Invoking: Cross ARM GNU Assembler
Finished building: /Users/stan/work/DA1468x_DA15xxx_SDK_1.0.14.1081/DA1468x_DA15xxx_SDK_1.0.14.1081/sdk/bsp/startup/vector_table.S
 
Building file: /Users/stan/work/DA1468x_DA15xxx_SDK_1.0.14.1081/DA1468x_DA15xxx_SDK_1.0.14.1081/sdk/bsp/peripherals/src/hw_aes_hash.c
Invoking: Cross ARM C Compiler
Finished building: /Users/stan/work/DA1468x_DA15xxx_SDK_1.0.14.1081/DA1468x_DA15xxx_SDK_1.0.14.1081/sdk/bsp/peripherals/src/hw_aes_hash.c
 
Building file: /Users/stan/work/DA1468x_DA15xxx_SDK_1.0.14.1081/DA1468x_DA15xxx_SDK_1.0.14.1081/sdk/bsp/peripherals/src/hw_coex.c
Invoking: Cross ARM C Compiler
Finished building: /Users/stan/work/DA1468x_DA15xxx_SDK_1.0.14.1081/DA1468x_DA15xxx_SDK_1.0.14.1081/sdk/bsp/peripherals/src/hw_coex.c
 
Building file: /Users/stan/work/DA1468x_DA15xxx_SDK_1.0.14.1081/DA1468x_DA15xxx_SDK_1.0.14.1081/sdk/bsp/peripherals/src/hw_cpm.c
Invoking: Cross ARM C Compiler
Finished building: /Users/stan/work/DA1468x_DA15xxx_SDK_1.0.14.1081/DA1468x_DA15xxx_SDK_1.0.14.1081/sdk/bsp/peripherals/src/hw_cpm.c
 
Building file: /Users/stan/work/DA1468x_DA15xxx_SDK_1.0.14.1081/DA1468x_DA15xxx_SDK_1.0.14.1081/sdk/bsp/peripherals/src/hw_crypto.c
Invoking: Cross ARM C Compiler
Finished building: /Users/stan/work/DA1468x_DA15xxx_SDK_1.0.14.1081/DA1468x_DA15xxx_SDK_1.0.14.1081/sdk/bsp/peripherals/src/hw_crypto.c
 
Building file: /Users/stan/work/DA1468x_DA15xxx_SDK_1.0.14.1081/DA1468x_DA15xxx_SDK_1.0.14.1081/sdk/bsp/peripherals/src/hw_dma.c
Invoking: Cross ARM C Compiler
Finished building: /Users/stan/work/DA1468x_DA15xxx_SDK_1.0.14.1081/DA1468x_DA15xxx_SDK_1.0.14.1081/sdk/bsp/peripherals/src/hw_dma.c
 
Building file: /Users/stan/work/DA1468x_DA15xxx_SDK_1.0.14.1081/DA1468x_DA15xxx_SDK_1.0.14.1081/sdk/bsp/peripherals/src/hw_ecc.c
Invoking: Cross ARM C Compiler
Finished building: /Users/stan/work/DA1468x_DA15xxx_SDK_1.0.14.1081/DA1468x_DA15xxx_SDK_1.0.14.1081/sdk/bsp/peripherals/src/hw_ecc.c
 
Building file: /Users/stan/work/DA1468x_DA15xxx_SDK_1.0.14.1081/DA1468x_DA15xxx_SDK_1.0.14.1081/sdk/bsp/peripherals/src/hw_ecc_curves.c
Invoking: Cross ARM C Compiler
Finished building: /Users/stan/work/DA1468x_DA15xxx_SDK_1.0.14.1081/DA1468x_DA15xxx_SDK_1.0.14.1081/sdk/bsp/peripherals/src/hw_ecc_curves.c
 
Building file: /Users/stan/work/DA1468x_DA15xxx_SDK_1.0.14.1081/DA1468x_DA15xxx_SDK_1.0.14.1081/sdk/bsp/peripherals/src/hw_ecc_ucode.c
Invoking: Cross ARM C Compiler
Finished building: /Users/stan/work/DA1468x_DA15xxx_SDK_1.0.14.1081/DA1468x_DA15xxx_SDK_1.0.14.1081/sdk/bsp/peripherals/src/hw_ecc_ucode.c
 
Building file: /Users/stan/work/DA1468x_DA15xxx_SDK_1.0.14.1081/DA1468x_DA15xxx_SDK_1.0.14.1081/sdk/bsp/peripherals/src/hw_fem_sky66112-11.c
Invoking: Cross ARM C Compiler
Finished building: /Users/stan/work/DA1468x_DA15xxx_SDK_1.0.14.1081/DA1468x_DA15xxx_SDK_1.0.14.1081/sdk/bsp/peripherals/src/hw_fem_sky66112-11.c
 
Building file: /Users/stan/work/DA1468x_DA15xxx_SDK_1.0.14.1081/DA1468x_DA15xxx_SDK_1.0.14.1081/sdk/bsp/peripherals/src/hw_gpadc.c
Invoking: Cross ARM C Compiler
Finished building: /Users/stan/work/DA1468x_DA15xxx_SDK_1.0.14.1081/DA1468x_DA15xxx_SDK_1.0.14.1081/sdk/bsp/peripherals/src/hw_gpadc.c
 
Building file: /Users/stan/work/DA1468x_DA15xxx_SDK_1.0.14.1081/DA1468x_DA15xxx_SDK_1.0.14.1081/sdk/bsp/peripherals/src/hw_gpio.c
Invoking: Cross ARM C Compiler
Finished building: /Users/stan/work/DA1468x_DA15xxx_SDK_1.0.14.1081/DA1468x_DA15xxx_SDK_1.0.14.1081/sdk/bsp/peripherals/src/hw_gpio.c
 
Building file: /Users/stan/work/DA1468x_DA15xxx_SDK_1.0.14.1081/DA1468x_DA15xxx_SDK_1.0.14.1081/sdk/bsp/peripherals/src/hw_hard_fault.c
Invoking: Cross ARM C Compiler
Finished building: /Users/stan/work/DA1468x_DA15xxx_SDK_1.0.14.1081/DA1468x_DA15xxx_SDK_1.0.14.1081/sdk/bsp/peripherals/src/hw_hard_fault.c
 
Building file: /Users/stan/work/DA1468x_DA15xxx_SDK_1.0.14.1081/DA1468x_DA15xxx_SDK_1.0.14.1081/sdk/bsp/peripherals/src/hw_i2c.c
Invoking: Cross ARM C Compiler
Finished building: /Users/stan/work/DA1468x_DA15xxx_SDK_1.0.14.1081/DA1468x_DA15xxx_SDK_1.0.14.1081/sdk/bsp/peripherals/src/hw_i2c.c
 
Building file: /Users/stan/work/DA1468x_DA15xxx_SDK_1.0.14.1081/DA1468x_DA15xxx_SDK_1.0.14.1081/sdk/bsp/peripherals/src/hw_irgen.c
Invoking: Cross ARM C Compiler
Finished building: /Users/stan/work/DA1468x_DA15xxx_SDK_1.0.14.1081/DA1468x_DA15xxx_SDK_1.0.14.1081/sdk/bsp/peripherals/src/hw_irgen.c
 
Building file: /Users/stan/work/DA1468x_DA15xxx_SDK_1.0.14.1081/DA1468x_DA15xxx_SDK_1.0.14.1081/sdk/bsp/peripherals/src/hw_keyboard_scanner.c
Invoking: Cross ARM C Compiler
Finished building: /Users/stan/work/DA1468x_DA15xxx_SDK_1.0.14.1081/DA1468x_DA15xxx_SDK_1.0.14.1081/sdk/bsp/peripherals/src/hw_keyboard_scanner.c
 
Building file: /Users/stan/work/DA1468x_DA15xxx_SDK_1.0.14.1081/DA1468x_DA15xxx_SDK_1.0.14.1081/sdk/bsp/peripherals/src/hw_otpc.c
Invoking: Cross ARM C Compiler
Finished building: /Users/stan/work/DA1468x_DA15xxx_SDK_1.0.14.1081/DA1468x_DA15xxx_SDK_1.0.14.1081/sdk/bsp/peripherals/src/hw_otpc.c
 
Building file: /Users/stan/work/DA1468x_DA15xxx_SDK_1.0.14.1081/DA1468x_DA15xxx_SDK_1.0.14.1081/sdk/bsp/peripherals/src/hw_qspi.c
Invoking: Cross ARM C Compiler
Finished building: /Users/stan/work/DA1468x_DA15xxx_SDK_1.0.14.1081/DA1468x_DA15xxx_SDK_1.0.14.1081/sdk/bsp/peripherals/src/hw_qspi.c
 
Building file: /Users/stan/work/DA1468x_DA15xxx_SDK_1.0.14.1081/DA1468x_DA15xxx_SDK_1.0.14.1081/sdk/bsp/peripherals/src/hw_quad.c
Invoking: Cross ARM C Compiler
Finished building: /Users/stan/work/DA1468x_DA15xxx_SDK_1.0.14.1081/DA1468x_DA15xxx_SDK_1.0.14.1081/sdk/bsp/peripherals/src/hw_quad.c
 
Building file: /Users/stan/work/DA1468x_DA15xxx_SDK_1.0.14.1081/DA1468x_DA15xxx_SDK_1.0.14.1081/sdk/bsp/peripherals/src/hw_rf.c
Invoking: Cross ARM C Compiler
Finished building: /Users/stan/work/DA1468x_DA15xxx_SDK_1.0.14.1081/DA1468x_DA15xxx_SDK_1.0.14.1081/sdk/bsp/peripherals/src/hw_rf.c
 
Building file: /Users/stan/work/DA1468x_DA15xxx_SDK_1.0.14.1081/DA1468x_DA15xxx_SDK_1.0.14.1081/sdk/bsp/peripherals/src/hw_soc.c
Invoking: Cross ARM C Compiler
Finished building: /Users/stan/work/DA1468x_DA15xxx_SDK_1.0.14.1081/DA1468x_DA15xxx_SDK_1.0.14.1081/sdk/bsp/peripherals/src/hw_soc.c
 
Building file: /Users/stan/work/DA1468x_DA15xxx_SDK_1.0.14.1081/DA1468x_DA15xxx_SDK_1.0.14.1081/sdk/bsp/peripherals/src/hw_spi.c
Invoking: Cross ARM C Compiler
Finished building: /Users/stan/work/DA1468x_DA15xxx_SDK_1.0.14.1081/DA1468x_DA15xxx_SDK_1.0.14.1081/sdk/bsp/peripherals/src/hw_spi.c
 
Building file: /Users/stan/work/DA1468x_DA15xxx_SDK_1.0.14.1081/DA1468x_DA15xxx_SDK_1.0.14.1081/sdk/bsp/peripherals/src/hw_tempsens.c
Invoking: Cross ARM C Compiler
Finished building: /Users/stan/work/DA1468x_DA15xxx_SDK_1.0.14.1081/DA1468x_DA15xxx_SDK_1.0.14.1081/sdk/bsp/peripherals/src/hw_tempsens.c
 
Building file: /Users/stan/work/DA1468x_DA15xxx_SDK_1.0.14.1081/DA1468x_DA15xxx_SDK_1.0.14.1081/sdk/bsp/peripherals/src/hw_timer0.c
Invoking: Cross ARM C Compiler
Finished building: /Users/stan/work/DA1468x_DA15xxx_SDK_1.0.14.1081/DA1468x_DA15xxx_SDK_1.0.14.1081/sdk/bsp/peripherals/src/hw_timer0.c
 
Building file: /Users/stan/work/DA1468x_DA15xxx_SDK_1.0.14.1081/DA1468x_DA15xxx_SDK_1.0.14.1081/sdk/bsp/peripherals/src/hw_timer1.c
Invoking: Cross ARM C Compiler
Finished building: /Users/stan/work/DA1468x_DA15xxx_SDK_1.0.14.1081/DA1468x_DA15xxx_SDK_1.0.14.1081/sdk/bsp/peripherals/src/hw_timer1.c
 
Building file: /Users/stan/work/DA1468x_DA15xxx_SDK_1.0.14.1081/DA1468x_DA15xxx_SDK_1.0.14.1081/sdk/bsp/peripherals/src/hw_timer2.c
Invoking: Cross ARM C Compiler
Finished building: /Users/stan/work/DA1468x_DA15xxx_SDK_1.0.14.1081/DA1468x_DA15xxx_SDK_1.0.14.1081/sdk/bsp/peripherals/src/hw_timer2.c
 
Building file: /Users/stan/work/DA1468x_DA15xxx_SDK_1.0.14.1081/DA1468x_DA15xxx_SDK_1.0.14.1081/sdk/bsp/peripherals/src/hw_trng.c
Invoking: Cross ARM C Compiler
Finished building: /Users/stan/work/DA1468x_DA15xxx_SDK_1.0.14.1081/DA1468x_DA15xxx_SDK_1.0.14.1081/sdk/bsp/peripherals/src/hw_trng.c
 
Building file: /Users/stan/work/DA1468x_DA15xxx_SDK_1.0.14.1081/DA1468x_DA15xxx_SDK_1.0.14.1081/sdk/bsp/peripherals/src/hw_uart.c
Invoking: Cross ARM C Compiler
Finished building: /Users/stan/work/DA1468x_DA15xxx_SDK_1.0.14.1081/DA1468x_DA15xxx_SDK_1.0.14.1081/sdk/bsp/peripherals/src/hw_uart.c
 
Building file: /Users/stan/work/DA1468x_DA15xxx_SDK_1.0.14.1081/DA1468x_DA15xxx_SDK_1.0.14.1081/sdk/bsp/peripherals/src/hw_usb.c
Invoking: Cross ARM C Compiler
Finished building: /Users/stan/work/DA1468x_DA15xxx_SDK_1.0.14.1081/DA1468x_DA15xxx_SDK_1.0.14.1081/sdk/bsp/peripherals/src/hw_usb.c
 
Building file: /Users/stan/work/DA1468x_DA15xxx_SDK_1.0.14.1081/DA1468x_DA15xxx_SDK_1.0.14.1081/sdk/bsp/peripherals/src/hw_usb_charger.c
Invoking: Cross ARM C Compiler
Finished building: /Users/stan/work/DA1468x_DA15xxx_SDK_1.0.14.1081/DA1468x_DA15xxx_SDK_1.0.14.1081/sdk/bsp/peripherals/src/hw_usb_charger.c
 
Building file: /Users/stan/work/DA1468x_DA15xxx_SDK_1.0.14.1081/DA1468x_DA15xxx_SDK_1.0.14.1081/sdk/bsp/peripherals/src/hw_watchdog.c
Invoking: Cross ARM C Compiler
Finished building: /Users/stan/work/DA1468x_DA15xxx_SDK_1.0.14.1081/DA1468x_DA15xxx_SDK_1.0.14.1081/sdk/bsp/peripherals/src/hw_watchdog.c
 
Building file: /Users/stan/work/DA1468x_DA15xxx_SDK_1.0.14.1081/DA1468x_DA15xxx_SDK_1.0.14.1081/sdk/bsp/peripherals/src/hw_wkup.c
Invoking: Cross ARM C Compiler
Finished building: /Users/stan/work/DA1468x_DA15xxx_SDK_1.0.14.1081/DA1468x_DA15xxx_SDK_1.0.14.1081/sdk/bsp/peripherals/src/hw_wkup.c
 
Building file: /Users/stan/work/DA1468x_DA15xxx_SDK_1.0.14.1081/DA1468x_DA15xxx_SDK_1.0.14.1081/sdk/bsp/peripherals/src/sys_tcs.c
Invoking: Cross ARM C Compiler
Finished building: /Users/stan/work/DA1468x_DA15xxx_SDK_1.0.14.1081/DA1468x_DA15xxx_SDK_1.0.14.1081/sdk/bsp/peripherals/src/sys_tcs.c
 
Building file: /Users/stan/work/DA1468x_DA15xxx_SDK_1.0.14.1081/DA1468x_DA15xxx_SDK_1.0.14.1081/sdk/bsp/osal/msg_queues.c
Invoking: Cross ARM C Compiler
Finished building: /Users/stan/work/DA1468x_DA15xxx_SDK_1.0.14.1081/DA1468x_DA15xxx_SDK_1.0.14.1081/sdk/bsp/osal/msg_queues.c
 
Building file: /Users/stan/work/DA1468x_DA15xxx_SDK_1.0.14.1081/DA1468x_DA15xxx_SDK_1.0.14.1081/sdk/bsp/osal/resmgmt.c
Invoking: Cross ARM C Compiler
Finished building: /Users/stan/work/DA1468x_DA15xxx_SDK_1.0.14.1081/DA1468x_DA15xxx_SDK_1.0.14.1081/sdk/bsp/osal/resmgmt.c
 
Building file: /Users/stan/work/DA1468x_DA15xxx_SDK_1.0.14.1081/DA1468x_DA15xxx_SDK_1.0.14.1081/sdk/bsp/osal/usb_osal_wrapper.c
Invoking: Cross ARM C Compiler
Finished building: /Users/stan/work/DA1468x_DA15xxx_SDK_1.0.14.1081/DA1468x_DA15xxx_SDK_1.0.14.1081/sdk/bsp/osal/usb_osal_wrapper.c
 
Building file: /Users/stan/work/DA1468x_DA15xxx_SDK_1.0.14.1081/DA1468x_DA15xxx_SDK_1.0.14.1081/sdk/bsp/memory/src/qspi_automode.c
Invoking: Cross ARM C Compiler
Finished building: /Users/stan/work/DA1468x_DA15xxx_SDK_1.0.14.1081/DA1468x_DA15xxx_SDK_1.0.14.1081/sdk/bsp/memory/src/qspi_automode.c
 
Building file: /Users/stan/work/DA1468x_DA15xxx_SDK_1.0.14.1081/DA1468x_DA15xxx_SDK_1.0.14.1081/sdk/bsp/system/sys_man/sys_charger.c
Invoking: Cross ARM C Compiler
Finished building: /Users/stan/work/DA1468x_DA15xxx_SDK_1.0.14.1081/DA1468x_DA15xxx_SDK_1.0.14.1081/sdk/bsp/system/sys_man/sys_charger.c
 
Building file: /Users/stan/work/DA1468x_DA15xxx_SDK_1.0.14.1081/DA1468x_DA15xxx_SDK_1.0.14.1081/sdk/bsp/system/sys_man/sys_clock_mgr.c
Invoking: Cross ARM C Compiler
Finished building: /Users/stan/work/DA1468x_DA15xxx_SDK_1.0.14.1081/DA1468x_DA15xxx_SDK_1.0.14.1081/sdk/bsp/system/sys_man/sys_clock_mgr.c
 
Building file: /Users/stan/work/DA1468x_DA15xxx_SDK_1.0.14.1081/DA1468x_DA15xxx_SDK_1.0.14.1081/sdk/bsp/system/sys_man/sys_power_mgr.c
Invoking: Cross ARM C Compiler
Finished building: /Users/stan/work/DA1468x_DA15xxx_SDK_1.0.14.1081/DA1468x_DA15xxx_SDK_1.0.14.1081/sdk/bsp/system/sys_man/sys_power_mgr.c
 
Building file: /Users/stan/work/DA1468x_DA15xxx_SDK_1.0.14.1081/DA1468x_DA15xxx_SDK_1.0.14.1081/sdk/bsp/system/sys_man/sys_rtc.c
Invoking: Cross ARM C Compiler
Finished building: /Users/stan/work/DA1468x_DA15xxx_SDK_1.0.14.1081/DA1468x_DA15xxx_SDK_1.0.14.1081/sdk/bsp/system/sys_man/sys_rtc.c
 
Building file: /Users/stan/work/DA1468x_DA15xxx_SDK_1.0.14.1081/DA1468x_DA15xxx_SDK_1.0.14.1081/sdk/bsp/system/sys_man/sys_socf.c
Invoking: Cross ARM C Compiler
Finished building: /Users/stan/work/DA1468x_DA15xxx_SDK_1.0.14.1081/DA1468x_DA15xxx_SDK_1.0.14.1081/sdk/bsp/system/sys_man/sys_socf.c
 
Building file: /Users/stan/work/DA1468x_DA15xxx_SDK_1.0.14.1081/DA1468x_DA15xxx_SDK_1.0.14.1081/sdk/bsp/system/sys_man/sys_trng.c
Invoking: Cross ARM C Compiler
Finished building: /Users/stan/work/DA1468x_DA15xxx_SDK_1.0.14.1081/DA1468x_DA15xxx_SDK_1.0.14.1081/sdk/bsp/system/sys_man/sys_trng.c
 
Building file: /Users/stan/work/DA1468x_DA15xxx_SDK_1.0.14.1081/DA1468x_DA15xxx_SDK_1.0.14.1081/sdk/bsp/system/sys_man/sys_watchdog.c
Invoking: Cross ARM C Compiler
Finished building: /Users/stan/work/DA1468x_DA15xxx_SDK_1.0.14.1081/DA1468x_DA15xxx_SDK_1.0.14.1081/sdk/bsp/system/sys_man/sys_watchdog.c
 
Building file: /Users/stan/work/DA1468x_DA15xxx_SDK_1.0.14.1081/DA1468x_DA15xxx_SDK_1.0.14.1081/sdk/interfaces/ble_services/src/bas.c
Invoking: Cross ARM C Compiler
Finished building: /Users/stan/work/DA1468x_DA15xxx_SDK_1.0.14.1081/DA1468x_DA15xxx_SDK_1.0.14.1081/sdk/interfaces/ble_services/src/bas.c
 
Building file: /Users/stan/work/DA1468x_DA15xxx_SDK_1.0.14.1081/DA1468x_DA15xxx_SDK_1.0.14.1081/sdk/interfaces/ble_services/src/bcs.c
Invoking: Cross ARM C Compiler
Finished building: /Users/stan/work/DA1468x_DA15xxx_SDK_1.0.14.1081/DA1468x_DA15xxx_SDK_1.0.14.1081/sdk/interfaces/ble_services/src/bcs.c
 
Building file: /Users/stan/work/DA1468x_DA15xxx_SDK_1.0.14.1081/DA1468x_DA15xxx_SDK_1.0.14.1081/sdk/interfaces/ble_services/src/ble_service.c
Invoking: Cross ARM C Compiler
Finished building: /Users/stan/work/DA1468x_DA15xxx_SDK_1.0.14.1081/DA1468x_DA15xxx_SDK_1.0.14.1081/sdk/interfaces/ble_services/src/ble_service.c
 
Building file: /Users/stan/work/DA1468x_DA15xxx_SDK_1.0.14.1081/DA1468x_DA15xxx_SDK_1.0.14.1081/sdk/interfaces/ble_services/src/bls.c
Invoking: Cross ARM C Compiler
Finished building: /Users/stan/work/DA1468x_DA15xxx_SDK_1.0.14.1081/DA1468x_DA15xxx_SDK_1.0.14.1081/sdk/interfaces/ble_services/src/bls.c
 
Building file: /Users/stan/work/DA1468x_DA15xxx_SDK_1.0.14.1081/DA1468x_DA15xxx_SDK_1.0.14.1081/sdk/interfaces/ble_services/src/bms.c
Invoking: Cross ARM C Compiler
Finished building: /Users/stan/work/DA1468x_DA15xxx_SDK_1.0.14.1081/DA1468x_DA15xxx_SDK_1.0.14.1081/sdk/interfaces/ble_services/src/bms.c
 
Building file: /Users/stan/work/DA1468x_DA15xxx_SDK_1.0.14.1081/DA1468x_DA15xxx_SDK_1.0.14.1081/sdk/interfaces/ble_services/src/cts.c
Invoking: Cross ARM C Compiler
Finished building: /Users/stan/work/DA1468x_DA15xxx_SDK_1.0.14.1081/DA1468x_DA15xxx_SDK_1.0.14.1081/sdk/interfaces/ble_services/src/cts.c
 
Building file: /Users/stan/work/DA1468x_DA15xxx_SDK_1.0.14.1081/DA1468x_DA15xxx_SDK_1.0.14.1081/sdk/interfaces/ble_services/src/dis.c
Invoking: Cross ARM C Compiler
Finished building: /Users/stan/work/DA1468x_DA15xxx_SDK_1.0.14.1081/DA1468x_DA15xxx_SDK_1.0.14.1081/sdk/interfaces/ble_services/src/dis.c
 
Building file: /Users/stan/work/DA1468x_DA15xxx_SDK_1.0.14.1081/DA1468x_DA15xxx_SDK_1.0.14.1081/sdk/interfaces/ble_services/src/dlg_debug.c
Invoking: Cross ARM C Compiler
Finished building: /Users/stan/work/DA1468x_DA15xxx_SDK_1.0.14.1081/DA1468x_DA15xxx_SDK_1.0.14.1081/sdk/interfaces/ble_services/src/dlg_debug.c
 
Building file: /Users/stan/work/DA1468x_DA15xxx_SDK_1.0.14.1081/DA1468x_DA15xxx_SDK_1.0.14.1081/sdk/interfaces/ble_services/src/dlg_suota.c
Invoking: Cross ARM C Compiler
Finished building: /Users/stan/work/DA1468x_DA15xxx_SDK_1.0.14.1081/DA1468x_DA15xxx_SDK_1.0.14.1081/sdk/interfaces/ble_services/src/dlg_suota.c
 
Building file: /Users/stan/work/DA1468x_DA15xxx_SDK_1.0.14.1081/DA1468x_DA15xxx_SDK_1.0.14.1081/sdk/interfaces/ble_services/src/hids.c
Invoking: Cross ARM C Compiler
Finished building: /Users/stan/work/DA1468x_DA15xxx_SDK_1.0.14.1081/DA1468x_DA15xxx_SDK_1.0.14.1081/sdk/interfaces/ble_services/src/hids.c
 
Building file: /Users/stan/work/DA1468x_DA15xxx_SDK_1.0.14.1081/DA1468x_DA15xxx_SDK_1.0.14.1081/sdk/interfaces/ble_services/src/hrs.c
Invoking: Cross ARM C Compiler
Finished building: /Users/stan/work/DA1468x_DA15xxx_SDK_1.0.14.1081/DA1468x_DA15xxx_SDK_1.0.14.1081/sdk/interfaces/ble_services/src/hrs.c
 
Building file: /Users/stan/work/DA1468x_DA15xxx_SDK_1.0.14.1081/DA1468x_DA15xxx_SDK_1.0.14.1081/sdk/interfaces/ble_services/src/hts.c
Invoking: Cross ARM C Compiler
Finished building: /Users/stan/work/DA1468x_DA15xxx_SDK_1.0.14.1081/DA1468x_DA15xxx_SDK_1.0.14.1081/sdk/interfaces/ble_services/src/hts.c
 
Building file: /Users/stan/work/DA1468x_DA15xxx_SDK_1.0.14.1081/DA1468x_DA15xxx_SDK_1.0.14.1081/sdk/interfaces/ble_services/src/ias.c
Invoking: Cross ARM C Compiler
Finished building: /Users/stan/work/DA1468x_DA15xxx_SDK_1.0.14.1081/DA1468x_DA15xxx_SDK_1.0.14.1081/sdk/interfaces/ble_services/src/ias.c
 
Building file: /Users/stan/work/DA1468x_DA15xxx_SDK_1.0.14.1081/DA1468x_DA15xxx_SDK_1.0.14.1081/sdk/interfaces/ble_services/src/ipss.c
Invoking: Cross ARM C Compiler
Finished building: /Users/stan/work/DA1468x_DA15xxx_SDK_1.0.14.1081/DA1468x_DA15xxx_SDK_1.0.14.1081/sdk/interfaces/ble_services/src/ipss.c
 
Building file: /Users/stan/work/DA1468x_DA15xxx_SDK_1.0.14.1081/DA1468x_DA15xxx_SDK_1.0.14.1081/sdk/interfaces/ble_services/src/lls.c
Invoking: Cross ARM C Compiler
Finished building: /Users/stan/work/DA1468x_DA15xxx_SDK_1.0.14.1081/DA1468x_DA15xxx_SDK_1.0.14.1081/sdk/interfaces/ble_services/src/lls.c
 
Building file: /Users/stan/work/DA1468x_DA15xxx_SDK_1.0.14.1081/DA1468x_DA15xxx_SDK_1.0.14.1081/sdk/interfaces/ble_services/src/scps.c
Invoking: Cross ARM C Compiler
Finished building: /Users/stan/work/DA1468x_DA15xxx_SDK_1.0.14.1081/DA1468x_DA15xxx_SDK_1.0.14.1081/sdk/interfaces/ble_services/src/scps.c
 
Building file: /Users/stan/work/DA1468x_DA15xxx_SDK_1.0.14.1081/DA1468x_DA15xxx_SDK_1.0.14.1081/sdk/interfaces/ble_services/src/sps.c
Invoking: Cross ARM C Compiler
Finished building: /Users/stan/work/DA1468x_DA15xxx_SDK_1.0.14.1081/DA1468x_DA15xxx_SDK_1.0.14.1081/sdk/interfaces/ble_services/src/sps.c
 
Building file: /Users/stan/work/DA1468x_DA15xxx_SDK_1.0.14.1081/DA1468x_DA15xxx_SDK_1.0.14.1081/sdk/interfaces/ble_services/src/tps.c
Invoking: Cross ARM C Compiler
Finished building: /Users/stan/work/DA1468x_DA15xxx_SDK_1.0.14.1081/DA1468x_DA15xxx_SDK_1.0.14.1081/sdk/interfaces/ble_services/src/tps.c
 
Building file: /Users/stan/work/DA1468x_DA15xxx_SDK_1.0.14.1081/DA1468x_DA15xxx_SDK_1.0.14.1081/sdk/interfaces/ble_services/src/uds.c
Invoking: Cross ARM C Compiler
Finished building: /Users/stan/work/DA1468x_DA15xxx_SDK_1.0.14.1081/DA1468x_DA15xxx_SDK_1.0.14.1081/sdk/interfaces/ble_services/src/uds.c
 
Building file: /Users/stan/work/DA1468x_DA15xxx_SDK_1.0.14.1081/DA1468x_DA15xxx_SDK_1.0.14.1081/sdk/interfaces/ble_services/src/wss.c
Invoking: Cross ARM C Compiler
Finished building: /Users/stan/work/DA1468x_DA15xxx_SDK_1.0.14.1081/DA1468x_DA15xxx_SDK_1.0.14.1081/sdk/interfaces/ble_services/src/wss.c
 
Building file: /Users/stan/work/DA1468x_DA15xxx_SDK_1.0.14.1081/DA1468x_DA15xxx_SDK_1.0.14.1081/sdk/interfaces/ble/src/util/list.c
Invoking: Cross ARM C Compiler
Finished building: /Users/stan/work/DA1468x_DA15xxx_SDK_1.0.14.1081/DA1468x_DA15xxx_SDK_1.0.14.1081/sdk/interfaces/ble/src/util/list.c
 
Building file: /Users/stan/work/DA1468x_DA15xxx_SDK_1.0.14.1081/DA1468x_DA15xxx_SDK_1.0.14.1081/sdk/interfaces/ble/src/util/queue.c
Invoking: Cross ARM C Compiler
Finished building: /Users/stan/work/DA1468x_DA15xxx_SDK_1.0.14.1081/DA1468x_DA15xxx_SDK_1.0.14.1081/sdk/interfaces/ble/src/util/queue.c
 
Building file: /Users/stan/work/DA1468x_DA15xxx_SDK_1.0.14.1081/DA1468x_DA15xxx_SDK_1.0.14.1081/sdk/interfaces/ble/src/stack/plf/black_orca/src/driver/rf/src/rf_ble_functions.c
Invoking: Cross ARM C Compiler
Finished building: /Users/stan/work/DA1468x_DA15xxx_SDK_1.0.14.1081/DA1468x_DA15xxx_SDK_1.0.14.1081/sdk/interfaces/ble/src/stack/plf/black_orca/src/driver/rf/src/rf_ble_functions.c
 
Building file: /Users/stan/work/DA1468x_DA15xxx_SDK_1.0.14.1081/DA1468x_DA15xxx_SDK_1.0.14.1081/sdk/interfaces/ble/src/stack/plf/black_orca/src/arch/main/ble/arch_main.c
Invoking: Cross ARM C Compiler
Finished building: /Users/stan/work/DA1468x_DA15xxx_SDK_1.0.14.1081/DA1468x_DA15xxx_SDK_1.0.14.1081/sdk/interfaces/ble/src/stack/plf/black_orca/src/arch/main/ble/arch_main.c
 
Building file: /Users/stan/work/DA1468x_DA15xxx_SDK_1.0.14.1081/DA1468x_DA15xxx_SDK_1.0.14.1081/sdk/interfaces/ble/src/stack/plf/black_orca/src/arch/main/ble/jump_table.c
Invoking: Cross ARM C Compiler
Finished building: /Users/stan/work/DA1468x_DA15xxx_SDK_1.0.14.1081/DA1468x_DA15xxx_SDK_1.0.14.1081/sdk/interfaces/ble/src/stack/plf/black_orca/src/arch/main/ble/jump_table.c
 
Building file: /Users/stan/work/DA1468x_DA15xxx_SDK_1.0.14.1081/DA1468x_DA15xxx_SDK_1.0.14.1081/sdk/interfaces/ble/src/stack/modules/rwip/src/rwip.c
Invoking: Cross ARM C Compiler
Finished building: /Users/stan/work/DA1468x_DA15xxx_SDK_1.0.14.1081/DA1468x_DA15xxx_SDK_1.0.14.1081/sdk/interfaces/ble/src/stack/modules/rwip/src/rwip.c
 
Building file: /Users/stan/work/DA1468x_DA15xxx_SDK_1.0.14.1081/DA1468x_DA15xxx_SDK_1.0.14.1081/sdk/interfaces/ble/src/stack/modules/nvds/src/nvds.c
Invoking: Cross ARM C Compiler
Finished building: /Users/stan/work/DA1468x_DA15xxx_SDK_1.0.14.1081/DA1468x_DA15xxx_SDK_1.0.14.1081/sdk/interfaces/ble/src/stack/modules/nvds/src/nvds.c
 
Building file: /Users/stan/work/DA1468x_DA15xxx_SDK_1.0.14.1081/DA1468x_DA15xxx_SDK_1.0.14.1081/sdk/interfaces/ble/src/stack/ip/ble/profiles/prf.c
Invoking: Cross ARM C Compiler
Finished building: /Users/stan/work/DA1468x_DA15xxx_SDK_1.0.14.1081/DA1468x_DA15xxx_SDK_1.0.14.1081/sdk/interfaces/ble/src/stack/ip/ble/profiles/prf.c
 
Building file: /Users/stan/work/DA1468x_DA15xxx_SDK_1.0.14.1081/DA1468x_DA15xxx_SDK_1.0.14.1081/sdk/interfaces/ble/src/stack/ip/ble/ll/src/rwble/rwble.c
Invoking: Cross ARM C Compiler
Finished building: /Users/stan/work/DA1468x_DA15xxx_SDK_1.0.14.1081/DA1468x_DA15xxx_SDK_1.0.14.1081/sdk/interfaces/ble/src/stack/ip/ble/ll/src/rwble/rwble.c
 
Building file: /Users/stan/work/DA1468x_DA15xxx_SDK_1.0.14.1081/DA1468x_DA15xxx_SDK_1.0.14.1081/sdk/interfaces/ble/src/stack/ip/ble/ll/src/rwble/window_stats.c
Invoking: Cross ARM C Compiler
Finished building: /Users/stan/work/DA1468x_DA15xxx_SDK_1.0.14.1081/DA1468x_DA15xxx_SDK_1.0.14.1081/sdk/interfaces/ble/src/stack/ip/ble/ll/src/rwble/window_stats.c
 
Building file: /Users/stan/work/DA1468x_DA15xxx_SDK_1.0.14.1081/DA1468x_DA15xxx_SDK_1.0.14.1081/sdk/interfaces/ble/src/manager/ble_mgr.c
Invoking: Cross ARM C Compiler
Finished building: /Users/stan/work/DA1468x_DA15xxx_SDK_1.0.14.1081/DA1468x_DA15xxx_SDK_1.0.14.1081/sdk/interfaces/ble/src/manager/ble_mgr.c
 
Building file: /Users/stan/work/DA1468x_DA15xxx_SDK_1.0.14.1081/DA1468x_DA15xxx_SDK_1.0.14.1081/sdk/interfaces/ble/src/manager/ble_mgr_ad_msg.c
Invoking: Cross ARM C Compiler
Finished building: /Users/stan/work/DA1468x_DA15xxx_SDK_1.0.14.1081/DA1468x_DA15xxx_SDK_1.0.14.1081/sdk/interfaces/ble/src/manager/ble_mgr_ad_msg.c
 
Building file: /Users/stan/work/DA1468x_DA15xxx_SDK_1.0.14.1081/DA1468x_DA15xxx_SDK_1.0.14.1081/sdk/interfaces/ble/src/manager/ble_mgr_cmd.c
Invoking: Cross ARM C Compiler
Finished building: /Users/stan/work/DA1468x_DA15xxx_SDK_1.0.14.1081/DA1468x_DA15xxx_SDK_1.0.14.1081/sdk/interfaces/ble/src/manager/ble_mgr_cmd.c
 
Building file: /Users/stan/work/DA1468x_DA15xxx_SDK_1.0.14.1081/DA1468x_DA15xxx_SDK_1.0.14.1081/sdk/interfaces/ble/src/manager/ble_mgr_common.c
Invoking: Cross ARM C Compiler
Finished building: /Users/stan/work/DA1468x_DA15xxx_SDK_1.0.14.1081/DA1468x_DA15xxx_SDK_1.0.14.1081/sdk/interfaces/ble/src/manager/ble_mgr_common.c
 
Building file: /Users/stan/work/DA1468x_DA15xxx_SDK_1.0.14.1081/DA1468x_DA15xxx_SDK_1.0.14.1081/sdk/interfaces/ble/src/manager/ble_mgr_gap.c
Invoking: Cross ARM C Compiler
Finished building: /Users/stan/work/DA1468x_DA15xxx_SDK_1.0.14.1081/DA1468x_DA15xxx_SDK_1.0.14.1081/sdk/interfaces/ble/src/manager/ble_mgr_gap.c
 
Building file: /Users/stan/work/DA1468x_DA15xxx_SDK_1.0.14.1081/DA1468x_DA15xxx_SDK_1.0.14.1081/sdk/interfaces/ble/src/manager/ble_mgr_gattc.c
Invoking: Cross ARM C Compiler
Finished building: /Users/stan/work/DA1468x_DA15xxx_SDK_1.0.14.1081/DA1468x_DA15xxx_SDK_1.0.14.1081/sdk/interfaces/ble/src/manager/ble_mgr_gattc.c
 
Building file: /Users/stan/work/DA1468x_DA15xxx_SDK_1.0.14.1081/DA1468x_DA15xxx_SDK_1.0.14.1081/sdk/interfaces/ble/src/manager/ble_mgr_gatts.c
Invoking: Cross ARM C Compiler
Finished building: /Users/stan/work/DA1468x_DA15xxx_SDK_1.0.14.1081/DA1468x_DA15xxx_SDK_1.0.14.1081/sdk/interfaces/ble/src/manager/ble_mgr_gatts.c
 
Building file: /Users/stan/work/DA1468x_DA15xxx_SDK_1.0.14.1081/DA1468x_DA15xxx_SDK_1.0.14.1081/sdk/interfaces/ble/src/manager/ble_mgr_gtl.c
Invoking: Cross ARM C Compiler
Finished building: /Users/stan/work/DA1468x_DA15xxx_SDK_1.0.14.1081/DA1468x_DA15xxx_SDK_1.0.14.1081/sdk/interfaces/ble/src/manager/ble_mgr_gtl.c
 
Building file: /Users/stan/work/DA1468x_DA15xxx_SDK_1.0.14.1081/DA1468x_DA15xxx_SDK_1.0.14.1081/sdk/interfaces/ble/src/manager/ble_mgr_helper.c
Invoking: Cross ARM C Compiler
Finished building: /Users/stan/work/DA1468x_DA15xxx_SDK_1.0.14.1081/DA1468x_DA15xxx_SDK_1.0.14.1081/sdk/interfaces/ble/src/manager/ble_mgr_helper.c
 
Building file: /Users/stan/work/DA1468x_DA15xxx_SDK_1.0.14.1081/DA1468x_DA15xxx_SDK_1.0.14.1081/sdk/interfaces/ble/src/manager/ble_mgr_l2cap.c
Invoking: Cross ARM C Compiler
Finished building: /Users/stan/work/DA1468x_DA15xxx_SDK_1.0.14.1081/DA1468x_DA15xxx_SDK_1.0.14.1081/sdk/interfaces/ble/src/manager/ble_mgr_l2cap.c
 
Building file: /Users/stan/work/DA1468x_DA15xxx_SDK_1.0.14.1081/DA1468x_DA15xxx_SDK_1.0.14.1081/sdk/interfaces/ble/src/manager/storage.c
Invoking: Cross ARM C Compiler
Finished building: /Users/stan/work/DA1468x_DA15xxx_SDK_1.0.14.1081/DA1468x_DA15xxx_SDK_1.0.14.1081/sdk/interfaces/ble/src/manager/storage.c
 
Building file: /Users/stan/work/DA1468x_DA15xxx_SDK_1.0.14.1081/DA1468x_DA15xxx_SDK_1.0.14.1081/sdk/interfaces/ble/src/manager/storage_flash.c
Invoking: Cross ARM C Compiler
Finished building: /Users/stan/work/DA1468x_DA15xxx_SDK_1.0.14.1081/DA1468x_DA15xxx_SDK_1.0.14.1081/sdk/interfaces/ble/src/manager/storage_flash.c
 
Building file: /Users/stan/work/DA1468x_DA15xxx_SDK_1.0.14.1081/DA1468x_DA15xxx_SDK_1.0.14.1081/sdk/interfaces/ble/src/adapter/ad_ble.c
Invoking: Cross ARM C Compiler
Finished building: /Users/stan/work/DA1468x_DA15xxx_SDK_1.0.14.1081/DA1468x_DA15xxx_SDK_1.0.14.1081/sdk/interfaces/ble/src/adapter/ad_ble.c
 
Building file: /Users/stan/work/DA1468x_DA15xxx_SDK_1.0.14.1081/DA1468x_DA15xxx_SDK_1.0.14.1081/sdk/interfaces/ble/src/adapter/ble_prod_test.c
Invoking: Cross ARM C Compiler
Finished building: /Users/stan/work/DA1468x_DA15xxx_SDK_1.0.14.1081/DA1468x_DA15xxx_SDK_1.0.14.1081/sdk/interfaces/ble/src/adapter/ble_prod_test.c
 
Building file: /Users/stan/work/DA1468x_DA15xxx_SDK_1.0.14.1081/DA1468x_DA15xxx_SDK_1.0.14.1081/sdk/interfaces/ble/src/ble_attribdb.c
Invoking: Cross ARM C Compiler
Finished building: /Users/stan/work/DA1468x_DA15xxx_SDK_1.0.14.1081/DA1468x_DA15xxx_SDK_1.0.14.1081/sdk/interfaces/ble/src/ble_attribdb.c
 
Building file: /Users/stan/work/DA1468x_DA15xxx_SDK_1.0.14.1081/DA1468x_DA15xxx_SDK_1.0.14.1081/sdk/interfaces/ble/src/ble_common.c
Invoking: Cross ARM C Compiler
Finished building: /Users/stan/work/DA1468x_DA15xxx_SDK_1.0.14.1081/DA1468x_DA15xxx_SDK_1.0.14.1081/sdk/interfaces/ble/src/ble_common.c
 
Building file: /Users/stan/work/DA1468x_DA15xxx_SDK_1.0.14.1081/DA1468x_DA15xxx_SDK_1.0.14.1081/sdk/interfaces/ble/src/ble_gap.c
Invoking: Cross ARM C Compiler
Finished building: /Users/stan/work/DA1468x_DA15xxx_SDK_1.0.14.1081/DA1468x_DA15xxx_SDK_1.0.14.1081/sdk/interfaces/ble/src/ble_gap.c
 
Building file: /Users/stan/work/DA1468x_DA15xxx_SDK_1.0.14.1081/DA1468x_DA15xxx_SDK_1.0.14.1081/sdk/interfaces/ble/src/ble_gattc.c
Invoking: Cross ARM C Compiler
Finished building: /Users/stan/work/DA1468x_DA15xxx_SDK_1.0.14.1081/DA1468x_DA15xxx_SDK_1.0.14.1081/sdk/interfaces/ble/src/ble_gattc.c
 
Building file: /Users/stan/work/DA1468x_DA15xxx_SDK_1.0.14.1081/DA1468x_DA15xxx_SDK_1.0.14.1081/sdk/interfaces/ble/src/ble_gattc_util.c
Invoking: Cross ARM C Compiler
Finished building: /Users/stan/work/DA1468x_DA15xxx_SDK_1.0.14.1081/DA1468x_DA15xxx_SDK_1.0.14.1081/sdk/interfaces/ble/src/ble_gattc_util.c
 
Building file: /Users/stan/work/DA1468x_DA15xxx_SDK_1.0.14.1081/DA1468x_DA15xxx_SDK_1.0.14.1081/sdk/interfaces/ble/src/ble_gatts.c
Invoking: Cross ARM C Compiler
Finished building: /Users/stan/work/DA1468x_DA15xxx_SDK_1.0.14.1081/DA1468x_DA15xxx_SDK_1.0.14.1081/sdk/interfaces/ble/src/ble_gatts.c
 
Building file: /Users/stan/work/DA1468x_DA15xxx_SDK_1.0.14.1081/DA1468x_DA15xxx_SDK_1.0.14.1081/sdk/interfaces/ble/src/ble_l2cap.c
Invoking: Cross ARM C Compiler
Finished building: /Users/stan/work/DA1468x_DA15xxx_SDK_1.0.14.1081/DA1468x_DA15xxx_SDK_1.0.14.1081/sdk/interfaces/ble/src/ble_l2cap.c
 
Building file: /Users/stan/work/DA1468x_DA15xxx_SDK_1.0.14.1081/DA1468x_DA15xxx_SDK_1.0.14.1081/sdk/interfaces/ble/src/ble_storage.c
Invoking: Cross ARM C Compiler
Finished building: /Users/stan/work/DA1468x_DA15xxx_SDK_1.0.14.1081/DA1468x_DA15xxx_SDK_1.0.14.1081/sdk/interfaces/ble/src/ble_storage.c
 
Building file: /Users/stan/work/DA1468x_DA15xxx_SDK_1.0.14.1081/DA1468x_DA15xxx_SDK_1.0.14.1081/sdk/interfaces/ble/src/ble_uuid.c
Invoking: Cross ARM C Compiler
Finished building: /Users/stan/work/DA1468x_DA15xxx_SDK_1.0.14.1081/DA1468x_DA15xxx_SDK_1.0.14.1081/sdk/interfaces/ble/src/ble_uuid.c
 
Building file: /Users/stan/work/DA1468x_DA15xxx_SDK_1.0.14.1081/DA1468x_DA15xxx_SDK_1.0.14.1081/sdk/bsp/adapters/src/ad_battery.c
Invoking: Cross ARM C Compiler
Finished building: /Users/stan/work/DA1468x_DA15xxx_SDK_1.0.14.1081/DA1468x_DA15xxx_SDK_1.0.14.1081/sdk/bsp/adapters/src/ad_battery.c
 
Building file: /Users/stan/work/DA1468x_DA15xxx_SDK_1.0.14.1081/DA1468x_DA15xxx_SDK_1.0.14.1081/sdk/bsp/adapters/src/ad_crypto.c
Invoking: Cross ARM C Compiler
Finished building: /Users/stan/work/DA1468x_DA15xxx_SDK_1.0.14.1081/DA1468x_DA15xxx_SDK_1.0.14.1081/sdk/bsp/adapters/src/ad_crypto.c
 
Building file: /Users/stan/work/DA1468x_DA15xxx_SDK_1.0.14.1081/DA1468x_DA15xxx_SDK_1.0.14.1081/sdk/bsp/adapters/src/ad_flash.c
Invoking: Cross ARM C Compiler
Finished building: /Users/stan/work/DA1468x_DA15xxx_SDK_1.0.14.1081/DA1468x_DA15xxx_SDK_1.0.14.1081/sdk/bsp/adapters/src/ad_flash.c
 
Building file: /Users/stan/work/DA1468x_DA15xxx_SDK_1.0.14.1081/DA1468x_DA15xxx_SDK_1.0.14.1081/sdk/bsp/adapters/src/ad_gpadc.c
Invoking: Cross ARM C Compiler
Finished building: /Users/stan/work/DA1468x_DA15xxx_SDK_1.0.14.1081/DA1468x_DA15xxx_SDK_1.0.14.1081/sdk/bsp/adapters/src/ad_gpadc.c
 
Building file: /Users/stan/work/DA1468x_DA15xxx_SDK_1.0.14.1081/DA1468x_DA15xxx_SDK_1.0.14.1081/sdk/bsp/adapters/src/ad_i2c.c
Invoking: Cross ARM C Compiler
Finished building: /Users/stan/work/DA1468x_DA15xxx_SDK_1.0.14.1081/DA1468x_DA15xxx_SDK_1.0.14.1081/sdk/bsp/adapters/src/ad_i2c.c
 
Building file: /Users/stan/work/DA1468x_DA15xxx_SDK_1.0.14.1081/DA1468x_DA15xxx_SDK_1.0.14.1081/sdk/bsp/adapters/src/ad_keyboard_scanner.c
Invoking: Cross ARM C Compiler
Finished building: /Users/stan/work/DA1468x_DA15xxx_SDK_1.0.14.1081/DA1468x_DA15xxx_SDK_1.0.14.1081/sdk/bsp/adapters/src/ad_keyboard_scanner.c
 
Building file: /Users/stan/work/DA1468x_DA15xxx_SDK_1.0.14.1081/DA1468x_DA15xxx_SDK_1.0.14.1081/sdk/bsp/adapters/src/ad_nvms.c
Invoking: Cross ARM C Compiler
Finished building: /Users/stan/work/DA1468x_DA15xxx_SDK_1.0.14.1081/DA1468x_DA15xxx_SDK_1.0.14.1081/sdk/bsp/adapters/src/ad_nvms.c
 
Building file: /Users/stan/work/DA1468x_DA15xxx_SDK_1.0.14.1081/DA1468x_DA15xxx_SDK_1.0.14.1081/sdk/bsp/adapters/src/ad_nvms_direct.c
Invoking: Cross ARM C Compiler
Finished building: /Users/stan/work/DA1468x_DA15xxx_SDK_1.0.14.1081/DA1468x_DA15xxx_SDK_1.0.14.1081/sdk/bsp/adapters/src/ad_nvms_direct.c
 
Building file: /Users/stan/work/DA1468x_DA15xxx_SDK_1.0.14.1081/DA1468x_DA15xxx_SDK_1.0.14.1081/sdk/bsp/adapters/src/ad_nvms_ves.c
Invoking: Cross ARM C Compiler
Finished building: /Users/stan/work/DA1468x_DA15xxx_SDK_1.0.14.1081/DA1468x_DA15xxx_SDK_1.0.14.1081/sdk/bsp/adapters/src/ad_nvms_ves.c
 
Building file: /Users/stan/work/DA1468x_DA15xxx_SDK_1.0.14.1081/DA1468x_DA15xxx_SDK_1.0.14.1081/sdk/bsp/adapters/src/ad_nvparam.c
Invoking: Cross ARM C Compiler
Finished building: /Users/stan/work/DA1468x_DA15xxx_SDK_1.0.14.1081/DA1468x_DA15xxx_SDK_1.0.14.1081/sdk/bsp/adapters/src/ad_nvparam.c
 
Building file: /Users/stan/work/DA1468x_DA15xxx_SDK_1.0.14.1081/DA1468x_DA15xxx_SDK_1.0.14.1081/sdk/bsp/adapters/src/ad_rf.c
Invoking: Cross ARM C Compiler
Finished building: /Users/stan/work/DA1468x_DA15xxx_SDK_1.0.14.1081/DA1468x_DA15xxx_SDK_1.0.14.1081/sdk/bsp/adapters/src/ad_rf.c
 
Building file: /Users/stan/work/DA1468x_DA15xxx_SDK_1.0.14.1081/DA1468x_DA15xxx_SDK_1.0.14.1081/sdk/bsp/adapters/src/ad_spi.c
Invoking: Cross ARM C Compiler
Finished building: /Users/stan/work/DA1468x_DA15xxx_SDK_1.0.14.1081/DA1468x_DA15xxx_SDK_1.0.14.1081/sdk/bsp/adapters/src/ad_spi.c
 
Building file: /Users/stan/work/DA1468x_DA15xxx_SDK_1.0.14.1081/DA1468x_DA15xxx_SDK_1.0.14.1081/sdk/bsp/adapters/src/ad_temp_sens.c
Invoking: Cross ARM C Compiler
Finished building: /Users/stan/work/DA1468x_DA15xxx_SDK_1.0.14.1081/DA1468x_DA15xxx_SDK_1.0.14.1081/sdk/bsp/adapters/src/ad_temp_sens.c
 
Building file: /Users/stan/work/DA1468x_DA15xxx_SDK_1.0.14.1081/DA1468x_DA15xxx_SDK_1.0.14.1081/sdk/bsp/adapters/src/ad_uart.c
Invoking: Cross ARM C Compiler
Finished building: /Users/stan/work/DA1468x_DA15xxx_SDK_1.0.14.1081/DA1468x_DA15xxx_SDK_1.0.14.1081/sdk/bsp/adapters/src/ad_uart.c
 
Building file: /Users/stan/work/DA1468x_DA15xxx_SDK_1.0.14.1081/DA1468x_DA15xxx_SDK_1.0.14.1081/sdk/bsp/free_rtos/portable/MemMang/heap_4.c
Invoking: Cross ARM C Compiler
Finished building: /Users/stan/work/DA1468x_DA15xxx_SDK_1.0.14.1081/DA1468x_DA15xxx_SDK_1.0.14.1081/sdk/bsp/free_rtos/portable/MemMang/heap_4.c
 
Building file: /Users/stan/work/DA1468x_DA15xxx_SDK_1.0.14.1081/DA1468x_DA15xxx_SDK_1.0.14.1081/sdk/bsp/free_rtos/portable/GCC/ARM_CM0/port.c
Invoking: Cross ARM C Compiler
Finished building: /Users/stan/work/DA1468x_DA15xxx_SDK_1.0.14.1081/DA1468x_DA15xxx_SDK_1.0.14.1081/sdk/bsp/free_rtos/portable/GCC/ARM_CM0/port.c
 
Building file: /Users/stan/work/DA1468x_DA15xxx_SDK_1.0.14.1081/DA1468x_DA15xxx_SDK_1.0.14.1081/sdk/bsp/free_rtos/croutine.c
Invoking: Cross ARM C Compiler
Finished building: /Users/stan/work/DA1468x_DA15xxx_SDK_1.0.14.1081/DA1468x_DA15xxx_SDK_1.0.14.1081/sdk/bsp/free_rtos/croutine.c
 
Building file: /Users/stan/work/DA1468x_DA15xxx_SDK_1.0.14.1081/DA1468x_DA15xxx_SDK_1.0.14.1081/sdk/bsp/free_rtos/event_groups.c
Invoking: Cross ARM C Compiler
Finished building: /Users/stan/work/DA1468x_DA15xxx_SDK_1.0.14.1081/DA1468x_DA15xxx_SDK_1.0.14.1081/sdk/bsp/free_rtos/event_groups.c
 
Building file: /Users/stan/work/DA1468x_DA15xxx_SDK_1.0.14.1081/DA1468x_DA15xxx_SDK_1.0.14.1081/sdk/bsp/free_rtos/list.c
Invoking: Cross ARM C Compiler
Finished building: /Users/stan/work/DA1468x_DA15xxx_SDK_1.0.14.1081/DA1468x_DA15xxx_SDK_1.0.14.1081/sdk/bsp/free_rtos/list.c
 
Building file: /Users/stan/work/DA1468x_DA15xxx_SDK_1.0.14.1081/DA1468x_DA15xxx_SDK_1.0.14.1081/sdk/bsp/free_rtos/queue.c
Invoking: Cross ARM C Compiler
Finished building: /Users/stan/work/DA1468x_DA15xxx_SDK_1.0.14.1081/DA1468x_DA15xxx_SDK_1.0.14.1081/sdk/bsp/free_rtos/queue.c
 
Building file: /Users/stan/work/DA1468x_DA15xxx_SDK_1.0.14.1081/DA1468x_DA15xxx_SDK_1.0.14.1081/sdk/bsp/free_rtos/tasks.c
Invoking: Cross ARM C Compiler
Finished building: /Users/stan/work/DA1468x_DA15xxx_SDK_1.0.14.1081/DA1468x_DA15xxx_SDK_1.0.14.1081/sdk/bsp/free_rtos/tasks.c
 
Building file: /Users/stan/work/DA1468x_DA15xxx_SDK_1.0.14.1081/DA1468x_DA15xxx_SDK_1.0.14.1081/sdk/bsp/free_rtos/timers.c
Invoking: Cross ARM C Compiler
Finished building: /Users/stan/work/DA1468x_DA15xxx_SDK_1.0.14.1081/DA1468x_DA15xxx_SDK_1.0.14.1081/sdk/bsp/free_rtos/timers.c
 
Building file: ../ble_peripheral_task.c
Invoking: Cross ARM C Compiler
Finished building: ../ble_peripheral_task.c
 
Building file: ../main.c
Invoking: Cross ARM C Compiler
Finished building: ../main.c
 
Building target: ble_peripheral.elf
Invoking: Cross ARM C Linker
Finished building target: ble_peripheral.elf
 
Invoking: Cross ARM GNU Create Flash Image
Finished building: ble_peripheral.bin
 
Invoking: Cross ARM GNU Print Size
   text	   data	    bss	    dec	    hex	filename
  90132	    100	  24552	 114784	  1c060	ble_peripheral.elf
Finished building: ble_peripheral.siz
 
Generate linker scripts.
 

11:31:54 Build Finished. 0 errors, 0 warnings. (took 25s.82ms)

11:47:35 **** Incremental Build of configuration DA14681-01-Debug_QSPI for project ble_peripheral ****
make --silent all 
Generate linker scripts.
 
Invoking: Cross ARM GNU Print Size
   text	   data	    bss	    dec	    hex	filename
  90132	    100	  24552	 114784	  1c060	ble_peripheral.elf
Finished building: ble_peripheral.siz
 
Generate linker scripts.
 
11:48:12 **** Incremental Build of configuration DA14681-01-Debug_QSPI for project ble_peripheral ****
make --silent all 
Generate linker scripts.
 
Invoking: Cross ARM GNU Print Size
   text	   data	    bss	    dec	    hex	filename
  90132	    100	  24552	 114784	  1c060	ble_peripheral.elf
Finished building: ble_peripheral.siz
 
Generate linker scripts.
 
11:48:24 **** Incremental Build of configuration DA14681-01-Debug_QSPI for project ble_peripheral ****
make --silent all 
Generate linker scripts.
 
Invoking: Cross ARM GNU Print Size
   text	   data	    bss	    dec	    hex	filename
  90132	    100	  24552	 114784	  1c060	ble_peripheral.elf
Finished building: ble_peripheral.siz
 
Generate linker scripts.
 
11:49:23 **** Incremental Build of configuration DA14681-01-Debug_QSPI for project ble_peripheral ****
make --silent all 
Generate linker scripts.
 
Invoking: Cross ARM GNU Print Size
   text	   data	    bss	    dec	    hex	filename
  90132	    100	  24552	 114784	  1c060	ble_peripheral.elf
Finished building: ble_peripheral.siz
 
Generate linker scripts.
 
11:51:03 **** Incremental Build of configuration DA14681-01-Debug_QSPI for project ble_peripheral ****
make --silent all 
Generate linker scripts.
 
Invoking: Cross ARM GNU Print Size
   text	   data	    bss	    dec	    hex	filename
  90132	    100	  24552	 114784	  1c060	ble_peripheral.elf
Finished building: ble_peripheral.siz
 
Generate linker scripts.
 
11:51:38 **** Incremental Build of configuration DA14681-01-Debug_QSPI for project ble_peripheral ****
make --silent all 
Generate linker scripts.
 
Invoking: Cross ARM GNU Print Size
   text	   data	    bss	    dec	    hex	filename
  90132	    100	  24552	 114784	  1c060	ble_peripheral.elf
Finished building: ble_peripheral.siz
 
Generate linker scripts.
 
